Component: ARM Compiler 5.06 update 6 (build 750) Tool: armlink [4d35ed]

==============================================================================

Small function inlining results

Inlined function __aeabi_idiv0 from aeabi_idiv0.o at offset 0x154 in aeabi_sdiv.o(.text).
Inlined Instruction: BX       lr
Inlined function __aeabi_idiv0 from aeabi_idiv0.o at offset 0x154 in aeabi_sdiv_div0.o(.text).
Inlined Instruction: BX       lr
Inlined function __ieee_status from ieee_status.o at offset 0x1c in _printf_fp_dec.o(.text).
Inlined Instruction: MOVS     r0,#0
Inlined function _platform_pre_stackheap_init from boardinit1.o at offset 0x0 in __rtentry2.o(.ARM.Collect$$rtentry$$00000001).
Inlined Instruction: BX       lr
Inlined function __ieee_status from ieee_status.o at offset 0x1fc in btod.o(.text).
Inlined Instruction: MOVS     r0,#0
Inlined function __ieee_status from ieee_status.o at offset 0x210 in btod.o(.text).
Inlined Instruction: MOVS     r0,#0
Inlined function __ieee_status from ieee_status.o at offset 0x400 in btod.o(.text).
Inlined Instruction: MOVS     r0,#0
Inlined function __ieee_status from ieee_status.o at offset 0x412 in btod.o(.text).
Inlined Instruction: MOVS     r0,#0
Inlined function __ieee_status from ieee_status.o at offset 0x4aa in btod.o(.text).
Inlined Instruction: MOVS     r0,#0
Inlined function __ieee_status from ieee_status.o at offset 0x4b6 in btod.o(.text).
Inlined Instruction: MOVS     r0,#0
Inlined function __ieee_status from ieee_status.o at offset 0x554 in btod.o(.text).
Inlined Instruction: MOVS     r0,#0
Inlined function __ieee_status from ieee_status.o at offset 0x560 in btod.o(.text).
Inlined Instruction: MOVS     r0,#0
Inlined function _fp_init from fpinit.o at offset 0x0 in libinit2.o(.ARM.Collect$$libinit$$00000001).
Inlined Instruction: BX       lr
Inlined function __ARM_get_argv from no_argv.o at offset 0x2 in argv_veneer.o(.text).
Inlined Instruction: BX       lr
Inlined function _platform_pre_lib_shutdown from boardshut.o at offset 0x0 in rtexit2.o(.ARM.Collect$$rtexit$$00000001).
Inlined Instruction: BX       lr
Inlined total of 15 calls.

==============================================================================

Memory Map of the image

  Image Entry point : 0x0000018d

  Load Region LR_1 (Base: 0x00000000, Size: 0x00005114, Max: 0xffffffff, ABSOLUTE)

    Execution Region ER_RO (Exec base: 0x00000000, Load base: 0x00000000, Size: 0x00004a4c, Max: 0xffffffff, ABSOLUTE)

    Exec Addr    Load Addr    Size         Type   Attr      Idx    E Section Name        Object

    0x00000000   0x00000000   0x000000c0   Data   RO            3    RESET               startup_nuc1xx.o
    0x000000c0   0x000000c0   0x00000008   Code   RO         1698  * !!!main             c_p.l(__main.o)
    0x000000c8   0x000000c8   0x0000003c   Code   RO         1915    !!!scatter          c_p.l(__scatter.o)
    0x00000104   0x00000104   0x0000001a   Code   RO         1917    !!handler_copy      c_p.l(__scatter_copy.o)
    0x0000011e   0x0000011e   0x00000002   PAD
    0x00000120   0x00000120   0x0000001c   Code   RO         1919    !!handler_zi        c_p.l(__scatter_zi.o)
    0x0000013c   0x0000013c   0x00000002   Code   RO         1691    .ARM.Collect$$_printf_percent$$00000000  c_p.l(_printf_percent.o)
    0x0000013e   0x0000013e   0x0000000a   Code   RO         1690    .ARM.Collect$$_printf_percent$$00000003  c_p.l(_printf_f.o)
    0x00000148   0x00000148   0x0000000a   Code   RO         1689    .ARM.Collect$$_printf_percent$$00000009  c_p.l(_printf_d.o)
    0x00000152   0x00000152   0x00000004   Code   RO         1722    .ARM.Collect$$_printf_percent$$00000017  c_p.l(_printf_percent_end.o)
    0x00000156   0x00000156   0x00000002   Code   RO         1787    .ARM.Collect$$libinit$$00000000  c_p.l(libinit.o)
    0x00000158   0x00000158   0x00000000   Code   RO         1789    .ARM.Collect$$libinit$$00000002  c_p.l(libinit2.o)
    0x00000158   0x00000158   0x00000000   Code   RO         1791    .ARM.Collect$$libinit$$00000004  c_p.l(libinit2.o)
    0x00000158   0x00000158   0x00000000   Code   RO         1794    .ARM.Collect$$libinit$$0000000A  c_p.l(libinit2.o)
    0x00000158   0x00000158   0x00000000   Code   RO         1796    .ARM.Collect$$libinit$$0000000C  c_p.l(libinit2.o)
    0x00000158   0x00000158   0x00000000   Code   RO         1798    .ARM.Collect$$libinit$$0000000E  c_p.l(libinit2.o)
    0x00000158   0x00000158   0x00000006   Code   RO         1799    .ARM.Collect$$libinit$$0000000F  c_p.l(libinit2.o)
    0x0000015e   0x0000015e   0x00000000   Code   RO         1801    .ARM.Collect$$libinit$$00000011  c_p.l(libinit2.o)
    0x0000015e   0x0000015e   0x00000000   Code   RO         1803    .ARM.Collect$$libinit$$00000013  c_p.l(libinit2.o)
    0x0000015e   0x0000015e   0x00000000   Code   RO         1805    .ARM.Collect$$libinit$$00000015  c_p.l(libinit2.o)
    0x0000015e   0x0000015e   0x0000000a   Code   RO         1806    .ARM.Collect$$libinit$$00000016  c_p.l(libinit2.o)
    0x00000168   0x00000168   0x00000000   Code   RO         1807    .ARM.Collect$$libinit$$00000017  c_p.l(libinit2.o)
    0x00000168   0x00000168   0x00000000   Code   RO         1809    .ARM.Collect$$libinit$$00000019  c_p.l(libinit2.o)
    0x00000168   0x00000168   0x00000000   Code   RO         1811    .ARM.Collect$$libinit$$0000001B  c_p.l(libinit2.o)
    0x00000168   0x00000168   0x00000000   Code   RO         1813    .ARM.Collect$$libinit$$0000001D  c_p.l(libinit2.o)
    0x00000168   0x00000168   0x00000000   Code   RO         1815    .ARM.Collect$$libinit$$0000001F  c_p.l(libinit2.o)
    0x00000168   0x00000168   0x00000000   Code   RO         1817    .ARM.Collect$$libinit$$00000021  c_p.l(libinit2.o)
    0x00000168   0x00000168   0x00000000   Code   RO         1819    .ARM.Collect$$libinit$$00000023  c_p.l(libinit2.o)
    0x00000168   0x00000168   0x00000000   Code   RO         1821    .ARM.Collect$$libinit$$00000025  c_p.l(libinit2.o)
    0x00000168   0x00000168   0x00000000   Code   RO         1825    .ARM.Collect$$libinit$$0000002C  c_p.l(libinit2.o)
    0x00000168   0x00000168   0x00000000   Code   RO         1827    .ARM.Collect$$libinit$$0000002E  c_p.l(libinit2.o)
    0x00000168   0x00000168   0x00000000   Code   RO         1829    .ARM.Collect$$libinit$$00000030  c_p.l(libinit2.o)
    0x00000168   0x00000168   0x00000000   Code   RO         1831    .ARM.Collect$$libinit$$00000032  c_p.l(libinit2.o)
    0x00000168   0x00000168   0x00000002   Code   RO         1832    .ARM.Collect$$libinit$$00000033  c_p.l(libinit2.o)
    0x0000016a   0x0000016a   0x00000002   Code   RO         1880    .ARM.Collect$$libshutdown$$00000000  c_p.l(libshutdown.o)
    0x0000016c   0x0000016c   0x00000000   Code   RO         1898    .ARM.Collect$$libshutdown$$00000002  c_p.l(libshutdown2.o)
    0x0000016c   0x0000016c   0x00000000   Code   RO         1900    .ARM.Collect$$libshutdown$$00000004  c_p.l(libshutdown2.o)
    0x0000016c   0x0000016c   0x00000000   Code   RO         1903    .ARM.Collect$$libshutdown$$00000007  c_p.l(libshutdown2.o)
    0x0000016c   0x0000016c   0x00000000   Code   RO         1906    .ARM.Collect$$libshutdown$$0000000A  c_p.l(libshutdown2.o)
    0x0000016c   0x0000016c   0x00000000   Code   RO         1908    .ARM.Collect$$libshutdown$$0000000C  c_p.l(libshutdown2.o)
    0x0000016c   0x0000016c   0x00000000   Code   RO         1911    .ARM.Collect$$libshutdown$$0000000F  c_p.l(libshutdown2.o)
    0x0000016c   0x0000016c   0x00000002   Code   RO         1912    .ARM.Collect$$libshutdown$$00000010  c_p.l(libshutdown2.o)
    0x0000016e   0x0000016e   0x00000000   Code   RO         1709    .ARM.Collect$$rtentry$$00000000  c_p.l(__rtentry.o)
    0x0000016e   0x0000016e   0x00000000   Code   RO         1727    .ARM.Collect$$rtentry$$00000002  c_p.l(__rtentry2.o)
    0x0000016e   0x0000016e   0x00000006   Code   RO         1739    .ARM.Collect$$rtentry$$00000004  c_p.l(__rtentry4.o)
    0x00000174   0x00000174   0x00000000   Code   RO         1729    .ARM.Collect$$rtentry$$00000009  c_p.l(__rtentry2.o)
    0x00000174   0x00000174   0x00000004   Code   RO         1730    .ARM.Collect$$rtentry$$0000000A  c_p.l(__rtentry2.o)
    0x00000178   0x00000178   0x00000000   Code   RO         1732    .ARM.Collect$$rtentry$$0000000C  c_p.l(__rtentry2.o)
    0x00000178   0x00000178   0x00000008   Code   RO         1733    .ARM.Collect$$rtentry$$0000000D  c_p.l(__rtentry2.o)
    0x00000180   0x00000180   0x00000002   Code   RO         1834    .ARM.Collect$$rtexit$$00000000  c_p.l(rtexit.o)
    0x00000182   0x00000182   0x00000000   Code   RO         1849    .ARM.Collect$$rtexit$$00000002  c_p.l(rtexit2.o)
    0x00000182   0x00000182   0x00000004   Code   RO         1850    .ARM.Collect$$rtexit$$00000003  c_p.l(rtexit2.o)
    0x00000186   0x00000186   0x00000006   Code   RO         1851    .ARM.Collect$$rtexit$$00000004  c_p.l(rtexit2.o)
    0x0000018c   0x0000018c   0x00000064   Code   RO            4  * .text               startup_nuc1xx.o
    0x000001f0   0x000001f0   0x00000028   Code   RO         1661    .text               c_p.l(noretval__2sprintf.o)
    0x00000218   0x00000218   0x0000004e   Code   RO         1665    .text               c_p.l(_printf_pad.o)
    0x00000266   0x00000266   0x00000002   PAD
    0x00000268   0x00000268   0x0000006c   Code   RO         1667    .text               c_p.l(_printf_dec.o)
    0x000002d4   0x000002d4   0x00000160   Code   RO         1684    .text               c_p.l(__printf_ss_wp.o)
    0x00000434   0x00000434   0x0000015a   Code   RO         1692    .text               c_p.l(aeabi_sdiv.o)
    0x0000058e   0x0000058e   0x00000006   Code   RO         1696    .text               c_p.l(heapauxi.o)
    0x00000594   0x00000594   0x00000448   Code   RO         1700    .text               fz_ps.l(ddiv.o)
    0x000009dc   0x000009dc   0x00000058   Code   RO         1703    .text               fz_ps.l(dflti.o)
    0x00000a34   0x00000a34   0x00000248   Code   RO         1705    .text               fz_ps.l(dmul.o)
    0x00000c7c   0x00000c7c   0x000000b0   Code   RO         1714    .text               c_p.l(_printf_intcommon.o)
    0x00000d2c   0x00000d2c   0x00000418   Code   RO         1716    .text               c_p.l(_printf_fp_dec.o)
    0x00001144   0x00001144   0x00000030   Code   RO         1718    .text               c_p.l(_printf_char_common.o)
    0x00001174   0x00001174   0x0000000a   Code   RO         1720    .text               c_p.l(_sputc.o)
    0x0000117e   0x0000117e   0x00000028   Code   RO         1723    .text               c_p.l(rtudiv10.o)
    0x000011a6   0x000011a6   0x00000002   PAD
    0x000011a8   0x000011a8   0x00000008   Code   RO         1746    .text               c_p.l(rt_locale_intlibspace.o)
    0x000011b0   0x000011b0   0x0000007a   Code   RO         1748    .text               c_p.l(lludiv10.o)
    0x0000122a   0x0000122a   0x00000002   PAD
    0x0000122c   0x0000122c   0x00000088   Code   RO         1750    .text               c_p.l(_printf_fp_infnan.o)
    0x000012b4   0x000012b4   0x000000d8   Code   RO         1754    .text               c_p.l(bigflt0.o)
    0x0000138c   0x0000138c   0x00000580   Code   RO         1757    .text               c_p.l(btod.o)
    0x0000190c   0x0000190c   0x00000008   Code   RO         1768    .text               c_p.l(libspace.o)
    0x00001914   0x00001914   0x0000003e   Code   RO         1771    .text               c_p.l(sys_stackheap_outer.o)
    0x00001952   0x00001952   0x00000010   Code   RO         1774    .text               c_p.l(exit.o)
    0x00001962   0x00001962   0x00000002   PAD
    0x00001964   0x00001964   0x00000088   Code   RO         1780    .text               c_p.l(strcmp.o)
    0x000019ec   0x000019ec   0x0000000c   Code   RO         1846    .text               c_p.l(sys_exit.o)
    0x000019f8   0x000019f8   0x00000002   Code   RO         1867    .text               c_p.l(use_no_semi.o)
    0x000019fa   0x000019fa   0x00000000   Code   RO         1869    .text               c_p.l(indicate_semi.o)
    0x000019fa   0x000019fa   0x00000002   PAD
    0x000019fc   0x000019fc   0x0000009c   Code   RO          619    i.ADC_IRQHandler    drvadc.o
    0x00001a98   0x00001a98   0x00000028   Code   RO          312    i.BOD_IRQHandler    drvsys.o
    0x00001ac0   0x00001ac0   0x00000046   Code   RO         1165    i.CalTimerInitValue  drvtimer.o
    0x00001b06   0x00001b06   0x00000002   PAD
    0x00001b08   0x00001b08   0x0000002c   Code   RO           61    i.DrvGPIO_ClrBit    drvgpio.o
    0x00001b34   0x00001b34   0x00000098   Code   RO           71    i.DrvGPIO_EnableEINT0  drvgpio.o
    0x00001bcc   0x00001bcc   0x0000002c   Code   RO           74    i.DrvGPIO_GetBit    drvgpio.o
    0x00001bf8   0x00001bf8   0x00000758   Code   RO           83    i.DrvGPIO_InitFunction  drvgpio.o
    0x00002350   0x00002350   0x00000088   Code   RO           84    i.DrvGPIO_Open      drvgpio.o
    0x000023d8   0x000023d8   0x0000002c   Code   RO           85    i.DrvGPIO_SetBit    drvgpio.o
    0x00002404   0x00002404   0x00000260   Code   RO          861    i.DrvPWM_Enable     drvpwm.o
    0x00002664   0x00002664   0x00000038   Code   RO          871    i.DrvPWM_Open       drvpwm.o
    0x0000269c   0x0000269c   0x00000084   Code   RO          873    i.DrvPWM_SelectClockSource  drvpwm.o
    0x00002720   0x00002720   0x00000818   Code   RO          874    i.DrvPWM_SetTimerClk  drvpwm.o
    0x00002f38   0x00002f38   0x000000d4   Code   RO          876    i.DrvPWM_SetTimerIO  drvpwm.o
    0x0000300c   0x0000300c   0x00000008   Code   RO          330    i.DrvSYS_GetExtClockFreq  drvsys.o
    0x00003014   0x00003014   0x00000070   Code   RO          331    i.DrvSYS_GetHCLKFreq  drvsys.o
    0x00003084   0x00003084   0x00000078   Code   RO          332    i.DrvSYS_GetPLLClockFreq  drvsys.o
    0x000030fc   0x000030fc   0x00000160   Code   RO          345    i.DrvSYS_SelectIPClockSource  drvsys.o
    0x0000325c   0x0000325c   0x00000064   Code   RO         1167    i.DrvTIMER_ClearIntFlag  drvtimer.o
    0x000032c0   0x000032c0   0x0000005c   Code   RO         1181    i.DrvTIMER_EnableInt  drvtimer.o
    0x0000331c   0x0000331c   0x00000024   Code   RO         1188    i.DrvTIMER_Init     drvtimer.o
    0x00003340   0x00003340   0x000002f4   Code   RO         1189    i.DrvTIMER_Open     drvtimer.o
    0x00003634   0x00003634   0x00000258   Code   RO         1196    i.DrvTIMER_SetTimerEvent  drvtimer.o
    0x0000388c   0x0000388c   0x00000044   Code   RO         1197    i.DrvTIMER_Start    drvtimer.o
    0x000038d0   0x000038d0   0x00000010   Code   RO         1459    i.EINT0_Callback    tutorial.o
    0x000038e0   0x000038e0   0x00000024   Code   RO           91    i.EINT0_IRQHandler  drvgpio.o
    0x00003904   0x00003904   0x00000024   Code   RO           92    i.EINT1_IRQHandler  drvgpio.o
    0x00003928   0x00003928   0x00000044   Code   RO           93    i.GPAB_IRQHandler   drvgpio.o
    0x0000396c   0x0000396c   0x0000004c   Code   RO           94    i.GPCDE_IRQHandler  drvgpio.o
    0x000039b8   0x000039b8   0x00000080   Code   RO         1203    i.GetTimerClock     drvtimer.o
    0x00003a38   0x00003a38   0x00000218   Code   RO         1591    i.Initial_panel     lcd_driver.o
    0x00003c50   0x00003c50   0x00000014   Code   RO           96    i.NVIC_EnableIRQ    drvgpio.o
    0x00003c64   0x00003c64   0x00000014   Code   RO         1205    i.NVIC_EnableIRQ    drvtimer.o
    0x00003c78   0x00003c78   0x00000078   Code   RO           97    i.NVIC_SetPriority  drvgpio.o
    0x00003cf0   0x00003cf0   0x00000078   Code   RO         1206    i.NVIC_SetPriority  drvtimer.o
    0x00003d68   0x00003d68   0x0000001a   Code   RO         1525    i.OpenKeyPad        scankey.o
    0x00003d82   0x00003d82   0x00000002   PAD
    0x00003d84   0x00003d84   0x0000017c   Code   RO          880    i.PWMA_IRQHandler   drvpwm.o
    0x00003f00   0x00003f00   0x0000017c   Code   RO          881    i.PWMB_IRQHandler   drvpwm.o
    0x0000407c   0x0000407c   0x00000028   Code   RO          360    i.PWRWU_IRQHandler  drvsys.o
    0x000040a4   0x000040a4   0x00000084   Code   RO         1526    i.Scankey           scankey.o
    0x00004128   0x00004128   0x000000f4   Code   RO         1592    i.SetPACA           lcd_driver.o
    0x0000421c   0x0000421c   0x00000078   Code   RO         1593    i.Show_Word         lcd_driver.o
    0x00004294   0x00004294   0x00000002   Code   RO           25    i.SystemInit        system_nuc1xx.o
    0x00004296   0x00004296   0x00000002   PAD
    0x00004298   0x00004298   0x00000058   Code   RO         1460    i.TMR0_Callback     tutorial.o
    0x000042f0   0x000042f0   0x0000009c   Code   RO         1207    i.TMR0_IRQHandler   drvtimer.o
    0x0000438c   0x0000438c   0x0000009c   Code   RO         1208    i.TMR1_IRQHandler   drvtimer.o
    0x00004428   0x00004428   0x0000009c   Code   RO         1209    i.TMR2_IRQHandler   drvtimer.o
    0x000044c4   0x000044c4   0x0000009c   Code   RO         1210    i.TMR3_IRQHandler   drvtimer.o
    0x00004560   0x00004560   0x0000003c   Code   RO         1039    i.UART02_IRQHandler  drvuart.o
    0x0000459c   0x0000459c   0x00000020   Code   RO         1040    i.UART1_IRQHandler  drvuart.o
    0x000045bc   0x000045bc   0x00000034   Code   RO         1211    i.WDT_IRQHandler    drvtimer.o
    0x000045f0   0x000045f0   0x00000058   Code   RO         1595    i.WriteData         lcd_driver.o
    0x00004648   0x00004648   0x00000030   Code   RO         1759    i.__ARM_common_ll_muluu  c_p.l(btod.o)
    0x00004678   0x00004678   0x0000001c   Code   RO          290    i.__ARM_common_switch8  drvgpio.o
    0x00004694   0x00004694   0x0000002c   Code   RO         1766    i.__ARM_fpclassify  m_ps.l(fpclassify.o)
    0x000046c0   0x000046c0   0x0000000e   Code   RO         1679    i._is_digit         c_p.l(__printf_wp.o)
    0x000046ce   0x000046ce   0x00000002   PAD
    0x000046d0   0x000046d0   0x0000005c   Code   RO         1461    i.adjustDutyCycle   tutorial.o
    0x0000472c   0x0000472c   0x00000028   Code   RO         1596    i.clr_all_panel     lcd_driver.o
    0x00004754   0x00004754   0x00000010   Code   RO         1527    i.delay             scankey.o
    0x00004764   0x00004764   0x00000048   Code   RO         1462    i.heartbeat         tutorial.o
    0x000047ac   0x000047ac   0x000000c8   Code   RO         1463    i.main              tutorial.o
    0x00004874   0x00004874   0x00000028   Code   RO         1597    i.print_lcd         lcd_driver.o
    0x0000489c   0x0000489c   0x0000002c   Code   RO         1762    locale$$code        c_p.l(lc_numeric_c.o)
    0x000048c8   0x000048c8   0x00000010   Code   RO         1707    x$fpl$printf1       fz_ps.l(printf1.o)
    0x000048d8   0x000048d8   0x00000000   Code   RO         1725    x$fpl$usenofp       fz_ps.l(usenofp.o)
    0x000048d8   0x000048d8   0x00000010   Data   RO          361    .constdata          drvsys.o
    0x000048e8   0x000048e8   0x00000010   Data   RO         1213    .constdata          drvtimer.o
    0x000048f8   0x000048f8   0x00000004   Data   RO         1528    .constdata          scankey.o
    0x000048fc   0x000048fc   0x00000080   Data   RO         1701    .constdata          fz_ps.l(ddiv.o)
    0x0000497c   0x0000497c   0x00000094   Data   RO         1755    .constdata          c_p.l(bigflt0.o)
    0x00004a10   0x00004a10   0x00000020   Data   RO         1913    Region$$Table       anon$$obj.o
    0x00004a30   0x00004a30   0x0000001c   Data   RO         1761    locale$$data        c_p.l(lc_numeric_c.o)


    Execution Region ER_RW (Exec base: 0x20000000, Load base: 0x00004a4c, Size: 0x000006c8, Max: 0xffffffff, ABSOLUTE)

    Exec Addr    Load Addr    Size         Type   Attr      Idx    E Section Name        Object

    0x20000000   0x00004a4c   0x0000001c   Data   RW           26    .data               system_nuc1xx.o
    0x2000001c   0x00004a68   0x00000010   Data   RW           98    .data               drvgpio.o
    0x2000002c   0x00004a78   0x00000008   Data   RW          362    .data               drvsys.o
    0x20000034   0x00004a80   0x0000000c   Data   RW          657    .data               drvadc.o
    0x20000040   0x00004a8c   0x00000004   Data   RW          883    .data               drvpwm.o
    0x20000044   0x00004a90   0x0000000c   Data   RW         1041    .data               drvuart.o
    0x20000050   0x00004a9c   0x00000068   Data   RW         1214    .data               drvtimer.o
    0x200000b8   0x00004b04   0x00000010   Data   RW         1465    .data               tutorial.o
    0x200000c8   0x00004b14   0x00000010   Data   RW         1598    .data               lcd_driver.o
    0x200000d8   0x00004b24   0x000005f0   Data   RW         1651    .data               ascii_table.o


    Execution Region ER_ZI (Exec base: 0x200006c8, Load base: 0x00005114, Size: 0x00000510, Max: 0xffffffff, ABSOLUTE)

    Exec Addr    Load Addr    Size         Type   Attr      Idx    E Section Name        Object

    0x200006c8        -       0x0000000c   Zero   RW          656    .bss                drvadc.o
    0x200006d4        -       0x00000040   Zero   RW          882    .bss                drvpwm.o
    0x20000714        -       0x00000050   Zero   RW         1212    .bss                drvtimer.o
    0x20000764        -       0x00000010   Zero   RW         1464    .bss                tutorial.o
    0x20000774        -       0x00000060   Zero   RW         1769    .bss                c_p.l(libspace.o)
    0x200007d4   0x00005114   0x00000004   PAD
    0x200007d8        -       0x00000000   Zero   RW            2    HEAP                startup_nuc1xx.o
    0x200007d8        -       0x00000400   Zero   RW            1    STACK               startup_nuc1xx.o


==============================================================================

Image component sizes


      Code (inc. data)   RO Data    RW Data    ZI Data      Debug   Object Name

         0          0          0       1520          0        676   ascii_table.o
         0          0          0          0          0       4508   core_cm0.o
       156         20          0         12         12      10785   drvadc.o
      2684        182          0         16          0     138386   drvgpio.o
      3840        258          0          4         64       8962   drvpwm.o
       672         76         16          8          0       6276   drvsys.o
      2666        290         16        104         80      13536   drvtimer.o
        92         24          0         12          0       5051   drvuart.o
      1068         24          0         16          0       4593   lcd_driver.o
       174          6          4          0          0       1695   scankey.o
       100         46        192          0       1024        656   startup_nuc1xx.o
         2          0          0         28          0     118398   system_nuc1xx.o
       468         94          0         16         16       4434   tutorial.o

    ----------------------------------------------------------------------
     11928       1020        260       1736       1196     317956   Object Totals
         0          0         32          0          0          0   (incl. Generated)
         6          0          0          0          0          0   (incl. Padding)

    ----------------------------------------------------------------------

      Code (inc. data)   RO Data    RW Data    ZI Data      Debug   Library Member Name

         8          0          0          0          0         68   __main.o
       352          0          0          0          0         76   __printf_ss_wp.o
        14          0          0          0          0         60   __printf_wp.o
         0          0          0          0          0          0   __rtentry.o
        12          0          0          0          0          0   __rtentry2.o
         6          0          0          0          0          0   __rtentry4.o
        60          8          0          0          0          0   __scatter.o
        26          0          0          0          0          0   __scatter_copy.o
        28          0          0          0          0          0   __scatter_zi.o
        48          6          0          0          0         88   _printf_char_common.o
        10          0          0          0          0          0   _printf_d.o
       108         18          0          0          0         76   _printf_dec.o
        10          0          0          0          0          0   _printf_f.o
      1048         14          0          0          0        176   _printf_fp_dec.o
       136         16          0          0          0         76   _printf_fp_infnan.o
       176          0          0          0          0         84   _printf_intcommon.o
        78          0          0          0          0        100   _printf_pad.o
         2          0          0          0          0          0   _printf_percent.o
         4          0          0          0          0          0   _printf_percent_end.o
        10          0          0          0          0         60   _sputc.o
       346          0          0          0          0         92   aeabi_sdiv.o
       216          6        148          0          0         80   bigflt0.o
      1456         30          0          0          0        336   btod.o
        16          0          0          0          0         68   exit.o
         6          0          0          0          0        136   heapauxi.o
         0          0          0          0          0          0   indicate_semi.o
        44         10         28          0          0         76   lc_numeric_c.o
         2          0          0          0          0          0   libinit.o
        18          0          0          0          0          0   libinit2.o
         2          0          0          0          0          0   libshutdown.o
         2          0          0          0          0          0   libshutdown2.o
         8          4          0          0         96         68   libspace.o
       122          0          0          0          0         72   lludiv10.o
        40          4          0          0          0         84   noretval__2sprintf.o
         8          4          0          0          0         68   rt_locale_intlibspace.o
         2          0          0          0          0          0   rtexit.o
        10          0          0          0          0          0   rtexit2.o
        40          0          0          0          0         60   rtudiv10.o
       136          4          0          0          0         72   strcmp.o
        12          4          0          0          0         60   sys_exit.o
        62          0          0          0          0         80   sys_stackheap_outer.o
         2          0          0          0          0         68   use_no_semi.o
      1096         26        128          0          0        112   ddiv.o
        88          0          0          0          0         92   dflti.o
       584         26          0          0          0         84   dmul.o
        16          4          0          0          0         76   printf1.o
         0          0          0          0          0          0   usenofp.o
        44          4          0          0          0         60   fpclassify.o

    ----------------------------------------------------------------------
      6528        188        304          0        100       2708   Library Totals
        14          0          0          0          4          0   (incl. Padding)

    ----------------------------------------------------------------------

      Code (inc. data)   RO Data    RW Data    ZI Data      Debug   Library Name

      4686        128        176          0         96       2284   c_p.l
      1784         56        128          0          0        364   fz_ps.l
        44          4          0          0          0         60   m_ps.l

    ----------------------------------------------------------------------
      6528        188        304          0        100       2708   Library Totals

    ----------------------------------------------------------------------

==============================================================================


      Code (inc. data)   RO Data    RW Data    ZI Data      Debug   

     18456       1208        564       1736       1296     317020   Grand Totals
     18456       1208        564       1736       1296     317020   ELF Image Totals
     18456       1208        564       1736          0          0   ROM Totals

==============================================================================

    Total RO  Size (Code + RO Data)                19020 (  18.57kB)
    Total RW  Size (RW Data + ZI Data)              3032 (   2.96kB)
    Total ROM Size (Code + RO Data + RW Data)      20756 (  20.27kB)

==============================================================================

