<html>
<body>
<pre>
<h1>µVision Build Log</h1>
<h2>Tool Versions:</h2>
IDE-Version: µVision V5.28.0.0
Copyright (C) 2019 ARM Ltd and ARM Germany GmbH. All rights reserved.
License Information: Barak Barclay, UCCS, LIC=----
 
Tool Versions:
Toolchain:       MDK-Lite  Version: 5.28.0.0
Toolchain Path:  C:\Keil_v5\ARM\ARMCC\Bin
C Compiler:      Armcc.exe V5.06 update 6 (build 750)
Assembler:       Armasm.exe V5.06 update 6 (build 750)
Linker/Locator:  ArmLink.exe V5.06 update 6 (build 750)
Library Manager: ArmAr.exe V5.06 update 6 (build 750)
Hex Converter:   FromElf.exe V5.06 update 6 (build 750)
CPU DLL:         SARMCM3.DLL V5.28.0.0
Dialog DLL:      DARMCM1.DLL V1.19.2.0
Target DLL:      NULink\Nu_Link.dll V3.01
Dialog DLL:      TARMCM1.DLL V1.14.1.0
 
<h2>Project:</h2>
C:\Users\Barak\Documents\College\Embedded Systems\NuLBNUC140_files\Tutorial_1\tutorial.uvproj
Project File Date:  12/01/2019

<h2>Output:</h2>
*** Using Compiler 'V5.06 update 6 (build 750)', folder: 'C:\Keil_v5\ARM\ARMCC\Bin'
Build target 'Blink_LED_7Seg'
creating preprocessor file for DrvGPIO.c...
creating preprocessor file for core_cm0.c...
creating preprocessor file for system_NUC1xx.c...
creating preprocessor file for DrvSYS.c...
creating preprocessor file for DrvUART.c...
creating preprocessor file for DrvADC.c...
creating preprocessor file for DrvPWM.c...
creating preprocessor file for Ascii_Table.C...
creating preprocessor file for ScanKey.c...
creating preprocessor file for Seven_Segment.c...
creating preprocessor file for DrvTIMER.c...
creating preprocessor file for tutorial.c...
creating preprocessor file for LCD_Driver.c...
linking...
Program Size: Code=18456 RO-data=564 RW-data=1736 ZI-data=1296  
After Build - User command #1: fromelf --bin ".\Objects\tutorial.axf" --output ".\Objects\tutorial.bin"
After Build - User command #2: fromelf --text -c ".\Objects\tutorial.axf" --output ".\Objects\tutorial.txt"
".\Objects\tutorial.axf" - 0 Error(s), 0 Warning(s).
Build Time Elapsed:  00:00:01
</pre>
</body>
</html>
