<html>
<body>
<pre>
<h1>µVision Build Log</h1>
<h2>Tool Versions:</h2>
IDE-Version: µVision V5.25.2.0
Copyright (C) 2018 ARM Ltd and ARM Germany GmbH. All rights reserved.
License Information: EAS Student, UCCS, LIC=----
 
Tool Versions:
Toolchain:       MDK-Lite  Version: 5.25.2.0
Toolchain Path:  C:\Keil_v5\ARM\ARMCC\Bin
C Compiler:      Armcc.exe V5.06 update 6 (build 750)
Assembler:       Armasm.exe V5.06 update 6 (build 750)
Linker/Locator:  ArmLink.exe V5.06 update 6 (build 750)
Library Manager: ArmAr.exe V5.06 update 6 (build 750)
Hex Converter:   FromElf.exe V5.06 update 6 (build 750)
CPU DLL:         SARMCM3.DLL V5.25.2.0
Dialog DLL:      DARMCM1.DLL V1.19.1.0
Target DLL:      NULink\Nu_Link.dll V2.04
Dialog DLL:      TARMCM1.DLL V1.14.0.0
 
<h2>Project:</h2>
Z:\Desktop\College\Embedded Systems\Tutorial_1\tutorial.uvproj
Project File Date:  09/09/2019

<h2>Output:</h2>
*** Using Compiler 'V5.06 update 6 (build 750)', folder: 'C:\Keil_v5\ARM\ARMCC\Bin'
Rebuild target 'Blink_LED_7Seg'
creating preprocessor file for core_cm0.c...
creating preprocessor file for system_NUC1xx.c...
compiling core_cm0.c...
creating preprocessor file for DrvGPIO.c...
assembling startup_NUC1xx.s...
compiling system_NUC1xx.c...
creating preprocessor file for DrvSYS.c...
creating preprocessor file for Blink_2.c...
compiling DrvGPIO.c...
compiling DrvSYS.c...
compiling Blink_2.c...
linking...
Program Size: Code=1796 RO-data=224 RW-data=52 ZI-data=1124  
After Build - User command #1: fromelf --bin ".\Objects\tutorial.axf" --output ".\Objects\tutorial.bin"
After Build - User command #2: fromelf --text -c ".\Objects\tutorial.axf" --output ".\Objects\tutorial.txt"
".\Objects\tutorial.axf" - 0 Error(s), 0 Warning(s).
Build Time Elapsed:  00:00:01
</pre>
</body>
</html>
