Component: ARM Compiler 5.06 update 2 (build 183) Tool: armlink [4d35b7]

==============================================================================

Section Cross References

    inputoutput.o(i.InI2C) refers to inputoutput.o(i.GenStart) for GenStart
    inputoutput.o(i.InI2C) refers to inputoutput.o(i.WaitStart) for WaitStart
    inputoutput.o(i.InI2C) refers to inputoutput.o(i.WaitRx) for WaitRx
    inputoutput.o(i.InI2C) refers to inputoutput.o(i.GenStop) for GenStop
    inputoutput.o(i.InI2C) refers to inputoutput.o(i.WaitStop) for WaitStop
    inputoutput.o(i.InitLCD) refers to inputoutput.o(i.OutLCD) for OutLCD
    inputoutput.o(i.OutI2C) refers to inputoutput.o(i.GenStart) for GenStart
    inputoutput.o(i.OutI2C) refers to inputoutput.o(i.WaitStart) for WaitStart
    inputoutput.o(i.OutI2C) refers to inputoutput.o(i.WaitTx) for WaitTx
    inputoutput.o(i.OutI2C) refers to inputoutput.o(i.GenStop) for GenStop
    inputoutput.o(i.OutI2C) refers to inputoutput.o(i.WaitStop) for WaitStop
    inputoutput.o(i.OutLCD) refers to inputoutput.o(i.OutI2C) for OutI2C
    inputoutput.o(i.OutputNumTo7Seg) refers to inputoutput.o(i.OutI2C) for OutI2C
    inputoutput.o(i.OutputString) refers to inputoutput.o(i.OutLCD) for OutLCD
    inputoutput.o(i.PORT4_IRQHandler) refers to inputoutput.o(.data) for getSwitchValue
    inputoutput.o(i.RdCfg) refers to inputoutput.o(i.write_command) for write_command
    inputoutput.o(i.RdTemp) refers to inputoutput.o(i.rst_low) for rst_low
    inputoutput.o(i.RdTemp) refers to inputoutput.o(i.clk_high) for clk_high
    inputoutput.o(i.RdTemp) refers to inputoutput.o(i.rst_high) for rst_high
    inputoutput.o(i.RdTemp) refers to inputoutput.o(i.WrCfg) for WrCfg
    inputoutput.o(i.RdTemp) refers to inputoutput.o(i.write_command) for write_command
    inputoutput.o(i.RdTemp) refers to inputoutput.o(i.StartCnv) for StartCnv
    inputoutput.o(i.RdTemp) refers to inputoutput.o(i.read_raw_data) for read_raw_data
    inputoutput.o(i.RdTemp) refers to dflt_clz.o(x$fpl$dflt) for __aeabi_i2d
    inputoutput.o(i.RdTemp) refers to ddiv.o(x$fpl$ddiv) for __aeabi_ddiv
    inputoutput.o(i.SetupPeriodMeas) refers to startup_msp432p401r_uvision.o(.text) for EnableInterrupts
    inputoutput.o(i.StartCnv) refers to inputoutput.o(i.write_command) for write_command
    inputoutput.o(i.TA2_N_IRQHandler) refers to startup_msp432p401r_uvision.o(.text) for EnableInterrupts
    inputoutput.o(i.TA2_N_IRQHandler) refers to inputoutput.o(.data) for prevFall
    inputoutput.o(i.WrCfg) refers to inputoutput.o(i.write_command) for write_command
    inputoutput.o(i.main) refers to _printf_percent.o(.ARM.Collect$$_printf_percent$$00000000) for _printf_percent
    inputoutput.o(i.main) refers to _printf_f.o(.ARM.Collect$$_printf_percent$$00000003) for _printf_f
    inputoutput.o(i.main) refers to printf1.o(x$fpl$printf1) for _printf_fp_dec
    inputoutput.o(i.main) refers to inputoutput.o(i.InitI2C) for InitI2C
    inputoutput.o(i.main) refers to inputoutput.o(i.InitLCD) for InitLCD
    inputoutput.o(i.main) refers to inputoutput.o(i.InitAD) for InitAD
    inputoutput.o(i.main) refers to inputoutput.o(i.ConfigureInterrupts) for ConfigureInterrupts
    inputoutput.o(i.main) refers to startup_msp432p401r_uvision.o(.text) for EnableInterrupts
    inputoutput.o(i.main) refers to inputoutput.o(i.initThermo) for initThermo
    inputoutput.o(i.main) refers to inputoutput.o(i.RdTemp) for RdTemp
    inputoutput.o(i.main) refers to dmul.o(x$fpl$dmul) for __aeabi_dmul
    inputoutput.o(i.main) refers to ddiv.o(x$fpl$ddiv) for __aeabi_ddiv
    inputoutput.o(i.main) refers to daddsub_clz.o(x$fpl$dadd) for __aeabi_dadd
    inputoutput.o(i.main) refers to inputoutput.o(i.OutLCD) for OutLCD
    inputoutput.o(i.main) refers to inputoutput.o(i.LCDSDEL) for LCDSDEL
    inputoutput.o(i.main) refers to noretval__2sprintf.o(.text) for __2sprintf
    inputoutput.o(i.main) refers to inputoutput.o(i.OutputString) for OutputString
    inputoutput.o(i.out_bit) refers to inputoutput.o(i.clk_low) for clk_low
    inputoutput.o(i.out_bit) refers to inputoutput.o(i.clk_high) for clk_high
    inputoutput.o(i.read_raw_data) refers to inputoutput.o(i.clk_low) for clk_low
    inputoutput.o(i.read_raw_data) refers to inputoutput.o(i.clk_high) for clk_high
    inputoutput.o(i.write_command) refers to inputoutput.o(i.out_bit) for out_bit
    inputoutput.o(i.write_data) refers to inputoutput.o(i.out_bit) for out_bit
    startup_msp432p401r_uvision.o(STACK) refers (Special) to heapauxi.o(.text) for __use_two_region_memory
    startup_msp432p401r_uvision.o(HEAP) refers (Special) to heapauxi.o(.text) for __use_two_region_memory
    startup_msp432p401r_uvision.o(RESET) refers (Special) to heapauxi.o(.text) for __use_two_region_memory
    startup_msp432p401r_uvision.o(RESET) refers to startup_msp432p401r_uvision.o(STACK) for __initial_sp
    startup_msp432p401r_uvision.o(RESET) refers to startup_msp432p401r_uvision.o(.text) for Reset_Handler
    startup_msp432p401r_uvision.o(RESET) refers to inputoutput.o(i.TA2_N_IRQHandler) for TA2_N_IRQHandler
    startup_msp432p401r_uvision.o(RESET) refers to inputoutput.o(i.PORT4_IRQHandler) for PORT4_IRQHandler
    startup_msp432p401r_uvision.o(.text) refers (Special) to heapauxi.o(.text) for __use_two_region_memory
    startup_msp432p401r_uvision.o(.text) refers to system_msp432p401r.o(i.SystemInit) for SystemInit
    startup_msp432p401r_uvision.o(.text) refers to __main.o(!!!main) for __main
    startup_msp432p401r_uvision.o(.text) refers to startup_msp432p401r_uvision.o(HEAP) for Heap_Mem
    startup_msp432p401r_uvision.o(.text) refers to startup_msp432p401r_uvision.o(STACK) for Stack_Mem
    system_msp432p401r.o(i.SystemCoreClockUpdate) refers to system_msp432p401r.o(.data) for SystemCoreClock
    __2sprintf.o(.text) refers to _printf_char_common.o(.text) for _printf_char_common
    __2sprintf.o(.text) refers to _sputc.o(.text) for _sputc
    noretval__2sprintf.o(.text) refers to _printf_char_common.o(.text) for _printf_char_common
    noretval__2sprintf.o(.text) refers to _sputc.o(.text) for _sputc
    __printf.o(.text) refers to _printf_percent.o(.ARM.Collect$$_printf_percent$$00000000) for _printf_percent
    __printf_flags.o(.text) refers to _printf_percent.o(.ARM.Collect$$_printf_percent$$00000000) for _printf_percent
    __printf_flags.o(.text) refers to __printf_flags.o(.constdata) for .constdata
    __printf_ss.o(.text) refers to _printf_percent.o(.ARM.Collect$$_printf_percent$$00000000) for _printf_percent
    __printf_flags_ss.o(.text) refers to _printf_percent.o(.ARM.Collect$$_printf_percent$$00000000) for _printf_percent
    __printf_flags_ss.o(.text) refers to __printf_flags_ss.o(.constdata) for .constdata
    __printf_wp.o(.text) refers to __printf_wp.o(i._is_digit) for _is_digit
    __printf_wp.o(.text) refers to _printf_percent.o(.ARM.Collect$$_printf_percent$$00000000) for _printf_percent
    __printf_flags_wp.o(.text) refers to __printf_wp.o(i._is_digit) for _is_digit
    __printf_flags_wp.o(.text) refers to _printf_percent.o(.ARM.Collect$$_printf_percent$$00000000) for _printf_percent
    __printf_flags_wp.o(.text) refers to __printf_flags_wp.o(.constdata) for .constdata
    __printf_ss_wp.o(.text) refers to __printf_wp.o(i._is_digit) for _is_digit
    __printf_ss_wp.o(.text) refers to _printf_percent.o(.ARM.Collect$$_printf_percent$$00000000) for _printf_percent
    __printf_flags_ss_wp.o(.text) refers to __printf_wp.o(i._is_digit) for _is_digit
    __printf_flags_ss_wp.o(.text) refers to _printf_percent.o(.ARM.Collect$$_printf_percent$$00000000) for _printf_percent
    __printf_flags_ss_wp.o(.text) refers to __printf_flags_ss_wp.o(.constdata) for .constdata
    _printf_f.o(.ARM.Collect$$_printf_percent$$00000003) refers (Weak) to printf1.o(x$fpl$printf1) for _printf_fp_dec
    _printf_percent.o(.ARM.Collect$$_printf_percent$$00000000) refers (Special) to _printf_percent_end.o(.ARM.Collect$$_printf_percent$$00000017) for _printf_percent_end
    __main.o(!!!main) refers to __rtentry.o(.ARM.Collect$$rtentry$$00000000) for __rt_entry
    daddsub_clz.o(x$fpl$dadd) refers (Special) to usenofp.o(x$fpl$usenofp) for __I$use$fp
    daddsub_clz.o(x$fpl$dadd) refers to daddsub_clz.o(x$fpl$dsub) for _dsub1
    daddsub_clz.o(x$fpl$dadd) refers to dretinf.o(x$fpl$dretinf) for __fpl_dretinf
    daddsub_clz.o(x$fpl$dadd) refers to dnaninf.o(x$fpl$dnaninf) for __fpl_dnaninf
    daddsub_clz.o(x$fpl$drsb) refers (Special) to usenofp.o(x$fpl$usenofp) for __I$use$fp
    daddsub_clz.o(x$fpl$drsb) refers to daddsub_clz.o(x$fpl$dadd) for _dadd1
    daddsub_clz.o(x$fpl$drsb) refers to daddsub_clz.o(x$fpl$dsub) for _dsub1
    daddsub_clz.o(x$fpl$dsub) refers (Special) to usenofp.o(x$fpl$usenofp) for __I$use$fp
    daddsub_clz.o(x$fpl$dsub) refers to daddsub_clz.o(x$fpl$dadd) for _dadd1
    daddsub_clz.o(x$fpl$dsub) refers to dnaninf.o(x$fpl$dnaninf) for __fpl_dnaninf
    ddiv.o(x$fpl$drdiv) refers (Special) to usenofp.o(x$fpl$usenofp) for __I$use$fp
    ddiv.o(x$fpl$drdiv) refers to ddiv.o(x$fpl$ddiv) for ddiv_entry
    ddiv.o(x$fpl$ddiv) refers (Special) to usenofp.o(x$fpl$usenofp) for __I$use$fp
    ddiv.o(x$fpl$ddiv) refers to dretinf.o(x$fpl$dretinf) for __fpl_dretinf
    ddiv.o(x$fpl$ddiv) refers to dnaninf.o(x$fpl$dnaninf) for __fpl_dnaninf
    dflt_clz.o(x$fpl$dfltu) refers (Special) to usenofp.o(x$fpl$usenofp) for __I$use$fp
    dflt_clz.o(x$fpl$dflt) refers (Special) to usenofp.o(x$fpl$usenofp) for __I$use$fp
    dflt_clz.o(x$fpl$dfltn) refers (Special) to usenofp.o(x$fpl$usenofp) for __I$use$fp
    dmul.o(x$fpl$dmul) refers (Special) to usenofp.o(x$fpl$usenofp) for __I$use$fp
    dmul.o(x$fpl$dmul) refers to dretinf.o(x$fpl$dretinf) for __fpl_dretinf
    dmul.o(x$fpl$dmul) refers to dnaninf.o(x$fpl$dnaninf) for __fpl_dnaninf
    printf1.o(x$fpl$printf1) refers to _printf_fp_dec.o(.text) for _printf_fp_dec_real
    __rtentry.o(.ARM.Collect$$rtentry$$00000000) refers (Special) to __rtentry2.o(.ARM.Collect$$rtentry$$0000000A) for __rt_entry_li
    __rtentry.o(.ARM.Collect$$rtentry$$00000000) refers (Special) to __rtentry2.o(.ARM.Collect$$rtentry$$0000000D) for __rt_entry_main
    __rtentry.o(.ARM.Collect$$rtentry$$00000000) refers (Special) to __rtentry2.o(.ARM.Collect$$rtentry$$0000000C) for __rt_entry_postli_1
    __rtentry.o(.ARM.Collect$$rtentry$$00000000) refers (Special) to __rtentry2.o(.ARM.Collect$$rtentry$$00000009) for __rt_entry_postsh_1
    __rtentry.o(.ARM.Collect$$rtentry$$00000000) refers (Special) to __rtentry2.o(.ARM.Collect$$rtentry$$00000002) for __rt_entry_presh_1
    __rtentry.o(.ARM.Collect$$rtentry$$00000000) refers (Special) to __rtentry4.o(.ARM.Collect$$rtentry$$00000004) for __rt_entry_sh
    _printf_fp_dec.o(.text) refers (Special) to usenofp.o(x$fpl$usenofp) for __I$use$fp
    _printf_fp_dec.o(.text) refers (Special) to lc_numeric_c.o(locale$$code) for _get_lc_numeric
    _printf_fp_dec.o(.text) refers to bigflt0.o(.text) for _btod_etento
    _printf_fp_dec.o(.text) refers to btod.o(CL$$btod_d2e) for _btod_d2e
    _printf_fp_dec.o(.text) refers to btod.o(CL$$btod_ediv) for _btod_ediv
    _printf_fp_dec.o(.text) refers to btod.o(CL$$btod_emul) for _btod_emul
    _printf_fp_dec.o(.text) refers to lludiv10.o(.text) for _ll_udiv10
    _printf_fp_dec.o(.text) refers to fpclassify.o(i.__ARM_fpclassify) for __ARM_fpclassify
    _printf_fp_dec.o(.text) refers to _printf_fp_infnan.o(.text) for _printf_fp_infnan
    _printf_fp_dec.o(.text) refers to rt_locale_intlibspace.o(.text) for __rt_locale
    _printf_char_common.o(.text) refers to __printf_wp.o(.text) for __printf
    dnaninf.o(x$fpl$dnaninf) refers (Special) to usenofp.o(x$fpl$usenofp) for __I$use$fp
    dretinf.o(x$fpl$dretinf) refers (Special) to usenofp.o(x$fpl$usenofp) for __I$use$fp
    __rtentry2.o(.ARM.Collect$$rtentry$$00000008) refers to boardinit2.o(.text) for _platform_post_stackheap_init
    __rtentry2.o(.ARM.Collect$$rtentry$$0000000A) refers to libinit.o(.ARM.Collect$$libinit$$00000000) for __rt_lib_init
    __rtentry2.o(.ARM.Collect$$rtentry$$0000000B) refers to boardinit3.o(.text) for _platform_post_lib_init
    __rtentry2.o(.ARM.Collect$$rtentry$$0000000D) refers to inputoutput.o(i.main) for main
    __rtentry2.o(.ARM.Collect$$rtentry$$0000000D) refers to exit.o(.text) for exit
    __rtentry2.o(.ARM.exidx) refers to __rtentry2.o(.ARM.Collect$$rtentry$$00000001) for .ARM.Collect$$rtentry$$00000001
    __rtentry2.o(.ARM.exidx) refers to __rtentry2.o(.ARM.Collect$$rtentry$$00000008) for .ARM.Collect$$rtentry$$00000008
    __rtentry2.o(.ARM.exidx) refers to __rtentry2.o(.ARM.Collect$$rtentry$$0000000A) for .ARM.Collect$$rtentry$$0000000A
    __rtentry2.o(.ARM.exidx) refers to __rtentry2.o(.ARM.Collect$$rtentry$$0000000B) for .ARM.Collect$$rtentry$$0000000B
    __rtentry2.o(.ARM.exidx) refers to __rtentry2.o(.ARM.Collect$$rtentry$$0000000D) for .ARM.Collect$$rtentry$$0000000D
    __rtentry4.o(.ARM.Collect$$rtentry$$00000004) refers to sys_stackheap_outer.o(.text) for __user_setup_stackheap
    __rtentry4.o(.ARM.exidx) refers to __rtentry4.o(.ARM.Collect$$rtentry$$00000004) for .ARM.Collect$$rtentry$$00000004
    rt_locale.o(.text) refers to rt_locale.o(.bss) for __rt_locale_data
    rt_locale_intlibspace.o(.text) refers to libspace.o(.bss) for __libspace_start
    bigflt0.o(.text) refers (Special) to usenofp.o(x$fpl$usenofp) for __I$use$fp
    bigflt0.o(.text) refers to btod.o(CL$$btod_emul) for _btod_emul
    bigflt0.o(.text) refers to btod.o(CL$$btod_ediv) for _btod_ediv
    bigflt0.o(.text) refers to bigflt0.o(.constdata) for .constdata
    bigflt0.o(.constdata) refers (Special) to usenofp.o(x$fpl$usenofp) for __I$use$fp
    btod.o(CL$$btod_d2e) refers (Special) to usenofp.o(x$fpl$usenofp) for __I$use$fp
    btod.o(CL$$btod_d2e) refers to btod.o(CL$$btod_d2e_norm_op1) for _d2e_norm_op1
    btod.o(CL$$btod_d2e_norm_op1) refers (Special) to usenofp.o(x$fpl$usenofp) for __I$use$fp
    btod.o(CL$$btod_d2e_norm_op1) refers to btod.o(CL$$btod_d2e_denorm_low) for _d2e_denorm_low
    btod.o(CL$$btod_d2e_denorm_low) refers (Special) to usenofp.o(x$fpl$usenofp) for __I$use$fp
    btod.o(CL$$btod_emul) refers (Special) to usenofp.o(x$fpl$usenofp) for __I$use$fp
    btod.o(CL$$btod_emul) refers to btod.o(CL$$btod_mult_common) for __btod_mult_common
    btod.o(CL$$btod_emul) refers to btod.o(CL$$btod_e2e) for _e2e
    btod.o(CL$$btod_ediv) refers (Special) to usenofp.o(x$fpl$usenofp) for __I$use$fp
    btod.o(CL$$btod_ediv) refers to btod.o(CL$$btod_div_common) for __btod_div_common
    btod.o(CL$$btod_ediv) refers to btod.o(CL$$btod_e2e) for _e2e
    btod.o(CL$$btod_emuld) refers (Special) to usenofp.o(x$fpl$usenofp) for __I$use$fp
    btod.o(CL$$btod_emuld) refers to btod.o(CL$$btod_mult_common) for __btod_mult_common
    btod.o(CL$$btod_emuld) refers to btod.o(CL$$btod_e2d) for _e2d
    btod.o(CL$$btod_edivd) refers (Special) to usenofp.o(x$fpl$usenofp) for __I$use$fp
    btod.o(CL$$btod_edivd) refers to btod.o(CL$$btod_div_common) for __btod_div_common
    btod.o(CL$$btod_edivd) refers to btod.o(CL$$btod_e2d) for _e2d
    btod.o(CL$$btod_e2e) refers (Special) to usenofp.o(x$fpl$usenofp) for __I$use$fp
    btod.o(CL$$btod_e2d) refers (Special) to usenofp.o(x$fpl$usenofp) for __I$use$fp
    btod.o(CL$$btod_e2d) refers to btod.o(CL$$btod_e2e) for _e2e
    btod.o(CL$$btod_mult_common) refers (Special) to usenofp.o(x$fpl$usenofp) for __I$use$fp
    btod.o(CL$$btod_div_common) refers (Special) to usenofp.o(x$fpl$usenofp) for __I$use$fp
    lc_numeric_c.o(locale$$data) refers (Special) to libinit2.o(.ARM.Collect$$libinit$$00000016) for __rt_lib_init_lc_numeric_2
    lc_numeric_c.o(locale$$code) refers (Special) to libinit2.o(.ARM.Collect$$libinit$$00000016) for __rt_lib_init_lc_numeric_2
    lc_numeric_c.o(locale$$code) refers to strcmpv7m.o(.text) for strcmp
    lc_numeric_c.o(locale$$code) refers to lc_numeric_c.o(locale$$data) for __lcnum_c_name
    istatus.o(x$fpl$ieeestatus) refers (Special) to usenofp.o(x$fpl$usenofp) for __I$use$fp
    fpclassify.o(i.__ARM_fpclassify) refers (Special) to usenofp.o(x$fpl$usenofp) for __I$use$fp
    libspace.o(.text) refers to libspace.o(.bss) for __libspace_start
    sys_stackheap_outer.o(.text) refers to libspace.o(.text) for __user_perproc_libspace
    sys_stackheap_outer.o(.text) refers to startup_msp432p401r_uvision.o(.text) for __user_initial_stackheap
    exit.o(.text) refers to rtexit.o(.ARM.Collect$$rtexit$$00000000) for __rt_exit
    libinit.o(.ARM.Collect$$libinit$$00000000) refers (Special) to libinit2.o(.ARM.Collect$$libinit$$0000002E) for __rt_lib_init_alloca_1
    libinit.o(.ARM.Collect$$libinit$$00000000) refers (Special) to libinit2.o(.ARM.Collect$$libinit$$0000002C) for __rt_lib_init_argv_1
    libinit.o(.ARM.Collect$$libinit$$00000000) refers (Special) to libinit2.o(.ARM.Collect$$libinit$$0000001B) for __rt_lib_init_atexit_1
    libinit.o(.ARM.Collect$$libinit$$00000000) refers (Special) to libinit2.o(.ARM.Collect$$libinit$$00000021) for __rt_lib_init_clock_1
    libinit.o(.ARM.Collect$$libinit$$00000000) refers (Special) to libinit2.o(.ARM.Collect$$libinit$$00000032) for __rt_lib_init_cpp_1
    libinit.o(.ARM.Collect$$libinit$$00000000) refers (Special) to libinit2.o(.ARM.Collect$$libinit$$00000030) for __rt_lib_init_exceptions_1
    libinit.o(.ARM.Collect$$libinit$$00000000) refers (Special) to libinit2.o(.ARM.Collect$$libinit$$00000001) for __rt_lib_init_fp_1
    libinit.o(.ARM.Collect$$libinit$$00000000) refers (Special) to libinit2.o(.ARM.Collect$$libinit$$0000001F) for __rt_lib_init_fp_trap_1
    libinit.o(.ARM.Collect$$libinit$$00000000) refers (Special) to libinit2.o(.ARM.Collect$$libinit$$00000023) for __rt_lib_init_getenv_1
    libinit.o(.ARM.Collect$$libinit$$00000000) refers (Special) to libinit2.o(.ARM.Collect$$libinit$$0000000A) for __rt_lib_init_heap_1
    libinit.o(.ARM.Collect$$libinit$$00000000) refers (Special) to libinit2.o(.ARM.Collect$$libinit$$00000011) for __rt_lib_init_lc_collate_1
    libinit.o(.ARM.Collect$$libinit$$00000000) refers (Special) to libinit2.o(.ARM.Collect$$libinit$$00000013) for __rt_lib_init_lc_ctype_1
    libinit.o(.ARM.Collect$$libinit$$00000000) refers (Special) to libinit2.o(.ARM.Collect$$libinit$$00000015) for __rt_lib_init_lc_monetary_1
    libinit.o(.ARM.Collect$$libinit$$00000000) refers (Special) to libinit2.o(.ARM.Collect$$libinit$$00000017) for __rt_lib_init_lc_numeric_1
    libinit.o(.ARM.Collect$$libinit$$00000000) refers (Special) to libinit2.o(.ARM.Collect$$libinit$$00000019) for __rt_lib_init_lc_time_1
    libinit.o(.ARM.Collect$$libinit$$00000000) refers (Special) to libinit2.o(.ARM.Collect$$libinit$$00000004) for __rt_lib_init_preinit_1
    libinit.o(.ARM.Collect$$libinit$$00000000) refers (Special) to libinit2.o(.ARM.Collect$$libinit$$0000000E) for __rt_lib_init_rand_1
    libinit.o(.ARM.Collect$$libinit$$00000000) refers (Special) to libinit2.o(.ARM.Collect$$libinit$$00000033) for __rt_lib_init_return
    libinit.o(.ARM.Collect$$libinit$$00000000) refers (Special) to libinit2.o(.ARM.Collect$$libinit$$0000001D) for __rt_lib_init_signal_1
    libinit.o(.ARM.Collect$$libinit$$00000000) refers (Special) to libinit2.o(.ARM.Collect$$libinit$$00000025) for __rt_lib_init_stdio_1
    libinit.o(.ARM.Collect$$libinit$$00000000) refers (Special) to libinit2.o(.ARM.Collect$$libinit$$0000000C) for __rt_lib_init_user_alloc_1
    libinit2.o(.ARM.Collect$$libinit$$00000001) refers to fpinit.o(x$fpl$fpinit) for _fp_init
    libinit2.o(.ARM.Collect$$libinit$$0000000F) refers (Weak) to rt_locale_intlibspace.o(.text) for __rt_locale
    libinit2.o(.ARM.Collect$$libinit$$00000010) refers to libinit2.o(.ARM.Collect$$libinit$$0000000F) for .ARM.Collect$$libinit$$0000000F
    libinit2.o(.ARM.Collect$$libinit$$00000012) refers to libinit2.o(.ARM.Collect$$libinit$$0000000F) for .ARM.Collect$$libinit$$0000000F
    libinit2.o(.ARM.Collect$$libinit$$00000014) refers to libinit2.o(.ARM.Collect$$libinit$$0000000F) for .ARM.Collect$$libinit$$0000000F
    libinit2.o(.ARM.Collect$$libinit$$00000016) refers to libinit2.o(.ARM.Collect$$libinit$$0000000F) for .ARM.Collect$$libinit$$0000000F
    libinit2.o(.ARM.Collect$$libinit$$00000016) refers (Weak) to lc_numeric_c.o(locale$$code) for _get_lc_numeric
    libinit2.o(.ARM.Collect$$libinit$$00000018) refers to libinit2.o(.ARM.Collect$$libinit$$0000000F) for .ARM.Collect$$libinit$$0000000F
    libinit2.o(.ARM.Collect$$libinit$$00000026) refers to argv_veneer.o(.emb_text) for __ARM_argv_veneer
    libinit2.o(.ARM.Collect$$libinit$$00000027) refers to argv_veneer.o(.emb_text) for __ARM_argv_veneer
    rtexit.o(.ARM.Collect$$rtexit$$00000000) refers (Special) to rtexit2.o(.ARM.Collect$$rtexit$$00000004) for __rt_exit_exit
    rtexit.o(.ARM.Collect$$rtexit$$00000000) refers (Special) to rtexit2.o(.ARM.Collect$$rtexit$$00000003) for __rt_exit_ls
    rtexit.o(.ARM.Collect$$rtexit$$00000000) refers (Special) to rtexit2.o(.ARM.Collect$$rtexit$$00000002) for __rt_exit_prels_1
    rtexit.o(.ARM.exidx) refers (Special) to rtexit2.o(.ARM.Collect$$rtexit$$00000004) for __rt_exit_exit
    rtexit.o(.ARM.exidx) refers (Special) to rtexit2.o(.ARM.Collect$$rtexit$$00000003) for __rt_exit_ls
    rtexit.o(.ARM.exidx) refers (Special) to rtexit2.o(.ARM.Collect$$rtexit$$00000002) for __rt_exit_prels_1
    rtexit.o(.ARM.exidx) refers to rtexit.o(.ARM.Collect$$rtexit$$00000000) for .ARM.Collect$$rtexit$$00000000
    argv_veneer.o(.emb_text) refers to no_argv.o(.text) for __ARM_get_argv
    rtexit2.o(.ARM.Collect$$rtexit$$00000003) refers to libshutdown.o(.ARM.Collect$$libshutdown$$00000000) for __rt_lib_shutdown
    rtexit2.o(.ARM.Collect$$rtexit$$00000004) refers to sys_exit.o(.text) for _sys_exit
    rtexit2.o(.ARM.exidx) refers to rtexit2.o(.ARM.Collect$$rtexit$$00000001) for .ARM.Collect$$rtexit$$00000001
    rtexit2.o(.ARM.exidx) refers to rtexit2.o(.ARM.Collect$$rtexit$$00000003) for .ARM.Collect$$rtexit$$00000003
    rtexit2.o(.ARM.exidx) refers to rtexit2.o(.ARM.Collect$$rtexit$$00000004) for .ARM.Collect$$rtexit$$00000004
    _get_argv_nomalloc.o(.text) refers (Special) to hrguard.o(.text) for __heap_region$guard
    _get_argv_nomalloc.o(.text) refers to defsig_rtmem_outer.o(.text) for __rt_SIGRTMEM
    _get_argv_nomalloc.o(.text) refers to sys_command.o(.text) for _sys_command_string
    sys_command.o(.text) refers (Special) to use_no_semi.o(.text) for __I$use$semihosting
    sys_command.o(.text) refers (Special) to indicate_semi.o(.text) for __semihosting_library_function
    sys_exit.o(.text) refers (Special) to use_no_semi.o(.text) for __I$use$semihosting
    sys_exit.o(.text) refers (Special) to indicate_semi.o(.text) for __semihosting_library_function
    defsig_rtmem_outer.o(.text) refers to defsig_rtmem_inner.o(.text) for __rt_SIGRTMEM_inner
    defsig_rtmem_outer.o(.text) refers to defsig_exit.o(.text) for __sig_exit
    defsig_rtmem_formal.o(.text) refers to rt_raise.o(.text) for __rt_raise
    libshutdown.o(.ARM.Collect$$libshutdown$$00000000) refers (Special) to libshutdown2.o(.ARM.Collect$$libshutdown$$00000002) for __rt_lib_shutdown_cpp_1
    libshutdown.o(.ARM.Collect$$libshutdown$$00000000) refers (Special) to libshutdown2.o(.ARM.Collect$$libshutdown$$00000007) for __rt_lib_shutdown_fp_trap_1
    libshutdown.o(.ARM.Collect$$libshutdown$$00000000) refers (Special) to libshutdown2.o(.ARM.Collect$$libshutdown$$0000000F) for __rt_lib_shutdown_heap_1
    libshutdown.o(.ARM.Collect$$libshutdown$$00000000) refers (Special) to libshutdown2.o(.ARM.Collect$$libshutdown$$00000010) for __rt_lib_shutdown_return
    libshutdown.o(.ARM.Collect$$libshutdown$$00000000) refers (Special) to libshutdown2.o(.ARM.Collect$$libshutdown$$0000000A) for __rt_lib_shutdown_signal_1
    libshutdown.o(.ARM.Collect$$libshutdown$$00000000) refers (Special) to libshutdown2.o(.ARM.Collect$$libshutdown$$00000004) for __rt_lib_shutdown_stdio_1
    libshutdown.o(.ARM.Collect$$libshutdown$$00000000) refers (Special) to libshutdown2.o(.ARM.Collect$$libshutdown$$0000000C) for __rt_lib_shutdown_user_alloc_1
    rt_raise.o(.text) refers to __raise.o(.text) for __raise
    rt_raise.o(.text) refers to sys_exit.o(.text) for _sys_exit
    defsig_exit.o(.text) refers to sys_exit.o(.text) for _sys_exit
    defsig_rtmem_inner.o(.text) refers to defsig_general.o(.text) for __default_signal_display
    __raise.o(.text) refers to defsig.o(CL$$defsig) for __default_signal_handler
    defsig_general.o(.text) refers to sys_wrch.o(.text) for _ttywrch
    sys_wrch.o(.text) refers (Special) to use_no_semi.o(.text) for __I$use$semihosting
    sys_wrch.o(.text) refers (Special) to indicate_semi.o(.text) for __semihosting_library_function
    defsig.o(CL$$defsig) refers to defsig_rtmem_inner.o(.text) for __rt_SIGRTMEM_inner
    defsig_abrt_inner.o(.text) refers to defsig_general.o(.text) for __default_signal_display
    defsig_fpe_inner.o(.text) refers to defsig_general.o(.text) for __default_signal_display
    defsig_rtred_inner.o(.text) refers to defsig_general.o(.text) for __default_signal_display
    defsig_stak_inner.o(.text) refers to defsig_general.o(.text) for __default_signal_display
    defsig_pvfn_inner.o(.text) refers to defsig_general.o(.text) for __default_signal_display
    defsig_cppl_inner.o(.text) refers to defsig_general.o(.text) for __default_signal_display
    defsig_segv_inner.o(.text) refers to defsig_general.o(.text) for __default_signal_display
    defsig_other.o(.text) refers to defsig_general.o(.text) for __default_signal_display


==============================================================================

Removing Unused input sections from the image.

    Removing inputoutput.o(.rev16_text), (4 bytes).
    Removing inputoutput.o(.revsh_text), (4 bytes).
    Removing inputoutput.o(.rrx_text), (6 bytes).
    Removing inputoutput.o(i.InI2C), (64 bytes).
    Removing inputoutput.o(i.LCDLDEL), (12 bytes).
    Removing inputoutput.o(i.OutputNumTo7Seg), (308 bytes).
    Removing inputoutput.o(i.RdCfg), (10 bytes).
    Removing inputoutput.o(i.SetupPeriodMeas), (88 bytes).
    Removing inputoutput.o(i.WaitRx), (20 bytes).
    Removing inputoutput.o(i.write_data), (36 bytes).
    Removing system_msp432p401r.o(.rev16_text), (4 bytes).
    Removing system_msp432p401r.o(.revsh_text), (4 bytes).
    Removing system_msp432p401r.o(.rrx_text), (6 bytes).
    Removing system_msp432p401r.o(i.SystemCoreClockUpdate), (572 bytes).
    Removing system_msp432p401r.o(.data), (4 bytes).

15 unused section(s) (total 1142 bytes) removed from the image.

==============================================================================

Image Symbol Table

    Local Symbols

    Symbol Name                              Value     Ov Type        Size  Object(Section)

    RESET                                    0x00000000   Section      324  startup_msp432p401r_uvision.o(RESET)
    ../clib/angel/boardlib.s                 0x00000000   Number         0  boardinit1.o ABSOLUTE
    ../clib/angel/boardlib.s                 0x00000000   Number         0  boardinit3.o ABSOLUTE
    ../clib/angel/boardlib.s                 0x00000000   Number         0  boardinit2.o ABSOLUTE
    ../clib/angel/boardlib.s                 0x00000000   Number         0  boardshut.o ABSOLUTE
    ../clib/angel/handlers.s                 0x00000000   Number         0  __scatter_zi.o ABSOLUTE
    ../clib/angel/handlers.s                 0x00000000   Number         0  __scatter_copy.o ABSOLUTE
    ../clib/angel/kernel.s                   0x00000000   Number         0  __rtentry.o ABSOLUTE
    ../clib/angel/kernel.s                   0x00000000   Number         0  rtexit2.o ABSOLUTE
    ../clib/angel/kernel.s                   0x00000000   Number         0  rtexit.o ABSOLUTE
    ../clib/angel/kernel.s                   0x00000000   Number         0  __rtentry2.o ABSOLUTE
    ../clib/angel/kernel.s                   0x00000000   Number         0  __rtentry4.o ABSOLUTE
    ../clib/angel/rt.s                       0x00000000   Number         0  rt_raise.o ABSOLUTE
    ../clib/angel/rt.s                       0x00000000   Number         0  rt_locale.o ABSOLUTE
    ../clib/angel/rt.s                       0x00000000   Number         0  rt_locale_intlibspace.o ABSOLUTE
    ../clib/angel/scatter.s                  0x00000000   Number         0  __scatter.o ABSOLUTE
    ../clib/angel/startup.s                  0x00000000   Number         0  __main.o ABSOLUTE
    ../clib/angel/sys.s                      0x00000000   Number         0  sys_stackheap_outer.o ABSOLUTE
    ../clib/angel/sys.s                      0x00000000   Number         0  indicate_semi.o ABSOLUTE
    ../clib/angel/sys.s                      0x00000000   Number         0  libspace.o ABSOLUTE
    ../clib/angel/sys.s                      0x00000000   Number         0  use_no_semi.o ABSOLUTE
    ../clib/angel/sysapp.c                   0x00000000   Number         0  sys_wrch.o ABSOLUTE
    ../clib/angel/sysapp.c                   0x00000000   Number         0  sys_command.o ABSOLUTE
    ../clib/angel/sysapp.c                   0x00000000   Number         0  sys_exit.o ABSOLUTE
    ../clib/armsys.c                         0x00000000   Number         0  _get_argv_nomalloc.o ABSOLUTE
    ../clib/armsys.c                         0x00000000   Number         0  no_argv.o ABSOLUTE
    ../clib/armsys.c                         0x00000000   Number         0  argv_veneer.o ABSOLUTE
    ../clib/armsys.c                         0x00000000   Number         0  argv_veneer.o ABSOLUTE
    ../clib/bigflt.c                         0x00000000   Number         0  bigflt0.o ABSOLUTE
    ../clib/btod.s                           0x00000000   Number         0  btod.o ABSOLUTE
    ../clib/heapalloc.c                      0x00000000   Number         0  hrguard.o ABSOLUTE
    ../clib/heapaux.c                        0x00000000   Number         0  heapauxi.o ABSOLUTE
    ../clib/libinit.s                        0x00000000   Number         0  libshutdown.o ABSOLUTE
    ../clib/libinit.s                        0x00000000   Number         0  libinit2.o ABSOLUTE
    ../clib/libinit.s                        0x00000000   Number         0  libinit.o ABSOLUTE
    ../clib/libinit.s                        0x00000000   Number         0  libshutdown2.o ABSOLUTE
    ../clib/locale.s                         0x00000000   Number         0  lc_numeric_c.o ABSOLUTE
    ../clib/longlong.s                       0x00000000   Number         0  lludiv10.o ABSOLUTE
    ../clib/memcpset.s                       0x00000000   Number         0  strcmpv7m.o ABSOLUTE
    ../clib/misc.s                           0x00000000   Number         0  printf_stubs.o ABSOLUTE
    ../clib/printf.c                         0x00000000   Number         0  _printf_fp_dec.o ABSOLUTE
    ../clib/printf.c                         0x00000000   Number         0  _sputc.o ABSOLUTE
    ../clib/printf.c                         0x00000000   Number         0  __2sprintf.o ABSOLUTE
    ../clib/printf.c                         0x00000000   Number         0  __printf_ss.o ABSOLUTE
    ../clib/printf.c                         0x00000000   Number         0  noretval__2sprintf.o ABSOLUTE
    ../clib/printf.c                         0x00000000   Number         0  __printf_flags_ss_wp.o ABSOLUTE
    ../clib/printf.c                         0x00000000   Number         0  __printf.o ABSOLUTE
    ../clib/printf.c                         0x00000000   Number         0  __printf_flags.o ABSOLUTE
    ../clib/printf.c                         0x00000000   Number         0  _printf_fp_infnan.o ABSOLUTE
    ../clib/printf.c                         0x00000000   Number         0  __printf_flags_ss.o ABSOLUTE
    ../clib/printf.c                         0x00000000   Number         0  __printf_wp.o ABSOLUTE
    ../clib/printf.c                         0x00000000   Number         0  __printf_flags_wp.o ABSOLUTE
    ../clib/printf.c                         0x00000000   Number         0  __printf_ss_wp.o ABSOLUTE
    ../clib/printf.c                         0x00000000   Number         0  _printf_char_common.o ABSOLUTE
    ../clib/printf.c                         0x00000000   Number         0  __printf_nopercent.o ABSOLUTE
    ../clib/printf_percent.s                 0x00000000   Number         0  _printf_percent_end.o ABSOLUTE
    ../clib/printf_percent.s                 0x00000000   Number         0  _printf_f.o ABSOLUTE
    ../clib/printf_percent.s                 0x00000000   Number         0  _printf_percent.o ABSOLUTE
    ../clib/signal.c                         0x00000000   Number         0  defsig_rtred_inner.o ABSOLUTE
    ../clib/signal.c                         0x00000000   Number         0  defsig_fpe_inner.o ABSOLUTE
    ../clib/signal.c                         0x00000000   Number         0  defsig_abrt_inner.o ABSOLUTE
    ../clib/signal.c                         0x00000000   Number         0  defsig_other.o ABSOLUTE
    ../clib/signal.c                         0x00000000   Number         0  defsig_general.o ABSOLUTE
    ../clib/signal.c                         0x00000000   Number         0  __raise.o ABSOLUTE
    ../clib/signal.c                         0x00000000   Number         0  defsig_rtmem_inner.o ABSOLUTE
    ../clib/signal.c                         0x00000000   Number         0  defsig_exit.o ABSOLUTE
    ../clib/signal.c                         0x00000000   Number         0  defsig_cppl_inner.o ABSOLUTE
    ../clib/signal.c                         0x00000000   Number         0  defsig_pvfn_inner.o ABSOLUTE
    ../clib/signal.c                         0x00000000   Number         0  defsig_segv_inner.o ABSOLUTE
    ../clib/signal.c                         0x00000000   Number         0  defsig_rtmem_formal.o ABSOLUTE
    ../clib/signal.c                         0x00000000   Number         0  defsig_rtmem_outer.o ABSOLUTE
    ../clib/signal.c                         0x00000000   Number         0  defsig_stak_inner.o ABSOLUTE
    ../clib/signal.s                         0x00000000   Number         0  defsig.o ABSOLUTE
    ../clib/stdlib.c                         0x00000000   Number         0  exit.o ABSOLUTE
    ../fplib/daddsub.s                       0x00000000   Number         0  daddsub_clz.o ABSOLUTE
    ../fplib/ddiv.s                          0x00000000   Number         0  ddiv.o ABSOLUTE
    ../fplib/dflt.s                          0x00000000   Number         0  dflt_clz.o ABSOLUTE
    ../fplib/dmul.s                          0x00000000   Number         0  dmul.o ABSOLUTE
    ../fplib/dnaninf.s                       0x00000000   Number         0  dnaninf.o ABSOLUTE
    ../fplib/dretinf.s                       0x00000000   Number         0  dretinf.o ABSOLUTE
    ../fplib/fpinit.s                        0x00000000   Number         0  fpinit.o ABSOLUTE
    ../fplib/istatus.s                       0x00000000   Number         0  istatus.o ABSOLUTE
    ../fplib/printf1.s                       0x00000000   Number         0  printf1.o ABSOLUTE
    ../fplib/usenofp.s                       0x00000000   Number         0  usenofp.o ABSOLUTE
    ../mathlib/fpclassify.c                  0x00000000   Number         0  fpclassify.o ABSOLUTE
    InputOutput.c                            0x00000000   Number         0  inputoutput.o ABSOLUTE
    InputOutput.c                            0x00000000   Number         0  inputoutput.o ABSOLUTE
    RTE\Device\MSP432P401R\startup_msp432p401r_uvision.s 0x00000000   Number         0  startup_msp432p401r_uvision.o ABSOLUTE
    RTE\Device\MSP432P401R\system_msp432p401r.c 0x00000000   Number         0  system_msp432p401r.o ABSOLUTE
    RTE\\Device\\MSP432P401R\\system_msp432p401r.c 0x00000000   Number         0  system_msp432p401r.o ABSOLUTE
    dc.s                                     0x00000000   Number         0  dc.o ABSOLUTE
    !!!main                                  0x00000144   Section        8  __main.o(!!!main)
    !!!scatter                               0x0000014c   Section       52  __scatter.o(!!!scatter)
    !!handler_copy                           0x00000180   Section       26  __scatter_copy.o(!!handler_copy)
    !!handler_zi                             0x0000019c   Section       28  __scatter_zi.o(!!handler_zi)
    .ARM.Collect$$_printf_percent$$00000000  0x000001b8   Section        0  _printf_percent.o(.ARM.Collect$$_printf_percent$$00000000)
    .ARM.Collect$$_printf_percent$$00000003  0x000001b8   Section        6  _printf_f.o(.ARM.Collect$$_printf_percent$$00000003)
    .ARM.Collect$$_printf_percent$$00000017  0x000001be   Section        4  _printf_percent_end.o(.ARM.Collect$$_printf_percent$$00000017)
    .ARM.Collect$$libinit$$00000000          0x000001c2   Section        2  libinit.o(.ARM.Collect$$libinit$$00000000)
    .ARM.Collect$$libinit$$00000001          0x000001c4   Section        4  libinit2.o(.ARM.Collect$$libinit$$00000001)
    .ARM.Collect$$libinit$$00000004          0x000001c8   Section        0  libinit2.o(.ARM.Collect$$libinit$$00000004)
    .ARM.Collect$$libinit$$0000000A          0x000001c8   Section        0  libinit2.o(.ARM.Collect$$libinit$$0000000A)
    .ARM.Collect$$libinit$$0000000C          0x000001c8   Section        0  libinit2.o(.ARM.Collect$$libinit$$0000000C)
    .ARM.Collect$$libinit$$0000000E          0x000001c8   Section        0  libinit2.o(.ARM.Collect$$libinit$$0000000E)
    .ARM.Collect$$libinit$$0000000F          0x000001c8   Section        6  libinit2.o(.ARM.Collect$$libinit$$0000000F)
    .ARM.Collect$$libinit$$00000011          0x000001ce   Section        0  libinit2.o(.ARM.Collect$$libinit$$00000011)
    .ARM.Collect$$libinit$$00000013          0x000001ce   Section        0  libinit2.o(.ARM.Collect$$libinit$$00000013)
    .ARM.Collect$$libinit$$00000015          0x000001ce   Section        0  libinit2.o(.ARM.Collect$$libinit$$00000015)
    .ARM.Collect$$libinit$$00000016          0x000001ce   Section       10  libinit2.o(.ARM.Collect$$libinit$$00000016)
    .ARM.Collect$$libinit$$00000017          0x000001d8   Section        0  libinit2.o(.ARM.Collect$$libinit$$00000017)
    .ARM.Collect$$libinit$$00000019          0x000001d8   Section        0  libinit2.o(.ARM.Collect$$libinit$$00000019)
    .ARM.Collect$$libinit$$0000001B          0x000001d8   Section        0  libinit2.o(.ARM.Collect$$libinit$$0000001B)
    .ARM.Collect$$libinit$$0000001D          0x000001d8   Section        0  libinit2.o(.ARM.Collect$$libinit$$0000001D)
    .ARM.Collect$$libinit$$0000001F          0x000001d8   Section        0  libinit2.o(.ARM.Collect$$libinit$$0000001F)
    .ARM.Collect$$libinit$$00000021          0x000001d8   Section        0  libinit2.o(.ARM.Collect$$libinit$$00000021)
    .ARM.Collect$$libinit$$00000023          0x000001d8   Section        0  libinit2.o(.ARM.Collect$$libinit$$00000023)
    .ARM.Collect$$libinit$$00000025          0x000001d8   Section        0  libinit2.o(.ARM.Collect$$libinit$$00000025)
    .ARM.Collect$$libinit$$0000002C          0x000001d8   Section        0  libinit2.o(.ARM.Collect$$libinit$$0000002C)
    .ARM.Collect$$libinit$$0000002E          0x000001d8   Section        0  libinit2.o(.ARM.Collect$$libinit$$0000002E)
    .ARM.Collect$$libinit$$00000030          0x000001d8   Section        0  libinit2.o(.ARM.Collect$$libinit$$00000030)
    .ARM.Collect$$libinit$$00000032          0x000001d8   Section        0  libinit2.o(.ARM.Collect$$libinit$$00000032)
    .ARM.Collect$$libinit$$00000033          0x000001d8   Section        2  libinit2.o(.ARM.Collect$$libinit$$00000033)
    .ARM.Collect$$libshutdown$$00000000      0x000001da   Section        2  libshutdown.o(.ARM.Collect$$libshutdown$$00000000)
    .ARM.Collect$$libshutdown$$00000002      0x000001dc   Section        0  libshutdown2.o(.ARM.Collect$$libshutdown$$00000002)
    .ARM.Collect$$libshutdown$$00000004      0x000001dc   Section        0  libshutdown2.o(.ARM.Collect$$libshutdown$$00000004)
    .ARM.Collect$$libshutdown$$00000007      0x000001dc   Section        0  libshutdown2.o(.ARM.Collect$$libshutdown$$00000007)
    .ARM.Collect$$libshutdown$$0000000A      0x000001dc   Section        0  libshutdown2.o(.ARM.Collect$$libshutdown$$0000000A)
    .ARM.Collect$$libshutdown$$0000000C      0x000001dc   Section        0  libshutdown2.o(.ARM.Collect$$libshutdown$$0000000C)
    .ARM.Collect$$libshutdown$$0000000F      0x000001dc   Section        0  libshutdown2.o(.ARM.Collect$$libshutdown$$0000000F)
    .ARM.Collect$$libshutdown$$00000010      0x000001dc   Section        2  libshutdown2.o(.ARM.Collect$$libshutdown$$00000010)
    .ARM.Collect$$rtentry$$00000000          0x000001de   Section        0  __rtentry.o(.ARM.Collect$$rtentry$$00000000)
    .ARM.Collect$$rtentry$$00000002          0x000001de   Section        0  __rtentry2.o(.ARM.Collect$$rtentry$$00000002)
    .ARM.Collect$$rtentry$$00000004          0x000001de   Section        6  __rtentry4.o(.ARM.Collect$$rtentry$$00000004)
    .ARM.Collect$$rtentry$$00000009          0x000001e4   Section        0  __rtentry2.o(.ARM.Collect$$rtentry$$00000009)
    .ARM.Collect$$rtentry$$0000000A          0x000001e4   Section        4  __rtentry2.o(.ARM.Collect$$rtentry$$0000000A)
    .ARM.Collect$$rtentry$$0000000C          0x000001e8   Section        0  __rtentry2.o(.ARM.Collect$$rtentry$$0000000C)
    .ARM.Collect$$rtentry$$0000000D          0x000001e8   Section        8  __rtentry2.o(.ARM.Collect$$rtentry$$0000000D)
    .ARM.Collect$$rtexit$$00000000           0x000001f0   Section        2  rtexit.o(.ARM.Collect$$rtexit$$00000000)
    .ARM.Collect$$rtexit$$00000002           0x000001f2   Section        0  rtexit2.o(.ARM.Collect$$rtexit$$00000002)
    .ARM.Collect$$rtexit$$00000003           0x000001f2   Section        4  rtexit2.o(.ARM.Collect$$rtexit$$00000003)
    .ARM.Collect$$rtexit$$00000004           0x000001f6   Section        6  rtexit2.o(.ARM.Collect$$rtexit$$00000004)
    .text                                    0x000001fc   Section       88  startup_msp432p401r_uvision.o(.text)
    $v0                                      0x000001fc   Number         0  startup_msp432p401r_uvision.o(.text)
    .text                                    0x00000254   Section        0  noretval__2sprintf.o(.text)
    .text                                    0x0000027c   Section        0  __printf_wp.o(.text)
    .text                                    0x0000038a   Section        0  heapauxi.o(.text)
    .text                                    0x00000390   Section        0  _printf_fp_dec.o(.text)
    _fp_digits                               0x00000393   Thumb Code   428  _printf_fp_dec.o(.text)
    .text                                    0x000007ac   Section        0  _printf_char_common.o(.text)
    _printf_input_char                       0x000007ad   Thumb Code    10  _printf_char_common.o(.text)
    .text                                    0x000007dc   Section        0  _sputc.o(.text)
    .text                                    0x000007e8   Section        8  rt_locale_intlibspace.o(.text)
    .text                                    0x000007f0   Section      138  lludiv10.o(.text)
    .text                                    0x0000087c   Section        0  _printf_fp_infnan.o(.text)
    .text                                    0x000008fc   Section        0  bigflt0.o(.text)
    .text                                    0x000009d8   Section        8  libspace.o(.text)
    .text                                    0x000009e0   Section       74  sys_stackheap_outer.o(.text)
    .text                                    0x00000a2a   Section        0  exit.o(.text)
    .text                                    0x00000a3c   Section      128  strcmpv7m.o(.text)
    .text                                    0x00000abc   Section        0  sys_exit.o(.text)
    .text                                    0x00000ac8   Section        2  use_no_semi.o(.text)
    .text                                    0x00000aca   Section        0  indicate_semi.o(.text)
    CL$$btod_d2e                             0x00000aca   Section       62  btod.o(CL$$btod_d2e)
    CL$$btod_d2e_denorm_low                  0x00000b08   Section       70  btod.o(CL$$btod_d2e_denorm_low)
    CL$$btod_d2e_norm_op1                    0x00000b4e   Section       96  btod.o(CL$$btod_d2e_norm_op1)
    CL$$btod_div_common                      0x00000bae   Section      824  btod.o(CL$$btod_div_common)
    CL$$btod_e2e                             0x00000ee6   Section      198  btod.o(CL$$btod_e2e)
    CL$$btod_ediv                            0x00000fac   Section       40  btod.o(CL$$btod_ediv)
    CL$$btod_emul                            0x00000fd4   Section       40  btod.o(CL$$btod_emul)
    CL$$btod_mult_common                     0x00000ffc   Section      580  btod.o(CL$$btod_mult_common)
    i.ConfigureInterrupts                    0x00001240   Section        0  inputoutput.o(i.ConfigureInterrupts)
    i.GenStart                               0x000012b0   Section        0  inputoutput.o(i.GenStart)
    i.GenStop                                0x000012c4   Section        0  inputoutput.o(i.GenStop)
    i.InitAD                                 0x000012d8   Section        0  inputoutput.o(i.InitAD)
    i.InitI2C                                0x00001350   Section        0  inputoutput.o(i.InitI2C)
    i.InitLCD                                0x0000139c   Section        0  inputoutput.o(i.InitLCD)
    i.LCDSDEL                                0x000013d6   Section        0  inputoutput.o(i.LCDSDEL)
    i.OutI2C                                 0x000013e4   Section        0  inputoutput.o(i.OutI2C)
    i.OutLCD                                 0x00001424   Section        0  inputoutput.o(i.OutLCD)
    i.OutputString                           0x0000146a   Section        0  inputoutput.o(i.OutputString)
    i.PORT4_IRQHandler                       0x00001488   Section        0  inputoutput.o(i.PORT4_IRQHandler)
    i.RdTemp                                 0x000014b0   Section        0  inputoutput.o(i.RdTemp)
    i.StartCnv                               0x00001520   Section        0  inputoutput.o(i.StartCnv)
    i.SystemInit                             0x0000152c   Section        0  system_msp432p401r.o(i.SystemInit)
    i.TA2_N_IRQHandler                       0x00001598   Section        0  inputoutput.o(i.TA2_N_IRQHandler)
    i.WaitStart                              0x0000160c   Section        0  inputoutput.o(i.WaitStart)
    i.WaitStop                               0x00001620   Section        0  inputoutput.o(i.WaitStop)
    i.WaitTx                                 0x00001634   Section        0  inputoutput.o(i.WaitTx)
    i.WrCfg                                  0x00001648   Section        0  inputoutput.o(i.WrCfg)
    i.__ARM_fpclassify                       0x00001652   Section        0  fpclassify.o(i.__ARM_fpclassify)
    i._is_digit                              0x00001682   Section        0  __printf_wp.o(i._is_digit)
    i.clk_high                               0x00001690   Section        0  inputoutput.o(i.clk_high)
    i.clk_low                                0x000016a4   Section        0  inputoutput.o(i.clk_low)
    i.initThermo                             0x000016b8   Section        0  inputoutput.o(i.initThermo)
    i.main                                   0x000016dc   Section        0  inputoutput.o(i.main)
    i.out_bit                                0x000017cc   Section        0  inputoutput.o(i.out_bit)
    i.read_raw_data                          0x0000180c   Section        0  inputoutput.o(i.read_raw_data)
    i.rst_high                               0x0000185c   Section        0  inputoutput.o(i.rst_high)
    i.rst_low                                0x00001870   Section        0  inputoutput.o(i.rst_low)
    i.write_command                          0x00001884   Section        0  inputoutput.o(i.write_command)
    locale$$code                             0x000018a4   Section       44  lc_numeric_c.o(locale$$code)
    x$fpl$dadd                               0x000018d0   Section      336  daddsub_clz.o(x$fpl$dadd)
    $v0                                      0x000018d0   Number         0  daddsub_clz.o(x$fpl$dadd)
    _dadd1                                   0x000018e1   Thumb Code     0  daddsub_clz.o(x$fpl$dadd)
    x$fpl$ddiv                               0x00001a20   Section      688  ddiv.o(x$fpl$ddiv)
    $v0                                      0x00001a20   Number         0  ddiv.o(x$fpl$ddiv)
    ddiv_entry                               0x00001a27   Thumb Code     0  ddiv.o(x$fpl$ddiv)
    x$fpl$dflt                               0x00001cd0   Section       46  dflt_clz.o(x$fpl$dflt)
    $v0                                      0x00001cd0   Number         0  dflt_clz.o(x$fpl$dflt)
    x$fpl$dmul                               0x00001d00   Section      340  dmul.o(x$fpl$dmul)
    $v0                                      0x00001d00   Number         0  dmul.o(x$fpl$dmul)
    x$fpl$dnaninf                            0x00001e54   Section      156  dnaninf.o(x$fpl$dnaninf)
    $v0                                      0x00001e54   Number         0  dnaninf.o(x$fpl$dnaninf)
    x$fpl$dretinf                            0x00001ef0   Section       12  dretinf.o(x$fpl$dretinf)
    $v0                                      0x00001ef0   Number         0  dretinf.o(x$fpl$dretinf)
    x$fpl$dsub                               0x00001efc   Section      468  daddsub_clz.o(x$fpl$dsub)
    $v0                                      0x00001efc   Number         0  daddsub_clz.o(x$fpl$dsub)
    _dsub1                                   0x00001f0d   Thumb Code     0  daddsub_clz.o(x$fpl$dsub)
    x$fpl$fpinit                             0x000020d0   Section       10  fpinit.o(x$fpl$fpinit)
    $v0                                      0x000020d0   Number         0  fpinit.o(x$fpl$fpinit)
    x$fpl$printf1                            0x000020da   Section        4  printf1.o(x$fpl$printf1)
    $v0                                      0x000020da   Number         0  printf1.o(x$fpl$printf1)
    x$fpl$usenofp                            0x000020de   Section        0  usenofp.o(x$fpl$usenofp)
    .constdata                               0x000020e0   Section      148  bigflt0.o(.constdata)
    tenpwrs_x                                0x000020e0   Data          60  bigflt0.o(.constdata)
    tenpwrs_i                                0x0000211c   Data          64  bigflt0.o(.constdata)
    locale$$data                             0x00002194   Section       28  lc_numeric_c.o(locale$$data)
    __lcnum_c_name                           0x00002198   Data           2  lc_numeric_c.o(locale$$data)
    __lcnum_c_start                          0x000021a0   Data           0  lc_numeric_c.o(locale$$data)
    __lcnum_c_point                          0x000021ac   Data           0  lc_numeric_c.o(locale$$data)
    __lcnum_c_thousands                      0x000021ae   Data           0  lc_numeric_c.o(locale$$data)
    __lcnum_c_grouping                       0x000021af   Data           0  lc_numeric_c.o(locale$$data)
    __lcnum_c_end                            0x000021b0   Data           0  lc_numeric_c.o(locale$$data)
    .data                                    0x20000000   Section       24  inputoutput.o(.data)
    .bss                                     0x20000018   Section       96  libspace.o(.bss)
    HEAP                                     0x20000078   Section        0  startup_msp432p401r_uvision.o(HEAP)
    STACK                                    0x20000078   Section      512  startup_msp432p401r_uvision.o(STACK)
    Heap_Mem                                 0x20000078   Data           0  startup_msp432p401r_uvision.o(HEAP)
    Stack_Mem                                0x20000078   Data         512  startup_msp432p401r_uvision.o(STACK)
    __initial_sp                             0x20000278   Data           0  startup_msp432p401r_uvision.o(STACK)

    Global Symbols

    Symbol Name                              Value     Ov Type        Size  Object(Section)

    BuildAttributes$$THM_ISAv4$E$P$D$K$B$S$7EM$VFPi3$EXTD16$VFPS$VFMA$PE$A:L22UL41UL21$X:L11$S22US41US21$IEEE1$IW$USESV6$~STKCKD$USESV7$~SHL$OTIME$ROPI$IEEEJ$EBA8$UX$STANDARDLIB$REQ8$PRES8$EABIv2 0x00000000   Number         0  anon$$obj.o ABSOLUTE
    __ARM_use_no_argv                        0x00000000   Number         0  inputoutput.o ABSOLUTE
    __Vectors                                0x00000000   Data           4  startup_msp432p401r_uvision.o(RESET)
    _printf_flags                            0x00000000   Number         0  printf_stubs.o ABSOLUTE
    _printf_return_value                     0x00000000   Number         0  printf_stubs.o ABSOLUTE
    _printf_sizespec                         0x00000000   Number         0  printf_stubs.o ABSOLUTE
    _printf_widthprec                        0x00000000   Number         0  printf_stubs.o ABSOLUTE
    __ARM_exceptions_init                     - Undefined Weak Reference
    __alloca_initialize                       - Undefined Weak Reference
    __arm_preinit_                            - Undefined Weak Reference
    __cpp_initialize__aeabi_                  - Undefined Weak Reference
    __cxa_finalize                            - Undefined Weak Reference
    __sigvec_lookup                           - Undefined Weak Reference
    _atexit_init                              - Undefined Weak Reference
    _call_atexit_fns                          - Undefined Weak Reference
    _clock_init                               - Undefined Weak Reference
    _fp_trap_init                             - Undefined Weak Reference
    _fp_trap_shutdown                         - Undefined Weak Reference
    _get_lc_collate                           - Undefined Weak Reference
    _get_lc_ctype                             - Undefined Weak Reference
    _get_lc_monetary                          - Undefined Weak Reference
    _get_lc_time                              - Undefined Weak Reference
    _getenv_init                              - Undefined Weak Reference
    _handle_redirection                       - Undefined Weak Reference
    _init_alloc                               - Undefined Weak Reference
    _init_user_alloc                          - Undefined Weak Reference
    _initio                                   - Undefined Weak Reference
    _printf_post_padding                      - Undefined Weak Reference
    _printf_pre_padding                       - Undefined Weak Reference
    _rand_init                                - Undefined Weak Reference
    _signal_finish                            - Undefined Weak Reference
    _signal_init                              - Undefined Weak Reference
    _terminate_alloc                          - Undefined Weak Reference
    _terminate_user_alloc                     - Undefined Weak Reference
    _terminateio                              - Undefined Weak Reference
    __Vectors_End                            0x00000144   Data           0  startup_msp432p401r_uvision.o(RESET)
    __Vectors_Size                           0x00000144   Number         0  startup_msp432p401r_uvision.o ABSOLUTE
    __main                                   0x00000145   Thumb Code     8  __main.o(!!!main)
    __scatterload                            0x0000014d   Thumb Code     0  __scatter.o(!!!scatter)
    __scatterload_rt2                        0x0000014d   Thumb Code    44  __scatter.o(!!!scatter)
    __scatterload_rt2_thumb_only             0x0000014d   Thumb Code     0  __scatter.o(!!!scatter)
    __scatterload_null                       0x0000015b   Thumb Code     0  __scatter.o(!!!scatter)
    __scatterload_copy                       0x00000181   Thumb Code    26  __scatter_copy.o(!!handler_copy)
    __scatterload_zeroinit                   0x0000019d   Thumb Code    28  __scatter_zi.o(!!handler_zi)
    _printf_f                                0x000001b9   Thumb Code     0  _printf_f.o(.ARM.Collect$$_printf_percent$$00000003)
    _printf_percent                          0x000001b9   Thumb Code     0  _printf_percent.o(.ARM.Collect$$_printf_percent$$00000000)
    _printf_percent_end                      0x000001bf   Thumb Code     0  _printf_percent_end.o(.ARM.Collect$$_printf_percent$$00000017)
    __rt_lib_init                            0x000001c3   Thumb Code     0  libinit.o(.ARM.Collect$$libinit$$00000000)
    __rt_lib_init_fp_1                       0x000001c5   Thumb Code     0  libinit2.o(.ARM.Collect$$libinit$$00000001)
    __rt_lib_init_heap_1                     0x000001c9   Thumb Code     0  libinit2.o(.ARM.Collect$$libinit$$0000000A)
    __rt_lib_init_lc_common                  0x000001c9   Thumb Code     0  libinit2.o(.ARM.Collect$$libinit$$0000000F)
    __rt_lib_init_preinit_1                  0x000001c9   Thumb Code     0  libinit2.o(.ARM.Collect$$libinit$$00000004)
    __rt_lib_init_rand_1                     0x000001c9   Thumb Code     0  libinit2.o(.ARM.Collect$$libinit$$0000000E)
    __rt_lib_init_user_alloc_1               0x000001c9   Thumb Code     0  libinit2.o(.ARM.Collect$$libinit$$0000000C)
    __rt_lib_init_lc_collate_1               0x000001cf   Thumb Code     0  libinit2.o(.ARM.Collect$$libinit$$00000011)
    __rt_lib_init_lc_ctype_1                 0x000001cf   Thumb Code     0  libinit2.o(.ARM.Collect$$libinit$$00000013)
    __rt_lib_init_lc_monetary_1              0x000001cf   Thumb Code     0  libinit2.o(.ARM.Collect$$libinit$$00000015)
    __rt_lib_init_lc_numeric_2               0x000001cf   Thumb Code     0  libinit2.o(.ARM.Collect$$libinit$$00000016)
    __rt_lib_init_alloca_1                   0x000001d9   Thumb Code     0  libinit2.o(.ARM.Collect$$libinit$$0000002E)
    __rt_lib_init_argv_1                     0x000001d9   Thumb Code     0  libinit2.o(.ARM.Collect$$libinit$$0000002C)
    __rt_lib_init_atexit_1                   0x000001d9   Thumb Code     0  libinit2.o(.ARM.Collect$$libinit$$0000001B)
    __rt_lib_init_clock_1                    0x000001d9   Thumb Code     0  libinit2.o(.ARM.Collect$$libinit$$00000021)
    __rt_lib_init_cpp_1                      0x000001d9   Thumb Code     0  libinit2.o(.ARM.Collect$$libinit$$00000032)
    __rt_lib_init_exceptions_1               0x000001d9   Thumb Code     0  libinit2.o(.ARM.Collect$$libinit$$00000030)
    __rt_lib_init_fp_trap_1                  0x000001d9   Thumb Code     0  libinit2.o(.ARM.Collect$$libinit$$0000001F)
    __rt_lib_init_getenv_1                   0x000001d9   Thumb Code     0  libinit2.o(.ARM.Collect$$libinit$$00000023)
    __rt_lib_init_lc_numeric_1               0x000001d9   Thumb Code     0  libinit2.o(.ARM.Collect$$libinit$$00000017)
    __rt_lib_init_lc_time_1                  0x000001d9   Thumb Code     0  libinit2.o(.ARM.Collect$$libinit$$00000019)
    __rt_lib_init_return                     0x000001d9   Thumb Code     0  libinit2.o(.ARM.Collect$$libinit$$00000033)
    __rt_lib_init_signal_1                   0x000001d9   Thumb Code     0  libinit2.o(.ARM.Collect$$libinit$$0000001D)
    __rt_lib_init_stdio_1                    0x000001d9   Thumb Code     0  libinit2.o(.ARM.Collect$$libinit$$00000025)
    __rt_lib_shutdown                        0x000001db   Thumb Code     0  libshutdown.o(.ARM.Collect$$libshutdown$$00000000)
    __rt_lib_shutdown_cpp_1                  0x000001dd   Thumb Code     0  libshutdown2.o(.ARM.Collect$$libshutdown$$00000002)
    __rt_lib_shutdown_fp_trap_1              0x000001dd   Thumb Code     0  libshutdown2.o(.ARM.Collect$$libshutdown$$00000007)
    __rt_lib_shutdown_heap_1                 0x000001dd   Thumb Code     0  libshutdown2.o(.ARM.Collect$$libshutdown$$0000000F)
    __rt_lib_shutdown_return                 0x000001dd   Thumb Code     0  libshutdown2.o(.ARM.Collect$$libshutdown$$00000010)
    __rt_lib_shutdown_signal_1               0x000001dd   Thumb Code     0  libshutdown2.o(.ARM.Collect$$libshutdown$$0000000A)
    __rt_lib_shutdown_stdio_1                0x000001dd   Thumb Code     0  libshutdown2.o(.ARM.Collect$$libshutdown$$00000004)
    __rt_lib_shutdown_user_alloc_1           0x000001dd   Thumb Code     0  libshutdown2.o(.ARM.Collect$$libshutdown$$0000000C)
    __rt_entry                               0x000001df   Thumb Code     0  __rtentry.o(.ARM.Collect$$rtentry$$00000000)
    __rt_entry_presh_1                       0x000001df   Thumb Code     0  __rtentry2.o(.ARM.Collect$$rtentry$$00000002)
    __rt_entry_sh                            0x000001df   Thumb Code     0  __rtentry4.o(.ARM.Collect$$rtentry$$00000004)
    __rt_entry_li                            0x000001e5   Thumb Code     0  __rtentry2.o(.ARM.Collect$$rtentry$$0000000A)
    __rt_entry_postsh_1                      0x000001e5   Thumb Code     0  __rtentry2.o(.ARM.Collect$$rtentry$$00000009)
    __rt_entry_main                          0x000001e9   Thumb Code     0  __rtentry2.o(.ARM.Collect$$rtentry$$0000000D)
    __rt_entry_postli_1                      0x000001e9   Thumb Code     0  __rtentry2.o(.ARM.Collect$$rtentry$$0000000C)
    __rt_exit                                0x000001f1   Thumb Code     0  rtexit.o(.ARM.Collect$$rtexit$$00000000)
    __rt_exit_ls                             0x000001f3   Thumb Code     0  rtexit2.o(.ARM.Collect$$rtexit$$00000003)
    __rt_exit_prels_1                        0x000001f3   Thumb Code     0  rtexit2.o(.ARM.Collect$$rtexit$$00000002)
    __rt_exit_exit                           0x000001f7   Thumb Code     0  rtexit2.o(.ARM.Collect$$rtexit$$00000004)
    Reset_Handler                            0x000001fd   Thumb Code     8  startup_msp432p401r_uvision.o(.text)
    NMI_Handler                              0x00000205   Thumb Code     2  startup_msp432p401r_uvision.o(.text)
    HardFault_Handler                        0x00000207   Thumb Code     2  startup_msp432p401r_uvision.o(.text)
    MemManage_Handler                        0x00000209   Thumb Code     2  startup_msp432p401r_uvision.o(.text)
    BusFault_Handler                         0x0000020b   Thumb Code     2  startup_msp432p401r_uvision.o(.text)
    UsageFault_Handler                       0x0000020d   Thumb Code     2  startup_msp432p401r_uvision.o(.text)
    SVC_Handler                              0x0000020f   Thumb Code     2  startup_msp432p401r_uvision.o(.text)
    DebugMon_Handler                         0x00000211   Thumb Code     2  startup_msp432p401r_uvision.o(.text)
    PendSV_Handler                           0x00000213   Thumb Code     2  startup_msp432p401r_uvision.o(.text)
    SysTick_Handler                          0x00000215   Thumb Code     2  startup_msp432p401r_uvision.o(.text)
    ADC14_IRQHandler                         0x00000217   Thumb Code     0  startup_msp432p401r_uvision.o(.text)
    AES256_IRQHandler                        0x00000217   Thumb Code     0  startup_msp432p401r_uvision.o(.text)
    COMP_E0_IRQHandler                       0x00000217   Thumb Code     0  startup_msp432p401r_uvision.o(.text)
    COMP_E1_IRQHandler                       0x00000217   Thumb Code     0  startup_msp432p401r_uvision.o(.text)
    CS_IRQHandler                            0x00000217   Thumb Code     0  startup_msp432p401r_uvision.o(.text)
    DMA_ERR_IRQHandler                       0x00000217   Thumb Code     0  startup_msp432p401r_uvision.o(.text)
    DMA_INT0_IRQHandler                      0x00000217   Thumb Code     0  startup_msp432p401r_uvision.o(.text)
    DMA_INT1_IRQHandler                      0x00000217   Thumb Code     0  startup_msp432p401r_uvision.o(.text)
    DMA_INT2_IRQHandler                      0x00000217   Thumb Code     0  startup_msp432p401r_uvision.o(.text)
    DMA_INT3_IRQHandler                      0x00000217   Thumb Code     0  startup_msp432p401r_uvision.o(.text)
    EUSCIA0_IRQHandler                       0x00000217   Thumb Code     0  startup_msp432p401r_uvision.o(.text)
    EUSCIA1_IRQHandler                       0x00000217   Thumb Code     0  startup_msp432p401r_uvision.o(.text)
    EUSCIA2_IRQHandler                       0x00000217   Thumb Code     0  startup_msp432p401r_uvision.o(.text)
    EUSCIA3_IRQHandler                       0x00000217   Thumb Code     0  startup_msp432p401r_uvision.o(.text)
    EUSCIB0_IRQHandler                       0x00000217   Thumb Code     0  startup_msp432p401r_uvision.o(.text)
    EUSCIB1_IRQHandler                       0x00000217   Thumb Code     0  startup_msp432p401r_uvision.o(.text)
    EUSCIB2_IRQHandler                       0x00000217   Thumb Code     0  startup_msp432p401r_uvision.o(.text)
    EUSCIB3_IRQHandler                       0x00000217   Thumb Code     0  startup_msp432p401r_uvision.o(.text)
    FLCTL_IRQHandler                         0x00000217   Thumb Code     0  startup_msp432p401r_uvision.o(.text)
    FPU_IRQHandler                           0x00000217   Thumb Code     0  startup_msp432p401r_uvision.o(.text)
    PCM_IRQHandler                           0x00000217   Thumb Code     0  startup_msp432p401r_uvision.o(.text)
    PORT1_IRQHandler                         0x00000217   Thumb Code     0  startup_msp432p401r_uvision.o(.text)
    PORT2_IRQHandler                         0x00000217   Thumb Code     0  startup_msp432p401r_uvision.o(.text)
    PORT3_IRQHandler                         0x00000217   Thumb Code     0  startup_msp432p401r_uvision.o(.text)
    PORT5_IRQHandler                         0x00000217   Thumb Code     0  startup_msp432p401r_uvision.o(.text)
    PORT6_IRQHandler                         0x00000217   Thumb Code     0  startup_msp432p401r_uvision.o(.text)
    PSS_IRQHandler                           0x00000217   Thumb Code     0  startup_msp432p401r_uvision.o(.text)
    RTC_C_IRQHandler                         0x00000217   Thumb Code     0  startup_msp432p401r_uvision.o(.text)
    T32_INT1_IRQHandler                      0x00000217   Thumb Code     0  startup_msp432p401r_uvision.o(.text)
    T32_INT2_IRQHandler                      0x00000217   Thumb Code     0  startup_msp432p401r_uvision.o(.text)
    T32_INTC_IRQHandler                      0x00000217   Thumb Code     0  startup_msp432p401r_uvision.o(.text)
    TA0_0_IRQHandler                         0x00000217   Thumb Code     0  startup_msp432p401r_uvision.o(.text)
    TA0_N_IRQHandler                         0x00000217   Thumb Code     0  startup_msp432p401r_uvision.o(.text)
    TA1_0_IRQHandler                         0x00000217   Thumb Code     0  startup_msp432p401r_uvision.o(.text)
    TA1_N_IRQHandler                         0x00000217   Thumb Code     0  startup_msp432p401r_uvision.o(.text)
    TA2_0_IRQHandler                         0x00000217   Thumb Code     0  startup_msp432p401r_uvision.o(.text)
    TA3_0_IRQHandler                         0x00000217   Thumb Code     0  startup_msp432p401r_uvision.o(.text)
    TA3_N_IRQHandler                         0x00000217   Thumb Code     0  startup_msp432p401r_uvision.o(.text)
    WDT_A_IRQHandler                         0x00000217   Thumb Code     0  startup_msp432p401r_uvision.o(.text)
    __user_initial_stackheap                 0x00000219   Thumb Code    10  startup_msp432p401r_uvision.o(.text)
    DisableInterrupts                        0x00000225   Thumb Code     0  startup_msp432p401r_uvision.o(.text)
    EnableInterrupts                         0x00000229   Thumb Code     0  startup_msp432p401r_uvision.o(.text)
    StartCritical                            0x0000022d   Thumb Code     0  startup_msp432p401r_uvision.o(.text)
    EndCritical                              0x00000235   Thumb Code     0  startup_msp432p401r_uvision.o(.text)
    WaitForInterrupt                         0x0000023b   Thumb Code     0  startup_msp432p401r_uvision.o(.text)
    __2sprintf                               0x00000255   Thumb Code    34  noretval__2sprintf.o(.text)
    __printf                                 0x0000027d   Thumb Code   270  __printf_wp.o(.text)
    __use_two_region_memory                  0x0000038b   Thumb Code     2  heapauxi.o(.text)
    __rt_heap_escrow$2region                 0x0000038d   Thumb Code     2  heapauxi.o(.text)
    __rt_heap_expand$2region                 0x0000038f   Thumb Code     2  heapauxi.o(.text)
    __lib_sel_fp_printf                      0x00000391   Thumb Code     2  _printf_fp_dec.o(.text)
    _printf_fp_dec_real                      0x0000053f   Thumb Code   620  _printf_fp_dec.o(.text)
    _printf_char_common                      0x000007b7   Thumb Code    32  _printf_char_common.o(.text)
    _sputc                                   0x000007dd   Thumb Code    10  _sputc.o(.text)
    __rt_locale                              0x000007e9   Thumb Code     8  rt_locale_intlibspace.o(.text)
    _ll_udiv10                               0x000007f1   Thumb Code   138  lludiv10.o(.text)
    _printf_fp_infnan                        0x0000087d   Thumb Code   112  _printf_fp_infnan.o(.text)
    _btod_etento                             0x000008fd   Thumb Code   216  bigflt0.o(.text)
    __user_libspace                          0x000009d9   Thumb Code     8  libspace.o(.text)
    __user_perproc_libspace                  0x000009d9   Thumb Code     0  libspace.o(.text)
    __user_perthread_libspace                0x000009d9   Thumb Code     0  libspace.o(.text)
    __user_setup_stackheap                   0x000009e1   Thumb Code    74  sys_stackheap_outer.o(.text)
    exit                                     0x00000a2b   Thumb Code    18  exit.o(.text)
    strcmp                                   0x00000a3d   Thumb Code   128  strcmpv7m.o(.text)
    _sys_exit                                0x00000abd   Thumb Code     8  sys_exit.o(.text)
    __I$use$semihosting                      0x00000ac9   Thumb Code     0  use_no_semi.o(.text)
    __use_no_semihosting_swi                 0x00000ac9   Thumb Code     2  use_no_semi.o(.text)
    __semihosting_library_function           0x00000acb   Thumb Code     0  indicate_semi.o(.text)
    _btod_d2e                                0x00000acb   Thumb Code    62  btod.o(CL$$btod_d2e)
    _d2e_denorm_low                          0x00000b09   Thumb Code    70  btod.o(CL$$btod_d2e_denorm_low)
    _d2e_norm_op1                            0x00000b4f   Thumb Code    96  btod.o(CL$$btod_d2e_norm_op1)
    __btod_div_common                        0x00000baf   Thumb Code   696  btod.o(CL$$btod_div_common)
    _e2e                                     0x00000ee7   Thumb Code   198  btod.o(CL$$btod_e2e)
    _btod_ediv                               0x00000fad   Thumb Code    40  btod.o(CL$$btod_ediv)
    _btod_emul                               0x00000fd5   Thumb Code    40  btod.o(CL$$btod_emul)
    __btod_mult_common                       0x00000ffd   Thumb Code   580  btod.o(CL$$btod_mult_common)
    ConfigureInterrupts                      0x00001241   Thumb Code   102  inputoutput.o(i.ConfigureInterrupts)
    GenStart                                 0x000012b1   Thumb Code    14  inputoutput.o(i.GenStart)
    GenStop                                  0x000012c5   Thumb Code    14  inputoutput.o(i.GenStop)
    InitAD                                   0x000012d9   Thumb Code   108  inputoutput.o(i.InitAD)
    InitI2C                                  0x00001351   Thumb Code    66  inputoutput.o(i.InitI2C)
    InitLCD                                  0x0000139d   Thumb Code    58  inputoutput.o(i.InitLCD)
    LCDSDEL                                  0x000013d7   Thumb Code    12  inputoutput.o(i.LCDSDEL)
    OutI2C                                   0x000013e5   Thumb Code    58  inputoutput.o(i.OutI2C)
    OutLCD                                   0x00001425   Thumb Code    70  inputoutput.o(i.OutLCD)
    OutputString                             0x0000146b   Thumb Code    30  inputoutput.o(i.OutputString)
    PORT4_IRQHandler                         0x00001489   Thumb Code    30  inputoutput.o(i.PORT4_IRQHandler)
    RdTemp                                   0x000014b1   Thumb Code   104  inputoutput.o(i.RdTemp)
    StartCnv                                 0x00001521   Thumb Code    10  inputoutput.o(i.StartCnv)
    SystemInit                               0x0000152d   Thumb Code    86  system_msp432p401r.o(i.SystemInit)
    TA2_N_IRQHandler                         0x00001599   Thumb Code    92  inputoutput.o(i.TA2_N_IRQHandler)
    WaitStart                                0x0000160d   Thumb Code    16  inputoutput.o(i.WaitStart)
    WaitStop                                 0x00001621   Thumb Code    16  inputoutput.o(i.WaitStop)
    WaitTx                                   0x00001635   Thumb Code    16  inputoutput.o(i.WaitTx)
    WrCfg                                    0x00001649   Thumb Code    10  inputoutput.o(i.WrCfg)
    __ARM_fpclassify                         0x00001653   Thumb Code    48  fpclassify.o(i.__ARM_fpclassify)
    _is_digit                                0x00001683   Thumb Code    14  __printf_wp.o(i._is_digit)
    clk_high                                 0x00001691   Thumb Code    14  inputoutput.o(i.clk_high)
    clk_low                                  0x000016a5   Thumb Code    14  inputoutput.o(i.clk_low)
    initThermo                               0x000016b9   Thumb Code    30  inputoutput.o(i.initThermo)
    main                                     0x000016dd   Thumb Code   190  inputoutput.o(i.main)
    out_bit                                  0x000017cd   Thumb Code    60  inputoutput.o(i.out_bit)
    read_raw_data                            0x0000180d   Thumb Code    74  inputoutput.o(i.read_raw_data)
    rst_high                                 0x0000185d   Thumb Code    14  inputoutput.o(i.rst_high)
    rst_low                                  0x00001871   Thumb Code    14  inputoutput.o(i.rst_low)
    write_command                            0x00001885   Thumb Code    30  inputoutput.o(i.write_command)
    _get_lc_numeric                          0x000018a5   Thumb Code    44  lc_numeric_c.o(locale$$code)
    __aeabi_dadd                             0x000018d1   Thumb Code     0  daddsub_clz.o(x$fpl$dadd)
    _dadd                                    0x000018d1   Thumb Code   332  daddsub_clz.o(x$fpl$dadd)
    __aeabi_ddiv                             0x00001a21   Thumb Code     0  ddiv.o(x$fpl$ddiv)
    _ddiv                                    0x00001a21   Thumb Code   552  ddiv.o(x$fpl$ddiv)
    __aeabi_i2d                              0x00001cd1   Thumb Code     0  dflt_clz.o(x$fpl$dflt)
    _dflt                                    0x00001cd1   Thumb Code    46  dflt_clz.o(x$fpl$dflt)
    __aeabi_dmul                             0x00001d01   Thumb Code     0  dmul.o(x$fpl$dmul)
    _dmul                                    0x00001d01   Thumb Code   332  dmul.o(x$fpl$dmul)
    __fpl_dnaninf                            0x00001e55   Thumb Code   156  dnaninf.o(x$fpl$dnaninf)
    __fpl_dretinf                            0x00001ef1   Thumb Code    12  dretinf.o(x$fpl$dretinf)
    __aeabi_dsub                             0x00001efd   Thumb Code     0  daddsub_clz.o(x$fpl$dsub)
    _dsub                                    0x00001efd   Thumb Code   464  daddsub_clz.o(x$fpl$dsub)
    _fp_init                                 0x000020d1   Thumb Code    10  fpinit.o(x$fpl$fpinit)
    __fplib_config_fpu_vfp                   0x000020d9   Thumb Code     0  fpinit.o(x$fpl$fpinit)
    __fplib_config_pureend_doubles           0x000020d9   Thumb Code     0  fpinit.o(x$fpl$fpinit)
    _printf_fp_dec                           0x000020db   Thumb Code     4  printf1.o(x$fpl$printf1)
    __I$use$fp                               0x000020de   Number         0  usenofp.o(x$fpl$usenofp)
    Region$$Table$$Base                      0x00002174   Number         0  anon$$obj.o(Region$$Table)
    Region$$Table$$Limit                     0x00002194   Number         0  anon$$obj.o(Region$$Table)
    high                                     0x20000000   Data           2  inputoutput.o(.data)
    low                                      0x20000002   Data           2  inputoutput.o(.data)
    prevFall                                 0x20000004   Data           2  inputoutput.o(.data)
    prevRise                                 0x20000006   Data           2  inputoutput.o(.data)
    prevPrevCap                              0x20000008   Data           2  inputoutput.o(.data)
    prevCap                                  0x2000000a   Data           2  inputoutput.o(.data)
    curCap                                   0x2000000c   Data           2  inputoutput.o(.data)
    period                                   0x2000000e   Data           2  inputoutput.o(.data)
    delta                                    0x20000010   Data           2  inputoutput.o(.data)
    checkPin                                 0x20000012   Data           1  inputoutput.o(.data)
    getSwitchValue                           0x20000014   Data           4  inputoutput.o(.data)
    __libspace_start                         0x20000018   Data          96  libspace.o(.bss)
    __temporary_stack_top$libspace           0x20000078   Data           0  libspace.o(.bss)



==============================================================================

Memory Map of the image

  Image Entry point : 0x000001fd

  Load Region LR_1 (Base: 0x00000000, Size: 0x000021c8, Max: 0xffffffff, ABSOLUTE)

    Execution Region ER_RO (Base: 0x00000000, Size: 0x000021b0, Max: 0xffffffff, ABSOLUTE)

    Base Addr    Size         Type   Attr      Idx    E Section Name        Object

    0x00000000   0x00000144   Data   RO          273    RESET               startup_msp432p401r_uvision.o
    0x00000144   0x00000008   Code   RO          346  * !!!main             c_w.l(__main.o)
    0x0000014c   0x00000034   Code   RO          580    !!!scatter          c_w.l(__scatter.o)
    0x00000180   0x0000001a   Code   RO          582    !!handler_copy      c_w.l(__scatter_copy.o)
    0x0000019a   0x00000002   PAD
    0x0000019c   0x0000001c   Code   RO          584    !!handler_zi        c_w.l(__scatter_zi.o)
    0x000001b8   0x00000000   Code   RO          343    .ARM.Collect$$_printf_percent$$00000000  c_w.l(_printf_percent.o)
    0x000001b8   0x00000006   Code   RO          342    .ARM.Collect$$_printf_percent$$00000003  c_w.l(_printf_f.o)
    0x000001be   0x00000004   Code   RO          375    .ARM.Collect$$_printf_percent$$00000017  c_w.l(_printf_percent_end.o)
    0x000001c2   0x00000002   Code   RO          453    .ARM.Collect$$libinit$$00000000  c_w.l(libinit.o)
    0x000001c4   0x00000004   Code   RO          454    .ARM.Collect$$libinit$$00000001  c_w.l(libinit2.o)
    0x000001c8   0x00000000   Code   RO          457    .ARM.Collect$$libinit$$00000004  c_w.l(libinit2.o)
    0x000001c8   0x00000000   Code   RO          460    .ARM.Collect$$libinit$$0000000A  c_w.l(libinit2.o)
    0x000001c8   0x00000000   Code   RO          462    .ARM.Collect$$libinit$$0000000C  c_w.l(libinit2.o)
    0x000001c8   0x00000000   Code   RO          464    .ARM.Collect$$libinit$$0000000E  c_w.l(libinit2.o)
    0x000001c8   0x00000006   Code   RO          465    .ARM.Collect$$libinit$$0000000F  c_w.l(libinit2.o)
    0x000001ce   0x00000000   Code   RO          467    .ARM.Collect$$libinit$$00000011  c_w.l(libinit2.o)
    0x000001ce   0x00000000   Code   RO          469    .ARM.Collect$$libinit$$00000013  c_w.l(libinit2.o)
    0x000001ce   0x00000000   Code   RO          471    .ARM.Collect$$libinit$$00000015  c_w.l(libinit2.o)
    0x000001ce   0x0000000a   Code   RO          472    .ARM.Collect$$libinit$$00000016  c_w.l(libinit2.o)
    0x000001d8   0x00000000   Code   RO          473    .ARM.Collect$$libinit$$00000017  c_w.l(libinit2.o)
    0x000001d8   0x00000000   Code   RO          475    .ARM.Collect$$libinit$$00000019  c_w.l(libinit2.o)
    0x000001d8   0x00000000   Code   RO          477    .ARM.Collect$$libinit$$0000001B  c_w.l(libinit2.o)
    0x000001d8   0x00000000   Code   RO          479    .ARM.Collect$$libinit$$0000001D  c_w.l(libinit2.o)
    0x000001d8   0x00000000   Code   RO          481    .ARM.Collect$$libinit$$0000001F  c_w.l(libinit2.o)
    0x000001d8   0x00000000   Code   RO          483    .ARM.Collect$$libinit$$00000021  c_w.l(libinit2.o)
    0x000001d8   0x00000000   Code   RO          485    .ARM.Collect$$libinit$$00000023  c_w.l(libinit2.o)
    0x000001d8   0x00000000   Code   RO          487    .ARM.Collect$$libinit$$00000025  c_w.l(libinit2.o)
    0x000001d8   0x00000000   Code   RO          491    .ARM.Collect$$libinit$$0000002C  c_w.l(libinit2.o)
    0x000001d8   0x00000000   Code   RO          493    .ARM.Collect$$libinit$$0000002E  c_w.l(libinit2.o)
    0x000001d8   0x00000000   Code   RO          495    .ARM.Collect$$libinit$$00000030  c_w.l(libinit2.o)
    0x000001d8   0x00000000   Code   RO          497    .ARM.Collect$$libinit$$00000032  c_w.l(libinit2.o)
    0x000001d8   0x00000002   Code   RO          498    .ARM.Collect$$libinit$$00000033  c_w.l(libinit2.o)
    0x000001da   0x00000002   Code   RO          528    .ARM.Collect$$libshutdown$$00000000  c_w.l(libshutdown.o)
    0x000001dc   0x00000000   Code   RO          539    .ARM.Collect$$libshutdown$$00000002  c_w.l(libshutdown2.o)
    0x000001dc   0x00000000   Code   RO          541    .ARM.Collect$$libshutdown$$00000004  c_w.l(libshutdown2.o)
    0x000001dc   0x00000000   Code   RO          544    .ARM.Collect$$libshutdown$$00000007  c_w.l(libshutdown2.o)
    0x000001dc   0x00000000   Code   RO          547    .ARM.Collect$$libshutdown$$0000000A  c_w.l(libshutdown2.o)
    0x000001dc   0x00000000   Code   RO          549    .ARM.Collect$$libshutdown$$0000000C  c_w.l(libshutdown2.o)
    0x000001dc   0x00000000   Code   RO          552    .ARM.Collect$$libshutdown$$0000000F  c_w.l(libshutdown2.o)
    0x000001dc   0x00000002   Code   RO          553    .ARM.Collect$$libshutdown$$00000010  c_w.l(libshutdown2.o)
    0x000001de   0x00000000   Code   RO          368    .ARM.Collect$$rtentry$$00000000  c_w.l(__rtentry.o)
    0x000001de   0x00000000   Code   RO          382    .ARM.Collect$$rtentry$$00000002  c_w.l(__rtentry2.o)
    0x000001de   0x00000006   Code   RO          394    .ARM.Collect$$rtentry$$00000004  c_w.l(__rtentry4.o)
    0x000001e4   0x00000000   Code   RO          384    .ARM.Collect$$rtentry$$00000009  c_w.l(__rtentry2.o)
    0x000001e4   0x00000004   Code   RO          385    .ARM.Collect$$rtentry$$0000000A  c_w.l(__rtentry2.o)
    0x000001e8   0x00000000   Code   RO          387    .ARM.Collect$$rtentry$$0000000C  c_w.l(__rtentry2.o)
    0x000001e8   0x00000008   Code   RO          388    .ARM.Collect$$rtentry$$0000000D  c_w.l(__rtentry2.o)
    0x000001f0   0x00000002   Code   RO          499    .ARM.Collect$$rtexit$$00000000  c_w.l(rtexit.o)
    0x000001f2   0x00000000   Code   RO          506    .ARM.Collect$$rtexit$$00000002  c_w.l(rtexit2.o)
    0x000001f2   0x00000004   Code   RO          507    .ARM.Collect$$rtexit$$00000003  c_w.l(rtexit2.o)
    0x000001f6   0x00000006   Code   RO          508    .ARM.Collect$$rtexit$$00000004  c_w.l(rtexit2.o)
    0x000001fc   0x00000058   Code   RO          274  * .text               startup_msp432p401r_uvision.o
    0x00000254   0x00000028   Code   RO          318    .text               c_w.l(noretval__2sprintf.o)
    0x0000027c   0x0000010e   Code   RO          330    .text               c_w.l(__printf_wp.o)
    0x0000038a   0x00000006   Code   RO          344    .text               c_w.l(heapauxi.o)
    0x00000390   0x0000041a   Code   RO          369    .text               c_w.l(_printf_fp_dec.o)
    0x000007aa   0x00000002   PAD
    0x000007ac   0x00000030   Code   RO          371    .text               c_w.l(_printf_char_common.o)
    0x000007dc   0x0000000a   Code   RO          373    .text               c_w.l(_sputc.o)
    0x000007e6   0x00000002   PAD
    0x000007e8   0x00000008   Code   RO          399    .text               c_w.l(rt_locale_intlibspace.o)
    0x000007f0   0x0000008a   Code   RO          401    .text               c_w.l(lludiv10.o)
    0x0000087a   0x00000002   PAD
    0x0000087c   0x00000080   Code   RO          403    .text               c_w.l(_printf_fp_infnan.o)
    0x000008fc   0x000000dc   Code   RO          407    .text               c_w.l(bigflt0.o)
    0x000009d8   0x00000008   Code   RO          439    .text               c_w.l(libspace.o)
    0x000009e0   0x0000004a   Code   RO          442    .text               c_w.l(sys_stackheap_outer.o)
    0x00000a2a   0x00000012   Code   RO          444    .text               c_w.l(exit.o)
    0x00000a3c   0x00000080   Code   RO          446    .text               c_w.l(strcmpv7m.o)
    0x00000abc   0x0000000c   Code   RO          518    .text               c_w.l(sys_exit.o)
    0x00000ac8   0x00000002   Code   RO          529    .text               c_w.l(use_no_semi.o)
    0x00000aca   0x00000000   Code   RO          531    .text               c_w.l(indicate_semi.o)
    0x00000aca   0x0000003e   Code   RO          410    CL$$btod_d2e        c_w.l(btod.o)
    0x00000b08   0x00000046   Code   RO          412    CL$$btod_d2e_denorm_low  c_w.l(btod.o)
    0x00000b4e   0x00000060   Code   RO          411    CL$$btod_d2e_norm_op1  c_w.l(btod.o)
    0x00000bae   0x00000338   Code   RO          420    CL$$btod_div_common  c_w.l(btod.o)
    0x00000ee6   0x000000c6   Code   RO          417    CL$$btod_e2e        c_w.l(btod.o)
    0x00000fac   0x00000028   Code   RO          414    CL$$btod_ediv       c_w.l(btod.o)
    0x00000fd4   0x00000028   Code   RO          413    CL$$btod_emul       c_w.l(btod.o)
    0x00000ffc   0x00000244   Code   RO          419    CL$$btod_mult_common  c_w.l(btod.o)
    0x00001240   0x00000070   Code   RO            4    i.ConfigureInterrupts  inputoutput.o
    0x000012b0   0x00000014   Code   RO            5    i.GenStart          inputoutput.o
    0x000012c4   0x00000014   Code   RO            6    i.GenStop           inputoutput.o
    0x000012d8   0x00000078   Code   RO            8    i.InitAD            inputoutput.o
    0x00001350   0x0000004c   Code   RO            9    i.InitI2C           inputoutput.o
    0x0000139c   0x0000003a   Code   RO           10    i.InitLCD           inputoutput.o
    0x000013d6   0x0000000c   Code   RO           12    i.LCDSDEL           inputoutput.o
    0x000013e2   0x00000002   PAD
    0x000013e4   0x00000040   Code   RO           13    i.OutI2C            inputoutput.o
    0x00001424   0x00000046   Code   RO           14    i.OutLCD            inputoutput.o
    0x0000146a   0x0000001e   Code   RO           16    i.OutputString      inputoutput.o
    0x00001488   0x00000028   Code   RO           17    i.PORT4_IRQHandler  inputoutput.o
    0x000014b0   0x00000070   Code   RO           19    i.RdTemp            inputoutput.o
    0x00001520   0x0000000a   Code   RO           21    i.StartCnv          inputoutput.o
    0x0000152a   0x00000002   PAD
    0x0000152c   0x0000006c   Code   RO          282    i.SystemInit        system_msp432p401r.o
    0x00001598   0x00000074   Code   RO           22    i.TA2_N_IRQHandler  inputoutput.o
    0x0000160c   0x00000014   Code   RO           24    i.WaitStart         inputoutput.o
    0x00001620   0x00000014   Code   RO           25    i.WaitStop          inputoutput.o
    0x00001634   0x00000014   Code   RO           26    i.WaitTx            inputoutput.o
    0x00001648   0x0000000a   Code   RO           27    i.WrCfg             inputoutput.o
    0x00001652   0x00000030   Code   RO          437    i.__ARM_fpclassify  m_wm.l(fpclassify.o)
    0x00001682   0x0000000e   Code   RO          332    i._is_digit         c_w.l(__printf_wp.o)
    0x00001690   0x00000014   Code   RO           28    i.clk_high          inputoutput.o
    0x000016a4   0x00000014   Code   RO           29    i.clk_low           inputoutput.o
    0x000016b8   0x00000024   Code   RO           30    i.initThermo        inputoutput.o
    0x000016dc   0x000000f0   Code   RO           31    i.main              inputoutput.o
    0x000017cc   0x00000040   Code   RO           32    i.out_bit           inputoutput.o
    0x0000180c   0x00000050   Code   RO           33    i.read_raw_data     inputoutput.o
    0x0000185c   0x00000014   Code   RO           34    i.rst_high          inputoutput.o
    0x00001870   0x00000014   Code   RO           35    i.rst_low           inputoutput.o
    0x00001884   0x0000001e   Code   RO           36    i.write_command     inputoutput.o
    0x000018a2   0x00000002   PAD
    0x000018a4   0x0000002c   Code   RO          433    locale$$code        c_w.l(lc_numeric_c.o)
    0x000018d0   0x00000150   Code   RO          348    x$fpl$dadd          fz_wm.l(daddsub_clz.o)
    0x00001a20   0x000002b0   Code   RO          355    x$fpl$ddiv          fz_wm.l(ddiv.o)
    0x00001cd0   0x0000002e   Code   RO          359    x$fpl$dflt          fz_wm.l(dflt_clz.o)
    0x00001cfe   0x00000002   PAD
    0x00001d00   0x00000154   Code   RO          364    x$fpl$dmul          fz_wm.l(dmul.o)
    0x00001e54   0x0000009c   Code   RO          376    x$fpl$dnaninf       fz_wm.l(dnaninf.o)
    0x00001ef0   0x0000000c   Code   RO          378    x$fpl$dretinf       fz_wm.l(dretinf.o)
    0x00001efc   0x000001d4   Code   RO          350    x$fpl$dsub          fz_wm.l(daddsub_clz.o)
    0x000020d0   0x0000000a   Code   RO          503    x$fpl$fpinit        fz_wm.l(fpinit.o)
    0x000020da   0x00000004   Code   RO          366    x$fpl$printf1       fz_wm.l(printf1.o)
    0x000020de   0x00000000   Code   RO          380    x$fpl$usenofp       fz_wm.l(usenofp.o)
    0x000020de   0x00000002   PAD
    0x000020e0   0x00000094   Data   RO          408    .constdata          c_w.l(bigflt0.o)
    0x00002174   0x00000020   Data   RO          578    Region$$Table       anon$$obj.o
    0x00002194   0x0000001c   Data   RO          432    locale$$data        c_w.l(lc_numeric_c.o)


    Execution Region ER_RW (Base: 0x20000000, Size: 0x00000018, Max: 0xffffffff, ABSOLUTE)

    Base Addr    Size         Type   Attr      Idx    E Section Name        Object

    0x20000000   0x00000018   Data   RW           38    .data               inputoutput.o


    Execution Region ER_ZI (Base: 0x20000018, Size: 0x00000260, Max: 0xffffffff, ABSOLUTE)

    Base Addr    Size         Type   Attr      Idx    E Section Name        Object

    0x20000018   0x00000060   Zero   RW          440    .bss                c_w.l(libspace.o)
    0x20000078   0x00000000   Zero   RW          272    HEAP                startup_msp432p401r_uvision.o
    0x20000078   0x00000200   Zero   RW          271    STACK               startup_msp432p401r_uvision.o


==============================================================================

Image component sizes


      Code (inc. data)   RO Data    RW Data    ZI Data      Debug   Object Name

      1460        194          0         24          0      15526   inputoutput.o
        88         24        324          0        512        964   startup_msp432p401r_uvision.o
       108         22          0          0          0        533   system_msp432p401r.o

    ----------------------------------------------------------------------
      1662        240        356         24        512      17023   Object Totals
         0          0         32          0          0          0   (incl. Generated)
         6          0          0          0          0          0   (incl. Padding)

    ----------------------------------------------------------------------

      Code (inc. data)   RO Data    RW Data    ZI Data      Debug   Library Member Name

         8          0          0          0          0         68   __main.o
       284          0          0          0          0        156   __printf_wp.o
         0          0          0          0          0          0   __rtentry.o
        12          0          0          0          0          0   __rtentry2.o
         6          0          0          0          0          0   __rtentry4.o
        52          8          0          0          0          0   __scatter.o
        26          0          0          0          0          0   __scatter_copy.o
        28          0          0          0          0          0   __scatter_zi.o
        48          6          0          0          0         96   _printf_char_common.o
         6          0          0          0          0          0   _printf_f.o
      1050          0          0          0          0        216   _printf_fp_dec.o
       128         16          0          0          0         84   _printf_fp_infnan.o
         0          0          0          0          0          0   _printf_percent.o
         4          0          0          0          0          0   _printf_percent_end.o
        10          0          0          0          0         68   _sputc.o
       220          4        148          0          0         96   bigflt0.o
      1910        128          0          0          0        672   btod.o
        18          0          0          0          0         80   exit.o
         6          0          0          0          0        152   heapauxi.o
         0          0          0          0          0          0   indicate_semi.o
        44         10         28          0          0         76   lc_numeric_c.o
         2          0          0          0          0          0   libinit.o
        22          0          0          0          0          0   libinit2.o
         2          0          0          0          0          0   libshutdown.o
         2          0          0          0          0          0   libshutdown2.o
         8          4          0          0         96         68   libspace.o
       138          0          0          0          0         80   lludiv10.o
        40          6          0          0          0         84   noretval__2sprintf.o
         8          4          0          0          0         68   rt_locale_intlibspace.o
         2          0          0          0          0          0   rtexit.o
        10          0          0          0          0          0   rtexit2.o
       128          0          0          0          0         68   strcmpv7m.o
        12          4          0          0          0         68   sys_exit.o
        74          0          0          0          0         80   sys_stackheap_outer.o
         2          0          0          0          0         68   use_no_semi.o
       804         16          0          0          0        368   daddsub_clz.o
       688        140          0          0          0        256   ddiv.o
        46          0          0          0          0        116   dflt_clz.o
       340         12          0          0          0        152   dmul.o
       156          4          0          0          0        140   dnaninf.o
        12          0          0          0          0        116   dretinf.o
        10          0          0          0          0        116   fpinit.o
         4          0          0          0          0        116   printf1.o
         0          0          0          0          0          0   usenofp.o
        48          0          0          0          0        124   fpclassify.o

    ----------------------------------------------------------------------
      6430        362        176          0         96       3852   Library Totals
        12          0          0          0          0          0   (incl. Padding)

    ----------------------------------------------------------------------

      Code (inc. data)   RO Data    RW Data    ZI Data      Debug   Library Name

      4310        190        176          0         96       2348   c_w.l
      2060        172          0          0          0       1380   fz_wm.l
        48          0          0          0          0        124   m_wm.l

    ----------------------------------------------------------------------
      6430        362        176          0         96       3852   Library Totals

    ----------------------------------------------------------------------

==============================================================================


      Code (inc. data)   RO Data    RW Data    ZI Data      Debug   

      8092        602        532         24        608      16427   Grand Totals
      8092        602        532         24        608      16427   ELF Image Totals
      8092        602        532         24          0          0   ROM Totals

==============================================================================

    Total RO  Size (Code + RO Data)                 8624 (   8.42kB)
    Total RW  Size (RW Data + ZI Data)               632 (   0.62kB)
    Total ROM Size (Code + RO Data + RW Data)       8648 (   8.45kB)

==============================================================================

