Component: ARM Compiler 5.06 update 2 (build 183) Tool: armlink [4d35b7]

==============================================================================

Section Cross References

    inputoutput.o(i.InI2C) refers to inputoutput.o(i.GenStart) for GenStart
    inputoutput.o(i.InI2C) refers to inputoutput.o(i.WaitStart) for WaitStart
    inputoutput.o(i.InI2C) refers to inputoutput.o(i.WaitRx) for WaitRx
    inputoutput.o(i.InI2C) refers to inputoutput.o(i.GenStop) for GenStop
    inputoutput.o(i.InI2C) refers to inputoutput.o(i.WaitStop) for WaitStop
    inputoutput.o(i.InitLCD) refers to inputoutput.o(i.OutLCD) for OutLCD
    inputoutput.o(i.OutI2C) refers to inputoutput.o(i.GenStart) for GenStart
    inputoutput.o(i.OutI2C) refers to inputoutput.o(i.WaitStart) for WaitStart
    inputoutput.o(i.OutI2C) refers to inputoutput.o(i.WaitTx) for WaitTx
    inputoutput.o(i.OutI2C) refers to inputoutput.o(i.GenStop) for GenStop
    inputoutput.o(i.OutI2C) refers to inputoutput.o(i.WaitStop) for WaitStop
    inputoutput.o(i.OutLCD) refers to inputoutput.o(i.OutI2C) for OutI2C
    inputoutput.o(i.OutputNumTo7Seg) refers to inputoutput.o(i.OutI2C) for OutI2C
    inputoutput.o(i.OutputString) refers to inputoutput.o(i.OutLCD) for OutLCD
    inputoutput.o(i.PORT4_IRQHandler) refers to inputoutput.o(.data) for getSwitchValue
    inputoutput.o(i.main) refers to _printf_pad.o(.text) for _printf_pre_padding
    inputoutput.o(i.main) refers to _printf_percent.o(.ARM.Collect$$_printf_percent$$00000000) for _printf_percent
    inputoutput.o(i.main) refers to _printf_d.o(.ARM.Collect$$_printf_percent$$00000009) for _printf_d
    inputoutput.o(i.main) refers to _printf_dec.o(.text) for _printf_int_dec
    inputoutput.o(i.main) refers to _printf_x.o(.ARM.Collect$$_printf_percent$$0000000C) for _printf_x
    inputoutput.o(i.main) refers to _printf_hex_int.o(.text) for _printf_longlong_hex
    inputoutput.o(i.main) refers to inputoutput.o(i.InitI2C) for InitI2C
    inputoutput.o(i.main) refers to inputoutput.o(i.InitLCD) for InitLCD
    inputoutput.o(i.main) refers to noretval__2sprintf.o(.text) for __2sprintf
    inputoutput.o(i.main) refers to inputoutput.o(i.OutputString) for OutputString
    inputoutput.o(i.main) refers to inputoutput.o(i.OutLCD) for OutLCD
    inputoutput.o(i.main) refers to inputoutput.o(i.ConfigureInterrupts) for ConfigureInterrupts
    inputoutput.o(i.main) refers to startup_msp432p401r_uvision.o(.text) for EnableInterrupts
    inputoutput.o(i.main) refers to inputoutput.o(i.InI2C) for InI2C
    inputoutput.o(i.main) refers to inputoutput.o(i.OutputNumTo7Seg) for OutputNumTo7Seg
    inputoutput.o(i.main) refers to inputoutput.o(.data) for getSwitchValue
    startup_msp432p401r_uvision.o(STACK) refers (Special) to heapauxi.o(.text) for __use_two_region_memory
    startup_msp432p401r_uvision.o(HEAP) refers (Special) to heapauxi.o(.text) for __use_two_region_memory
    startup_msp432p401r_uvision.o(RESET) refers (Special) to heapauxi.o(.text) for __use_two_region_memory
    startup_msp432p401r_uvision.o(RESET) refers to startup_msp432p401r_uvision.o(STACK) for __initial_sp
    startup_msp432p401r_uvision.o(RESET) refers to startup_msp432p401r_uvision.o(.text) for Reset_Handler
    startup_msp432p401r_uvision.o(RESET) refers to inputoutput.o(i.PORT4_IRQHandler) for PORT4_IRQHandler
    startup_msp432p401r_uvision.o(.text) refers (Special) to heapauxi.o(.text) for __use_two_region_memory
    startup_msp432p401r_uvision.o(.text) refers to system_msp432p401r.o(i.SystemInit) for SystemInit
    startup_msp432p401r_uvision.o(.text) refers to __main.o(!!!main) for __main
    startup_msp432p401r_uvision.o(.text) refers to startup_msp432p401r_uvision.o(HEAP) for Heap_Mem
    startup_msp432p401r_uvision.o(.text) refers to startup_msp432p401r_uvision.o(STACK) for Stack_Mem
    system_msp432p401r.o(i.SystemCoreClockUpdate) refers to system_msp432p401r.o(.data) for SystemCoreClock
    __2sprintf.o(.text) refers to _printf_char_common.o(.text) for _printf_char_common
    __2sprintf.o(.text) refers to _sputc.o(.text) for _sputc
    noretval__2sprintf.o(.text) refers to _printf_char_common.o(.text) for _printf_char_common
    noretval__2sprintf.o(.text) refers to _sputc.o(.text) for _sputc
    __printf.o(.text) refers to _printf_percent.o(.ARM.Collect$$_printf_percent$$00000000) for _printf_percent
    _printf_dec.o(.text) refers to _printf_intcommon.o(.text) for _printf_int_common
    _printf_hex_ll.o(.text) refers to _printf_intcommon.o(.text) for _printf_int_common
    _printf_hex_ll.o(.text) refers to _printf_hex_ll.o(.constdata) for .constdata
    _printf_hex_int.o(.text) refers to _printf_intcommon.o(.text) for _printf_int_common
    _printf_hex_int.o(.text) refers to _printf_hex_int.o(.constdata) for .constdata
    _printf_hex_int_ll.o(.text) refers to _printf_intcommon.o(.text) for _printf_int_common
    _printf_hex_int_ll.o(.text) refers to _printf_hex_int_ll.o(.constdata) for .constdata
    _printf_hex_ptr.o(.text) refers to _printf_intcommon.o(.text) for _printf_int_common
    _printf_hex_ptr.o(.text) refers to _printf_hex_ptr.o(.constdata) for .constdata
    _printf_hex_int_ptr.o(.text) refers to _printf_intcommon.o(.text) for _printf_int_common
    _printf_hex_int_ptr.o(.text) refers to _printf_hex_int_ptr.o(.constdata) for .constdata
    _printf_hex_ll_ptr.o(.text) refers to _printf_intcommon.o(.text) for _printf_int_common
    _printf_hex_ll_ptr.o(.text) refers to _printf_hex_ll_ptr.o(.constdata) for .constdata
    _printf_hex_int_ll_ptr.o(.text) refers to _printf_intcommon.o(.text) for _printf_int_common
    _printf_hex_int_ll_ptr.o(.text) refers to _printf_hex_int_ll_ptr.o(.constdata) for .constdata
    __printf_flags.o(.text) refers to _printf_percent.o(.ARM.Collect$$_printf_percent$$00000000) for _printf_percent
    __printf_flags.o(.text) refers to __printf_flags.o(.constdata) for .constdata
    __printf_ss.o(.text) refers to _printf_percent.o(.ARM.Collect$$_printf_percent$$00000000) for _printf_percent
    __printf_flags_ss.o(.text) refers to _printf_percent.o(.ARM.Collect$$_printf_percent$$00000000) for _printf_percent
    __printf_flags_ss.o(.text) refers to __printf_flags_ss.o(.constdata) for .constdata
    __printf_wp.o(.text) refers to __printf_wp.o(i._is_digit) for _is_digit
    __printf_wp.o(.text) refers to _printf_percent.o(.ARM.Collect$$_printf_percent$$00000000) for _printf_percent
    __printf_flags_wp.o(.text) refers to __printf_wp.o(i._is_digit) for _is_digit
    __printf_flags_wp.o(.text) refers to _printf_percent.o(.ARM.Collect$$_printf_percent$$00000000) for _printf_percent
    __printf_flags_wp.o(.text) refers to __printf_flags_wp.o(.constdata) for .constdata
    __printf_ss_wp.o(.text) refers to __printf_wp.o(i._is_digit) for _is_digit
    __printf_ss_wp.o(.text) refers to _printf_percent.o(.ARM.Collect$$_printf_percent$$00000000) for _printf_percent
    __printf_flags_ss_wp.o(.text) refers to __printf_wp.o(i._is_digit) for _is_digit
    __printf_flags_ss_wp.o(.text) refers to _printf_percent.o(.ARM.Collect$$_printf_percent$$00000000) for _printf_percent
    __printf_flags_ss_wp.o(.text) refers to __printf_flags_ss_wp.o(.constdata) for .constdata
    _printf_x.o(.ARM.Collect$$_printf_percent$$0000000C) refers (Weak) to _printf_hex_int.o(.text) for _printf_int_hex
    _printf_d.o(.ARM.Collect$$_printf_percent$$00000009) refers (Weak) to _printf_dec.o(.text) for _printf_int_dec
    _printf_percent.o(.ARM.Collect$$_printf_percent$$00000000) refers (Special) to _printf_percent_end.o(.ARM.Collect$$_printf_percent$$00000017) for _printf_percent_end
    __main.o(!!!main) refers to __rtentry.o(.ARM.Collect$$rtentry$$00000000) for __rt_entry
    __rtentry.o(.ARM.Collect$$rtentry$$00000000) refers (Special) to __rtentry2.o(.ARM.Collect$$rtentry$$0000000A) for __rt_entry_li
    __rtentry.o(.ARM.Collect$$rtentry$$00000000) refers (Special) to __rtentry2.o(.ARM.Collect$$rtentry$$0000000D) for __rt_entry_main
    __rtentry.o(.ARM.Collect$$rtentry$$00000000) refers (Special) to __rtentry2.o(.ARM.Collect$$rtentry$$0000000C) for __rt_entry_postli_1
    __rtentry.o(.ARM.Collect$$rtentry$$00000000) refers (Special) to __rtentry2.o(.ARM.Collect$$rtentry$$00000009) for __rt_entry_postsh_1
    __rtentry.o(.ARM.Collect$$rtentry$$00000000) refers (Special) to __rtentry2.o(.ARM.Collect$$rtentry$$00000002) for __rt_entry_presh_1
    __rtentry.o(.ARM.Collect$$rtentry$$00000000) refers (Special) to __rtentry4.o(.ARM.Collect$$rtentry$$00000004) for __rt_entry_sh
    _printf_intcommon.o(.text) refers (Weak) to _printf_pad.o(.text) for _printf_pre_padding
    _printf_intcommon.o(.text) refers (Weak) to _printf_pad.o(.text) for _printf_pre_padding
    _printf_intcommon.o(.text) refers (Weak) to _printf_pad.o(.text) for _printf_post_padding
    _printf_char_common.o(.text) refers to __printf_wp.o(.text) for __printf
    __rtentry2.o(.ARM.Collect$$rtentry$$00000008) refers to boardinit2.o(.text) for _platform_post_stackheap_init
    __rtentry2.o(.ARM.Collect$$rtentry$$0000000A) refers to libinit.o(.ARM.Collect$$libinit$$00000000) for __rt_lib_init
    __rtentry2.o(.ARM.Collect$$rtentry$$0000000B) refers to boardinit3.o(.text) for _platform_post_lib_init
    __rtentry2.o(.ARM.Collect$$rtentry$$0000000D) refers to inputoutput.o(i.main) for main
    __rtentry2.o(.ARM.Collect$$rtentry$$0000000D) refers to exit.o(.text) for exit
    __rtentry2.o(.ARM.exidx) refers to __rtentry2.o(.ARM.Collect$$rtentry$$00000001) for .ARM.Collect$$rtentry$$00000001
    __rtentry2.o(.ARM.exidx) refers to __rtentry2.o(.ARM.Collect$$rtentry$$00000008) for .ARM.Collect$$rtentry$$00000008
    __rtentry2.o(.ARM.exidx) refers to __rtentry2.o(.ARM.Collect$$rtentry$$0000000A) for .ARM.Collect$$rtentry$$0000000A
    __rtentry2.o(.ARM.exidx) refers to __rtentry2.o(.ARM.Collect$$rtentry$$0000000B) for .ARM.Collect$$rtentry$$0000000B
    __rtentry2.o(.ARM.exidx) refers to __rtentry2.o(.ARM.Collect$$rtentry$$0000000D) for .ARM.Collect$$rtentry$$0000000D
    __rtentry4.o(.ARM.Collect$$rtentry$$00000004) refers to sys_stackheap_outer.o(.text) for __user_setup_stackheap
    __rtentry4.o(.ARM.exidx) refers to __rtentry4.o(.ARM.Collect$$rtentry$$00000004) for .ARM.Collect$$rtentry$$00000004
    sys_stackheap_outer.o(.text) refers to libspace.o(.text) for __user_perproc_libspace
    sys_stackheap_outer.o(.text) refers to startup_msp432p401r_uvision.o(.text) for __user_initial_stackheap
    exit.o(.text) refers to rtexit.o(.ARM.Collect$$rtexit$$00000000) for __rt_exit
    libinit.o(.ARM.Collect$$libinit$$00000000) refers (Special) to libinit2.o(.ARM.Collect$$libinit$$0000002E) for __rt_lib_init_alloca_1
    libinit.o(.ARM.Collect$$libinit$$00000000) refers (Special) to libinit2.o(.ARM.Collect$$libinit$$0000002C) for __rt_lib_init_argv_1
    libinit.o(.ARM.Collect$$libinit$$00000000) refers (Special) to libinit2.o(.ARM.Collect$$libinit$$0000001B) for __rt_lib_init_atexit_1
    libinit.o(.ARM.Collect$$libinit$$00000000) refers (Special) to libinit2.o(.ARM.Collect$$libinit$$00000021) for __rt_lib_init_clock_1
    libinit.o(.ARM.Collect$$libinit$$00000000) refers (Special) to libinit2.o(.ARM.Collect$$libinit$$00000032) for __rt_lib_init_cpp_1
    libinit.o(.ARM.Collect$$libinit$$00000000) refers (Special) to libinit2.o(.ARM.Collect$$libinit$$00000030) for __rt_lib_init_exceptions_1
    libinit.o(.ARM.Collect$$libinit$$00000000) refers (Special) to libinit2.o(.ARM.Collect$$libinit$$00000001) for __rt_lib_init_fp_1
    libinit.o(.ARM.Collect$$libinit$$00000000) refers (Special) to libinit2.o(.ARM.Collect$$libinit$$0000001F) for __rt_lib_init_fp_trap_1
    libinit.o(.ARM.Collect$$libinit$$00000000) refers (Special) to libinit2.o(.ARM.Collect$$libinit$$00000023) for __rt_lib_init_getenv_1
    libinit.o(.ARM.Collect$$libinit$$00000000) refers (Special) to libinit2.o(.ARM.Collect$$libinit$$0000000A) for __rt_lib_init_heap_1
    libinit.o(.ARM.Collect$$libinit$$00000000) refers (Special) to libinit2.o(.ARM.Collect$$libinit$$00000011) for __rt_lib_init_lc_collate_1
    libinit.o(.ARM.Collect$$libinit$$00000000) refers (Special) to libinit2.o(.ARM.Collect$$libinit$$00000013) for __rt_lib_init_lc_ctype_1
    libinit.o(.ARM.Collect$$libinit$$00000000) refers (Special) to libinit2.o(.ARM.Collect$$libinit$$00000015) for __rt_lib_init_lc_monetary_1
    libinit.o(.ARM.Collect$$libinit$$00000000) refers (Special) to libinit2.o(.ARM.Collect$$libinit$$00000017) for __rt_lib_init_lc_numeric_1
    libinit.o(.ARM.Collect$$libinit$$00000000) refers (Special) to libinit2.o(.ARM.Collect$$libinit$$00000019) for __rt_lib_init_lc_time_1
    libinit.o(.ARM.Collect$$libinit$$00000000) refers (Special) to libinit2.o(.ARM.Collect$$libinit$$00000004) for __rt_lib_init_preinit_1
    libinit.o(.ARM.Collect$$libinit$$00000000) refers (Special) to libinit2.o(.ARM.Collect$$libinit$$0000000E) for __rt_lib_init_rand_1
    libinit.o(.ARM.Collect$$libinit$$00000000) refers (Special) to libinit2.o(.ARM.Collect$$libinit$$00000033) for __rt_lib_init_return
    libinit.o(.ARM.Collect$$libinit$$00000000) refers (Special) to libinit2.o(.ARM.Collect$$libinit$$0000001D) for __rt_lib_init_signal_1
    libinit.o(.ARM.Collect$$libinit$$00000000) refers (Special) to libinit2.o(.ARM.Collect$$libinit$$00000025) for __rt_lib_init_stdio_1
    libinit.o(.ARM.Collect$$libinit$$00000000) refers (Special) to libinit2.o(.ARM.Collect$$libinit$$0000000C) for __rt_lib_init_user_alloc_1
    libspace.o(.text) refers to libspace.o(.bss) for __libspace_start
    rtexit.o(.ARM.Collect$$rtexit$$00000000) refers (Special) to rtexit2.o(.ARM.Collect$$rtexit$$00000004) for __rt_exit_exit
    rtexit.o(.ARM.Collect$$rtexit$$00000000) refers (Special) to rtexit2.o(.ARM.Collect$$rtexit$$00000003) for __rt_exit_ls
    rtexit.o(.ARM.Collect$$rtexit$$00000000) refers (Special) to rtexit2.o(.ARM.Collect$$rtexit$$00000002) for __rt_exit_prels_1
    rtexit.o(.ARM.exidx) refers (Special) to rtexit2.o(.ARM.Collect$$rtexit$$00000004) for __rt_exit_exit
    rtexit.o(.ARM.exidx) refers (Special) to rtexit2.o(.ARM.Collect$$rtexit$$00000003) for __rt_exit_ls
    rtexit.o(.ARM.exidx) refers (Special) to rtexit2.o(.ARM.Collect$$rtexit$$00000002) for __rt_exit_prels_1
    rtexit.o(.ARM.exidx) refers to rtexit.o(.ARM.Collect$$rtexit$$00000000) for .ARM.Collect$$rtexit$$00000000
    libinit2.o(.ARM.Collect$$libinit$$00000001) refers to fpinit.o(x$fpl$fpinit) for _fp_init
    libinit2.o(.ARM.Collect$$libinit$$00000010) refers to libinit2.o(.ARM.Collect$$libinit$$0000000F) for .ARM.Collect$$libinit$$0000000F
    libinit2.o(.ARM.Collect$$libinit$$00000012) refers to libinit2.o(.ARM.Collect$$libinit$$0000000F) for .ARM.Collect$$libinit$$0000000F
    libinit2.o(.ARM.Collect$$libinit$$00000014) refers to libinit2.o(.ARM.Collect$$libinit$$0000000F) for .ARM.Collect$$libinit$$0000000F
    libinit2.o(.ARM.Collect$$libinit$$00000016) refers to libinit2.o(.ARM.Collect$$libinit$$0000000F) for .ARM.Collect$$libinit$$0000000F
    libinit2.o(.ARM.Collect$$libinit$$00000018) refers to libinit2.o(.ARM.Collect$$libinit$$0000000F) for .ARM.Collect$$libinit$$0000000F
    libinit2.o(.ARM.Collect$$libinit$$00000026) refers to argv_veneer.o(.emb_text) for __ARM_argv_veneer
    libinit2.o(.ARM.Collect$$libinit$$00000027) refers to argv_veneer.o(.emb_text) for __ARM_argv_veneer
    rtexit2.o(.ARM.Collect$$rtexit$$00000003) refers to libshutdown.o(.ARM.Collect$$libshutdown$$00000000) for __rt_lib_shutdown
    rtexit2.o(.ARM.Collect$$rtexit$$00000004) refers to sys_exit.o(.text) for _sys_exit
    rtexit2.o(.ARM.exidx) refers to rtexit2.o(.ARM.Collect$$rtexit$$00000001) for .ARM.Collect$$rtexit$$00000001
    rtexit2.o(.ARM.exidx) refers to rtexit2.o(.ARM.Collect$$rtexit$$00000003) for .ARM.Collect$$rtexit$$00000003
    rtexit2.o(.ARM.exidx) refers to rtexit2.o(.ARM.Collect$$rtexit$$00000004) for .ARM.Collect$$rtexit$$00000004
    argv_veneer.o(.emb_text) refers to no_argv.o(.text) for __ARM_get_argv
    sys_exit.o(.text) refers (Special) to use_no_semi.o(.text) for __I$use$semihosting
    sys_exit.o(.text) refers (Special) to indicate_semi.o(.text) for __semihosting_library_function
    _get_argv_nomalloc.o(.text) refers (Special) to hrguard.o(.text) for __heap_region$guard
    _get_argv_nomalloc.o(.text) refers to defsig_rtmem_outer.o(.text) for __rt_SIGRTMEM
    _get_argv_nomalloc.o(.text) refers to sys_command.o(.text) for _sys_command_string
    libshutdown.o(.ARM.Collect$$libshutdown$$00000000) refers (Special) to libshutdown2.o(.ARM.Collect$$libshutdown$$00000002) for __rt_lib_shutdown_cpp_1
    libshutdown.o(.ARM.Collect$$libshutdown$$00000000) refers (Special) to libshutdown2.o(.ARM.Collect$$libshutdown$$00000007) for __rt_lib_shutdown_fp_trap_1
    libshutdown.o(.ARM.Collect$$libshutdown$$00000000) refers (Special) to libshutdown2.o(.ARM.Collect$$libshutdown$$0000000F) for __rt_lib_shutdown_heap_1
    libshutdown.o(.ARM.Collect$$libshutdown$$00000000) refers (Special) to libshutdown2.o(.ARM.Collect$$libshutdown$$00000010) for __rt_lib_shutdown_return
    libshutdown.o(.ARM.Collect$$libshutdown$$00000000) refers (Special) to libshutdown2.o(.ARM.Collect$$libshutdown$$0000000A) for __rt_lib_shutdown_signal_1
    libshutdown.o(.ARM.Collect$$libshutdown$$00000000) refers (Special) to libshutdown2.o(.ARM.Collect$$libshutdown$$00000004) for __rt_lib_shutdown_stdio_1
    libshutdown.o(.ARM.Collect$$libshutdown$$00000000) refers (Special) to libshutdown2.o(.ARM.Collect$$libshutdown$$0000000C) for __rt_lib_shutdown_user_alloc_1
    sys_command.o(.text) refers (Special) to use_no_semi.o(.text) for __I$use$semihosting
    sys_command.o(.text) refers (Special) to indicate_semi.o(.text) for __semihosting_library_function
    defsig_rtmem_outer.o(.text) refers to defsig_rtmem_inner.o(.text) for __rt_SIGRTMEM_inner
    defsig_rtmem_outer.o(.text) refers to defsig_exit.o(.text) for __sig_exit
    defsig_rtmem_formal.o(.text) refers to rt_raise.o(.text) for __rt_raise
    rt_raise.o(.text) refers to __raise.o(.text) for __raise
    rt_raise.o(.text) refers to sys_exit.o(.text) for _sys_exit
    defsig_exit.o(.text) refers to sys_exit.o(.text) for _sys_exit
    defsig_rtmem_inner.o(.text) refers to defsig_general.o(.text) for __default_signal_display
    __raise.o(.text) refers to defsig.o(CL$$defsig) for __default_signal_handler
    defsig_general.o(.text) refers to sys_wrch.o(.text) for _ttywrch
    sys_wrch.o(.text) refers (Special) to use_no_semi.o(.text) for __I$use$semihosting
    sys_wrch.o(.text) refers (Special) to indicate_semi.o(.text) for __semihosting_library_function
    defsig.o(CL$$defsig) refers to defsig_rtmem_inner.o(.text) for __rt_SIGRTMEM_inner
    defsig_abrt_inner.o(.text) refers to defsig_general.o(.text) for __default_signal_display
    defsig_fpe_inner.o(.text) refers to defsig_general.o(.text) for __default_signal_display
    defsig_rtred_inner.o(.text) refers to defsig_general.o(.text) for __default_signal_display
    defsig_stak_inner.o(.text) refers to defsig_general.o(.text) for __default_signal_display
    defsig_pvfn_inner.o(.text) refers to defsig_general.o(.text) for __default_signal_display
    defsig_cppl_inner.o(.text) refers to defsig_general.o(.text) for __default_signal_display
    defsig_segv_inner.o(.text) refers to defsig_general.o(.text) for __default_signal_display
    defsig_other.o(.text) refers to defsig_general.o(.text) for __default_signal_display


==============================================================================

Removing Unused input sections from the image.

    Removing inputoutput.o(.rev16_text), (4 bytes).
    Removing inputoutput.o(.revsh_text), (4 bytes).
    Removing inputoutput.o(.rrx_text), (6 bytes).
    Removing inputoutput.o(i.LCDLDEL), (2 bytes).
    Removing inputoutput.o(i.LCDSDEL), (2 bytes).
    Removing system_msp432p401r.o(.rev16_text), (4 bytes).
    Removing system_msp432p401r.o(.revsh_text), (4 bytes).
    Removing system_msp432p401r.o(.rrx_text), (6 bytes).
    Removing system_msp432p401r.o(i.SystemCoreClockUpdate), (572 bytes).
    Removing system_msp432p401r.o(.data), (4 bytes).

10 unused section(s) (total 608 bytes) removed from the image.

==============================================================================

Image Symbol Table

    Local Symbols

    Symbol Name                              Value     Ov Type        Size  Object(Section)

    RESET                                    0x00000000   Section      324  startup_msp432p401r_uvision.o(RESET)
    ../clib/angel/boardlib.s                 0x00000000   Number         0  boardinit2.o ABSOLUTE
    ../clib/angel/boardlib.s                 0x00000000   Number         0  boardinit1.o ABSOLUTE
    ../clib/angel/boardlib.s                 0x00000000   Number         0  boardshut.o ABSOLUTE
    ../clib/angel/boardlib.s                 0x00000000   Number         0  boardinit3.o ABSOLUTE
    ../clib/angel/handlers.s                 0x00000000   Number         0  __scatter_copy.o ABSOLUTE
    ../clib/angel/handlers.s                 0x00000000   Number         0  __scatter_zi.o ABSOLUTE
    ../clib/angel/kernel.s                   0x00000000   Number         0  rtexit2.o ABSOLUTE
    ../clib/angel/kernel.s                   0x00000000   Number         0  __rtentry2.o ABSOLUTE
    ../clib/angel/kernel.s                   0x00000000   Number         0  __rtentry4.o ABSOLUTE
    ../clib/angel/kernel.s                   0x00000000   Number         0  rtexit.o ABSOLUTE
    ../clib/angel/kernel.s                   0x00000000   Number         0  __rtentry.o ABSOLUTE
    ../clib/angel/rt.s                       0x00000000   Number         0  rt_raise.o ABSOLUTE
    ../clib/angel/scatter.s                  0x00000000   Number         0  __scatter.o ABSOLUTE
    ../clib/angel/startup.s                  0x00000000   Number         0  __main.o ABSOLUTE
    ../clib/angel/sys.s                      0x00000000   Number         0  use_no_semi.o ABSOLUTE
    ../clib/angel/sys.s                      0x00000000   Number         0  libspace.o ABSOLUTE
    ../clib/angel/sys.s                      0x00000000   Number         0  sys_stackheap_outer.o ABSOLUTE
    ../clib/angel/sys.s                      0x00000000   Number         0  indicate_semi.o ABSOLUTE
    ../clib/angel/sysapp.c                   0x00000000   Number         0  sys_wrch.o ABSOLUTE
    ../clib/angel/sysapp.c                   0x00000000   Number         0  sys_exit.o ABSOLUTE
    ../clib/angel/sysapp.c                   0x00000000   Number         0  sys_command.o ABSOLUTE
    ../clib/armsys.c                         0x00000000   Number         0  argv_veneer.o ABSOLUTE
    ../clib/armsys.c                         0x00000000   Number         0  _get_argv_nomalloc.o ABSOLUTE
    ../clib/armsys.c                         0x00000000   Number         0  no_argv.o ABSOLUTE
    ../clib/armsys.c                         0x00000000   Number         0  argv_veneer.o ABSOLUTE
    ../clib/heapalloc.c                      0x00000000   Number         0  hrguard.o ABSOLUTE
    ../clib/heapaux.c                        0x00000000   Number         0  heapauxi.o ABSOLUTE
    ../clib/libinit.s                        0x00000000   Number         0  libinit2.o ABSOLUTE
    ../clib/libinit.s                        0x00000000   Number         0  libshutdown2.o ABSOLUTE
    ../clib/libinit.s                        0x00000000   Number         0  libshutdown.o ABSOLUTE
    ../clib/libinit.s                        0x00000000   Number         0  libinit.o ABSOLUTE
    ../clib/misc.s                           0x00000000   Number         0  printf_stubs.o ABSOLUTE
    ../clib/printf.c                         0x00000000   Number         0  __printf_wp.o ABSOLUTE
    ../clib/printf.c                         0x00000000   Number         0  __printf_flags_wp.o ABSOLUTE
    ../clib/printf.c                         0x00000000   Number         0  __printf_ss_wp.o ABSOLUTE
    ../clib/printf.c                         0x00000000   Number         0  _printf_intcommon.o ABSOLUTE
    ../clib/printf.c                         0x00000000   Number         0  _printf_char_common.o ABSOLUTE
    ../clib/printf.c                         0x00000000   Number         0  _sputc.o ABSOLUTE
    ../clib/printf.c                         0x00000000   Number         0  __printf_nopercent.o ABSOLUTE
    ../clib/printf.c                         0x00000000   Number         0  __2sprintf.o ABSOLUTE
    ../clib/printf.c                         0x00000000   Number         0  noretval__2sprintf.o ABSOLUTE
    ../clib/printf.c                         0x00000000   Number         0  __printf.o ABSOLUTE
    ../clib/printf.c                         0x00000000   Number         0  _printf_pad.o ABSOLUTE
    ../clib/printf.c                         0x00000000   Number         0  _printf_dec.o ABSOLUTE
    ../clib/printf.c                         0x00000000   Number         0  _printf_hex_ll.o ABSOLUTE
    ../clib/printf.c                         0x00000000   Number         0  _printf_hex_int.o ABSOLUTE
    ../clib/printf.c                         0x00000000   Number         0  __printf_flags_ss_wp.o ABSOLUTE
    ../clib/printf.c                         0x00000000   Number         0  _printf_hex_int_ll.o ABSOLUTE
    ../clib/printf.c                         0x00000000   Number         0  _printf_hex_ptr.o ABSOLUTE
    ../clib/printf.c                         0x00000000   Number         0  _printf_hex_int_ptr.o ABSOLUTE
    ../clib/printf.c                         0x00000000   Number         0  _printf_hex_ll_ptr.o ABSOLUTE
    ../clib/printf.c                         0x00000000   Number         0  _printf_hex_int_ll_ptr.o ABSOLUTE
    ../clib/printf.c                         0x00000000   Number         0  __printf_flags.o ABSOLUTE
    ../clib/printf.c                         0x00000000   Number         0  __printf_ss.o ABSOLUTE
    ../clib/printf.c                         0x00000000   Number         0  __printf_flags_ss.o ABSOLUTE
    ../clib/printf_percent.s                 0x00000000   Number         0  _printf_percent_end.o ABSOLUTE
    ../clib/printf_percent.s                 0x00000000   Number         0  _printf_d.o ABSOLUTE
    ../clib/printf_percent.s                 0x00000000   Number         0  _printf_percent.o ABSOLUTE
    ../clib/printf_percent.s                 0x00000000   Number         0  _printf_x.o ABSOLUTE
    ../clib/signal.c                         0x00000000   Number         0  defsig_abrt_inner.o ABSOLUTE
    ../clib/signal.c                         0x00000000   Number         0  defsig_cppl_inner.o ABSOLUTE
    ../clib/signal.c                         0x00000000   Number         0  defsig_general.o ABSOLUTE
    ../clib/signal.c                         0x00000000   Number         0  __raise.o ABSOLUTE
    ../clib/signal.c                         0x00000000   Number         0  defsig_rtmem_inner.o ABSOLUTE
    ../clib/signal.c                         0x00000000   Number         0  defsig_exit.o ABSOLUTE
    ../clib/signal.c                         0x00000000   Number         0  defsig_rtmem_formal.o ABSOLUTE
    ../clib/signal.c                         0x00000000   Number         0  defsig_rtmem_outer.o ABSOLUTE
    ../clib/signal.c                         0x00000000   Number         0  defsig_other.o ABSOLUTE
    ../clib/signal.c                         0x00000000   Number         0  defsig_segv_inner.o ABSOLUTE
    ../clib/signal.c                         0x00000000   Number         0  defsig_pvfn_inner.o ABSOLUTE
    ../clib/signal.c                         0x00000000   Number         0  defsig_stak_inner.o ABSOLUTE
    ../clib/signal.c                         0x00000000   Number         0  defsig_rtred_inner.o ABSOLUTE
    ../clib/signal.c                         0x00000000   Number         0  defsig_fpe_inner.o ABSOLUTE
    ../clib/signal.s                         0x00000000   Number         0  defsig.o ABSOLUTE
    ../clib/stdlib.c                         0x00000000   Number         0  exit.o ABSOLUTE
    ../fplib/fpinit.s                        0x00000000   Number         0  fpinit.o ABSOLUTE
    InputOutput.c                            0x00000000   Number         0  inputoutput.o ABSOLUTE
    InputOutput.c                            0x00000000   Number         0  inputoutput.o ABSOLUTE
    RTE\Device\MSP432P401R\startup_msp432p401r_uvision.s 0x00000000   Number         0  startup_msp432p401r_uvision.o ABSOLUTE
    RTE\Device\MSP432P401R\system_msp432p401r.c 0x00000000   Number         0  system_msp432p401r.o ABSOLUTE
    RTE\\Device\\MSP432P401R\\system_msp432p401r.c 0x00000000   Number         0  system_msp432p401r.o ABSOLUTE
    dc.s                                     0x00000000   Number         0  dc.o ABSOLUTE
    !!!main                                  0x00000144   Section        8  __main.o(!!!main)
    !!!scatter                               0x0000014c   Section       52  __scatter.o(!!!scatter)
    !!handler_copy                           0x00000180   Section       26  __scatter_copy.o(!!handler_copy)
    !!handler_zi                             0x0000019c   Section       28  __scatter_zi.o(!!handler_zi)
    .ARM.Collect$$_printf_percent$$00000000  0x000001b8   Section        0  _printf_percent.o(.ARM.Collect$$_printf_percent$$00000000)
    .ARM.Collect$$_printf_percent$$00000009  0x000001b8   Section        6  _printf_d.o(.ARM.Collect$$_printf_percent$$00000009)
    .ARM.Collect$$_printf_percent$$0000000C  0x000001be   Section        6  _printf_x.o(.ARM.Collect$$_printf_percent$$0000000C)
    .ARM.Collect$$_printf_percent$$00000017  0x000001c4   Section        4  _printf_percent_end.o(.ARM.Collect$$_printf_percent$$00000017)
    .ARM.Collect$$libinit$$00000000          0x000001c8   Section        2  libinit.o(.ARM.Collect$$libinit$$00000000)
    .ARM.Collect$$libinit$$00000001          0x000001ca   Section        4  libinit2.o(.ARM.Collect$$libinit$$00000001)
    .ARM.Collect$$libinit$$00000004          0x000001ce   Section        0  libinit2.o(.ARM.Collect$$libinit$$00000004)
    .ARM.Collect$$libinit$$0000000A          0x000001ce   Section        0  libinit2.o(.ARM.Collect$$libinit$$0000000A)
    .ARM.Collect$$libinit$$0000000C          0x000001ce   Section        0  libinit2.o(.ARM.Collect$$libinit$$0000000C)
    .ARM.Collect$$libinit$$0000000E          0x000001ce   Section        0  libinit2.o(.ARM.Collect$$libinit$$0000000E)
    .ARM.Collect$$libinit$$00000011          0x000001ce   Section        0  libinit2.o(.ARM.Collect$$libinit$$00000011)
    .ARM.Collect$$libinit$$00000013          0x000001ce   Section        0  libinit2.o(.ARM.Collect$$libinit$$00000013)
    .ARM.Collect$$libinit$$00000015          0x000001ce   Section        0  libinit2.o(.ARM.Collect$$libinit$$00000015)
    .ARM.Collect$$libinit$$00000017          0x000001ce   Section        0  libinit2.o(.ARM.Collect$$libinit$$00000017)
    .ARM.Collect$$libinit$$00000019          0x000001ce   Section        0  libinit2.o(.ARM.Collect$$libinit$$00000019)
    .ARM.Collect$$libinit$$0000001B          0x000001ce   Section        0  libinit2.o(.ARM.Collect$$libinit$$0000001B)
    .ARM.Collect$$libinit$$0000001D          0x000001ce   Section        0  libinit2.o(.ARM.Collect$$libinit$$0000001D)
    .ARM.Collect$$libinit$$0000001F          0x000001ce   Section        0  libinit2.o(.ARM.Collect$$libinit$$0000001F)
    .ARM.Collect$$libinit$$00000021          0x000001ce   Section        0  libinit2.o(.ARM.Collect$$libinit$$00000021)
    .ARM.Collect$$libinit$$00000023          0x000001ce   Section        0  libinit2.o(.ARM.Collect$$libinit$$00000023)
    .ARM.Collect$$libinit$$00000025          0x000001ce   Section        0  libinit2.o(.ARM.Collect$$libinit$$00000025)
    .ARM.Collect$$libinit$$0000002C          0x000001ce   Section        0  libinit2.o(.ARM.Collect$$libinit$$0000002C)
    .ARM.Collect$$libinit$$0000002E          0x000001ce   Section        0  libinit2.o(.ARM.Collect$$libinit$$0000002E)
    .ARM.Collect$$libinit$$00000030          0x000001ce   Section        0  libinit2.o(.ARM.Collect$$libinit$$00000030)
    .ARM.Collect$$libinit$$00000032          0x000001ce   Section        0  libinit2.o(.ARM.Collect$$libinit$$00000032)
    .ARM.Collect$$libinit$$00000033          0x000001ce   Section        2  libinit2.o(.ARM.Collect$$libinit$$00000033)
    .ARM.Collect$$libshutdown$$00000000      0x000001d0   Section        2  libshutdown.o(.ARM.Collect$$libshutdown$$00000000)
    .ARM.Collect$$libshutdown$$00000002      0x000001d2   Section        0  libshutdown2.o(.ARM.Collect$$libshutdown$$00000002)
    .ARM.Collect$$libshutdown$$00000004      0x000001d2   Section        0  libshutdown2.o(.ARM.Collect$$libshutdown$$00000004)
    .ARM.Collect$$libshutdown$$00000007      0x000001d2   Section        0  libshutdown2.o(.ARM.Collect$$libshutdown$$00000007)
    .ARM.Collect$$libshutdown$$0000000A      0x000001d2   Section        0  libshutdown2.o(.ARM.Collect$$libshutdown$$0000000A)
    .ARM.Collect$$libshutdown$$0000000C      0x000001d2   Section        0  libshutdown2.o(.ARM.Collect$$libshutdown$$0000000C)
    .ARM.Collect$$libshutdown$$0000000F      0x000001d2   Section        0  libshutdown2.o(.ARM.Collect$$libshutdown$$0000000F)
    .ARM.Collect$$libshutdown$$00000010      0x000001d2   Section        2  libshutdown2.o(.ARM.Collect$$libshutdown$$00000010)
    .ARM.Collect$$rtentry$$00000000          0x000001d4   Section        0  __rtentry.o(.ARM.Collect$$rtentry$$00000000)
    .ARM.Collect$$rtentry$$00000002          0x000001d4   Section        0  __rtentry2.o(.ARM.Collect$$rtentry$$00000002)
    .ARM.Collect$$rtentry$$00000004          0x000001d4   Section        6  __rtentry4.o(.ARM.Collect$$rtentry$$00000004)
    .ARM.Collect$$rtentry$$00000009          0x000001da   Section        0  __rtentry2.o(.ARM.Collect$$rtentry$$00000009)
    .ARM.Collect$$rtentry$$0000000A          0x000001da   Section        4  __rtentry2.o(.ARM.Collect$$rtentry$$0000000A)
    .ARM.Collect$$rtentry$$0000000C          0x000001de   Section        0  __rtentry2.o(.ARM.Collect$$rtentry$$0000000C)
    .ARM.Collect$$rtentry$$0000000D          0x000001de   Section        8  __rtentry2.o(.ARM.Collect$$rtentry$$0000000D)
    .ARM.Collect$$rtexit$$00000000           0x000001e6   Section        2  rtexit.o(.ARM.Collect$$rtexit$$00000000)
    .ARM.Collect$$rtexit$$00000002           0x000001e8   Section        0  rtexit2.o(.ARM.Collect$$rtexit$$00000002)
    .ARM.Collect$$rtexit$$00000003           0x000001e8   Section        4  rtexit2.o(.ARM.Collect$$rtexit$$00000003)
    .ARM.Collect$$rtexit$$00000004           0x000001ec   Section        6  rtexit2.o(.ARM.Collect$$rtexit$$00000004)
    .text                                    0x000001f4   Section       88  startup_msp432p401r_uvision.o(.text)
    $v0                                      0x000001f4   Number         0  startup_msp432p401r_uvision.o(.text)
    .text                                    0x0000024c   Section        0  noretval__2sprintf.o(.text)
    .text                                    0x00000274   Section        0  _printf_pad.o(.text)
    .text                                    0x000002c4   Section        0  _printf_dec.o(.text)
    .text                                    0x0000033c   Section        0  _printf_hex_int.o(.text)
    .text                                    0x00000394   Section        0  __printf_wp.o(.text)
    .text                                    0x000004a2   Section        0  heapauxi.o(.text)
    .text                                    0x000004a8   Section        0  _printf_intcommon.o(.text)
    .text                                    0x0000055c   Section        0  _printf_char_common.o(.text)
    _printf_input_char                       0x0000055d   Thumb Code    10  _printf_char_common.o(.text)
    .text                                    0x0000058c   Section        0  _sputc.o(.text)
    .text                                    0x00000596   Section       74  sys_stackheap_outer.o(.text)
    .text                                    0x000005e0   Section        0  exit.o(.text)
    .text                                    0x000005f4   Section        8  libspace.o(.text)
    .text                                    0x000005fc   Section        0  sys_exit.o(.text)
    .text                                    0x00000608   Section        2  use_no_semi.o(.text)
    .text                                    0x0000060a   Section        0  indicate_semi.o(.text)
    i.ConfigureInterrupts                    0x0000060c   Section        0  inputoutput.o(i.ConfigureInterrupts)
    i.GenStart                               0x0000067c   Section        0  inputoutput.o(i.GenStart)
    i.GenStop                                0x00000690   Section        0  inputoutput.o(i.GenStop)
    i.InI2C                                  0x000006a4   Section        0  inputoutput.o(i.InI2C)
    i.InitI2C                                0x000006e4   Section        0  inputoutput.o(i.InitI2C)
    i.InitLCD                                0x00000730   Section        0  inputoutput.o(i.InitLCD)
    i.OutI2C                                 0x0000076c   Section        0  inputoutput.o(i.OutI2C)
    i.OutLCD                                 0x000007ac   Section        0  inputoutput.o(i.OutLCD)
    i.OutputNumTo7Seg                        0x000007f4   Section        0  inputoutput.o(i.OutputNumTo7Seg)
    i.OutputString                           0x00000928   Section        0  inputoutput.o(i.OutputString)
    i.PORT4_IRQHandler                       0x00000948   Section        0  inputoutput.o(i.PORT4_IRQHandler)
    i.SystemInit                             0x00000970   Section        0  system_msp432p401r.o(i.SystemInit)
    i.WaitRx                                 0x000009dc   Section        0  inputoutput.o(i.WaitRx)
    i.WaitStart                              0x000009f0   Section        0  inputoutput.o(i.WaitStart)
    i.WaitStop                               0x00000a04   Section        0  inputoutput.o(i.WaitStop)
    i.WaitTx                                 0x00000a18   Section        0  inputoutput.o(i.WaitTx)
    i._is_digit                              0x00000a2c   Section        0  __printf_wp.o(i._is_digit)
    i.main                                   0x00000a3c   Section        0  inputoutput.o(i.main)
    x$fpl$fpinit                             0x00000bfc   Section       10  fpinit.o(x$fpl$fpinit)
    $v0                                      0x00000bfc   Number         0  fpinit.o(x$fpl$fpinit)
    .constdata                               0x00000c06   Section       40  _printf_hex_int.o(.constdata)
    uc_hextab                                0x00000c06   Data          20  _printf_hex_int.o(.constdata)
    lc_hextab                                0x00000c1a   Data          20  _printf_hex_int.o(.constdata)
    .data                                    0x20000000   Section        4  inputoutput.o(.data)
    .bss                                     0x20000004   Section       96  libspace.o(.bss)
    HEAP                                     0x20000068   Section        0  startup_msp432p401r_uvision.o(HEAP)
    STACK                                    0x20000068   Section      512  startup_msp432p401r_uvision.o(STACK)
    Heap_Mem                                 0x20000068   Data           0  startup_msp432p401r_uvision.o(HEAP)
    Stack_Mem                                0x20000068   Data         512  startup_msp432p401r_uvision.o(STACK)
    __initial_sp                             0x20000268   Data           0  startup_msp432p401r_uvision.o(STACK)

    Global Symbols

    Symbol Name                              Value     Ov Type        Size  Object(Section)

    BuildAttributes$$THM_ISAv4$E$P$D$K$B$S$7EM$VFPi3$EXTD16$VFPS$VFMA$PE$A:L22UL41UL21$X:L11$S22US41US21$IEEE1$IW$USESV6$~STKCKD$USESV7$~SHL$OSPACE$ROPI$EBA8$UX$STANDARDLIB$REQ8$PRES8$EABIv2 0x00000000   Number         0  anon$$obj.o ABSOLUTE
    __ARM_use_no_argv                        0x00000000   Number         0  inputoutput.o ABSOLUTE
    __Vectors                                0x00000000   Data           4  startup_msp432p401r_uvision.o(RESET)
    _printf_flags                            0x00000000   Number         0  printf_stubs.o ABSOLUTE
    _printf_return_value                     0x00000000   Number         0  printf_stubs.o ABSOLUTE
    _printf_sizespec                         0x00000000   Number         0  printf_stubs.o ABSOLUTE
    _printf_widthprec                        0x00000000   Number         0  printf_stubs.o ABSOLUTE
    __ARM_exceptions_init                     - Undefined Weak Reference
    __alloca_initialize                       - Undefined Weak Reference
    __arm_preinit_                            - Undefined Weak Reference
    __cpp_initialize__aeabi_                  - Undefined Weak Reference
    __cxa_finalize                            - Undefined Weak Reference
    __rt_locale                               - Undefined Weak Reference
    __sigvec_lookup                           - Undefined Weak Reference
    _atexit_init                              - Undefined Weak Reference
    _call_atexit_fns                          - Undefined Weak Reference
    _clock_init                               - Undefined Weak Reference
    _fp_trap_init                             - Undefined Weak Reference
    _fp_trap_shutdown                         - Undefined Weak Reference
    _get_lc_collate                           - Undefined Weak Reference
    _get_lc_ctype                             - Undefined Weak Reference
    _get_lc_monetary                          - Undefined Weak Reference
    _get_lc_numeric                           - Undefined Weak Reference
    _get_lc_time                              - Undefined Weak Reference
    _getenv_init                              - Undefined Weak Reference
    _handle_redirection                       - Undefined Weak Reference
    _init_alloc                               - Undefined Weak Reference
    _init_user_alloc                          - Undefined Weak Reference
    _initio                                   - Undefined Weak Reference
    _printf_truncate_signed                   - Undefined Weak Reference
    _printf_truncate_unsigned                 - Undefined Weak Reference
    _rand_init                                - Undefined Weak Reference
    _signal_finish                            - Undefined Weak Reference
    _signal_init                              - Undefined Weak Reference
    _terminate_alloc                          - Undefined Weak Reference
    _terminate_user_alloc                     - Undefined Weak Reference
    _terminateio                              - Undefined Weak Reference
    __Vectors_End                            0x00000144   Data           0  startup_msp432p401r_uvision.o(RESET)
    __Vectors_Size                           0x00000144   Number         0  startup_msp432p401r_uvision.o ABSOLUTE
    __main                                   0x00000145   Thumb Code     8  __main.o(!!!main)
    __scatterload                            0x0000014d   Thumb Code     0  __scatter.o(!!!scatter)
    __scatterload_rt2                        0x0000014d   Thumb Code    44  __scatter.o(!!!scatter)
    __scatterload_rt2_thumb_only             0x0000014d   Thumb Code     0  __scatter.o(!!!scatter)
    __scatterload_null                       0x0000015b   Thumb Code     0  __scatter.o(!!!scatter)
    __scatterload_copy                       0x00000181   Thumb Code    26  __scatter_copy.o(!!handler_copy)
    __scatterload_zeroinit                   0x0000019d   Thumb Code    28  __scatter_zi.o(!!handler_zi)
    _printf_d                                0x000001b9   Thumb Code     0  _printf_d.o(.ARM.Collect$$_printf_percent$$00000009)
    _printf_percent                          0x000001b9   Thumb Code     0  _printf_percent.o(.ARM.Collect$$_printf_percent$$00000000)
    _printf_x                                0x000001bf   Thumb Code     0  _printf_x.o(.ARM.Collect$$_printf_percent$$0000000C)
    _printf_percent_end                      0x000001c5   Thumb Code     0  _printf_percent_end.o(.ARM.Collect$$_printf_percent$$00000017)
    __rt_lib_init                            0x000001c9   Thumb Code     0  libinit.o(.ARM.Collect$$libinit$$00000000)
    __rt_lib_init_fp_1                       0x000001cb   Thumb Code     0  libinit2.o(.ARM.Collect$$libinit$$00000001)
    __rt_lib_init_alloca_1                   0x000001cf   Thumb Code     0  libinit2.o(.ARM.Collect$$libinit$$0000002E)
    __rt_lib_init_argv_1                     0x000001cf   Thumb Code     0  libinit2.o(.ARM.Collect$$libinit$$0000002C)
    __rt_lib_init_atexit_1                   0x000001cf   Thumb Code     0  libinit2.o(.ARM.Collect$$libinit$$0000001B)
    __rt_lib_init_clock_1                    0x000001cf   Thumb Code     0  libinit2.o(.ARM.Collect$$libinit$$00000021)
    __rt_lib_init_cpp_1                      0x000001cf   Thumb Code     0  libinit2.o(.ARM.Collect$$libinit$$00000032)
    __rt_lib_init_exceptions_1               0x000001cf   Thumb Code     0  libinit2.o(.ARM.Collect$$libinit$$00000030)
    __rt_lib_init_fp_trap_1                  0x000001cf   Thumb Code     0  libinit2.o(.ARM.Collect$$libinit$$0000001F)
    __rt_lib_init_getenv_1                   0x000001cf   Thumb Code     0  libinit2.o(.ARM.Collect$$libinit$$00000023)
    __rt_lib_init_heap_1                     0x000001cf   Thumb Code     0  libinit2.o(.ARM.Collect$$libinit$$0000000A)
    __rt_lib_init_lc_collate_1               0x000001cf   Thumb Code     0  libinit2.o(.ARM.Collect$$libinit$$00000011)
    __rt_lib_init_lc_ctype_1                 0x000001cf   Thumb Code     0  libinit2.o(.ARM.Collect$$libinit$$00000013)
    __rt_lib_init_lc_monetary_1              0x000001cf   Thumb Code     0  libinit2.o(.ARM.Collect$$libinit$$00000015)
    __rt_lib_init_lc_numeric_1               0x000001cf   Thumb Code     0  libinit2.o(.ARM.Collect$$libinit$$00000017)
    __rt_lib_init_lc_time_1                  0x000001cf   Thumb Code     0  libinit2.o(.ARM.Collect$$libinit$$00000019)
    __rt_lib_init_preinit_1                  0x000001cf   Thumb Code     0  libinit2.o(.ARM.Collect$$libinit$$00000004)
    __rt_lib_init_rand_1                     0x000001cf   Thumb Code     0  libinit2.o(.ARM.Collect$$libinit$$0000000E)
    __rt_lib_init_return                     0x000001cf   Thumb Code     0  libinit2.o(.ARM.Collect$$libinit$$00000033)
    __rt_lib_init_signal_1                   0x000001cf   Thumb Code     0  libinit2.o(.ARM.Collect$$libinit$$0000001D)
    __rt_lib_init_stdio_1                    0x000001cf   Thumb Code     0  libinit2.o(.ARM.Collect$$libinit$$00000025)
    __rt_lib_init_user_alloc_1               0x000001cf   Thumb Code     0  libinit2.o(.ARM.Collect$$libinit$$0000000C)
    __rt_lib_shutdown                        0x000001d1   Thumb Code     0  libshutdown.o(.ARM.Collect$$libshutdown$$00000000)
    __rt_lib_shutdown_cpp_1                  0x000001d3   Thumb Code     0  libshutdown2.o(.ARM.Collect$$libshutdown$$00000002)
    __rt_lib_shutdown_fp_trap_1              0x000001d3   Thumb Code     0  libshutdown2.o(.ARM.Collect$$libshutdown$$00000007)
    __rt_lib_shutdown_heap_1                 0x000001d3   Thumb Code     0  libshutdown2.o(.ARM.Collect$$libshutdown$$0000000F)
    __rt_lib_shutdown_return                 0x000001d3   Thumb Code     0  libshutdown2.o(.ARM.Collect$$libshutdown$$00000010)
    __rt_lib_shutdown_signal_1               0x000001d3   Thumb Code     0  libshutdown2.o(.ARM.Collect$$libshutdown$$0000000A)
    __rt_lib_shutdown_stdio_1                0x000001d3   Thumb Code     0  libshutdown2.o(.ARM.Collect$$libshutdown$$00000004)
    __rt_lib_shutdown_user_alloc_1           0x000001d3   Thumb Code     0  libshutdown2.o(.ARM.Collect$$libshutdown$$0000000C)
    __rt_entry                               0x000001d5   Thumb Code     0  __rtentry.o(.ARM.Collect$$rtentry$$00000000)
    __rt_entry_presh_1                       0x000001d5   Thumb Code     0  __rtentry2.o(.ARM.Collect$$rtentry$$00000002)
    __rt_entry_sh                            0x000001d5   Thumb Code     0  __rtentry4.o(.ARM.Collect$$rtentry$$00000004)
    __rt_entry_li                            0x000001db   Thumb Code     0  __rtentry2.o(.ARM.Collect$$rtentry$$0000000A)
    __rt_entry_postsh_1                      0x000001db   Thumb Code     0  __rtentry2.o(.ARM.Collect$$rtentry$$00000009)
    __rt_entry_main                          0x000001df   Thumb Code     0  __rtentry2.o(.ARM.Collect$$rtentry$$0000000D)
    __rt_entry_postli_1                      0x000001df   Thumb Code     0  __rtentry2.o(.ARM.Collect$$rtentry$$0000000C)
    __rt_exit                                0x000001e7   Thumb Code     0  rtexit.o(.ARM.Collect$$rtexit$$00000000)
    __rt_exit_ls                             0x000001e9   Thumb Code     0  rtexit2.o(.ARM.Collect$$rtexit$$00000003)
    __rt_exit_prels_1                        0x000001e9   Thumb Code     0  rtexit2.o(.ARM.Collect$$rtexit$$00000002)
    __rt_exit_exit                           0x000001ed   Thumb Code     0  rtexit2.o(.ARM.Collect$$rtexit$$00000004)
    Reset_Handler                            0x000001f5   Thumb Code     8  startup_msp432p401r_uvision.o(.text)
    NMI_Handler                              0x000001fd   Thumb Code     2  startup_msp432p401r_uvision.o(.text)
    HardFault_Handler                        0x000001ff   Thumb Code     2  startup_msp432p401r_uvision.o(.text)
    MemManage_Handler                        0x00000201   Thumb Code     2  startup_msp432p401r_uvision.o(.text)
    BusFault_Handler                         0x00000203   Thumb Code     2  startup_msp432p401r_uvision.o(.text)
    UsageFault_Handler                       0x00000205   Thumb Code     2  startup_msp432p401r_uvision.o(.text)
    SVC_Handler                              0x00000207   Thumb Code     2  startup_msp432p401r_uvision.o(.text)
    DebugMon_Handler                         0x00000209   Thumb Code     2  startup_msp432p401r_uvision.o(.text)
    PendSV_Handler                           0x0000020b   Thumb Code     2  startup_msp432p401r_uvision.o(.text)
    SysTick_Handler                          0x0000020d   Thumb Code     2  startup_msp432p401r_uvision.o(.text)
    ADC14_IRQHandler                         0x0000020f   Thumb Code     0  startup_msp432p401r_uvision.o(.text)
    AES256_IRQHandler                        0x0000020f   Thumb Code     0  startup_msp432p401r_uvision.o(.text)
    COMP_E0_IRQHandler                       0x0000020f   Thumb Code     0  startup_msp432p401r_uvision.o(.text)
    COMP_E1_IRQHandler                       0x0000020f   Thumb Code     0  startup_msp432p401r_uvision.o(.text)
    CS_IRQHandler                            0x0000020f   Thumb Code     0  startup_msp432p401r_uvision.o(.text)
    DMA_ERR_IRQHandler                       0x0000020f   Thumb Code     0  startup_msp432p401r_uvision.o(.text)
    DMA_INT0_IRQHandler                      0x0000020f   Thumb Code     0  startup_msp432p401r_uvision.o(.text)
    DMA_INT1_IRQHandler                      0x0000020f   Thumb Code     0  startup_msp432p401r_uvision.o(.text)
    DMA_INT2_IRQHandler                      0x0000020f   Thumb Code     0  startup_msp432p401r_uvision.o(.text)
    DMA_INT3_IRQHandler                      0x0000020f   Thumb Code     0  startup_msp432p401r_uvision.o(.text)
    EUSCIA0_IRQHandler                       0x0000020f   Thumb Code     0  startup_msp432p401r_uvision.o(.text)
    EUSCIA1_IRQHandler                       0x0000020f   Thumb Code     0  startup_msp432p401r_uvision.o(.text)
    EUSCIA2_IRQHandler                       0x0000020f   Thumb Code     0  startup_msp432p401r_uvision.o(.text)
    EUSCIA3_IRQHandler                       0x0000020f   Thumb Code     0  startup_msp432p401r_uvision.o(.text)
    EUSCIB0_IRQHandler                       0x0000020f   Thumb Code     0  startup_msp432p401r_uvision.o(.text)
    EUSCIB1_IRQHandler                       0x0000020f   Thumb Code     0  startup_msp432p401r_uvision.o(.text)
    EUSCIB2_IRQHandler                       0x0000020f   Thumb Code     0  startup_msp432p401r_uvision.o(.text)
    EUSCIB3_IRQHandler                       0x0000020f   Thumb Code     0  startup_msp432p401r_uvision.o(.text)
    FLCTL_IRQHandler                         0x0000020f   Thumb Code     0  startup_msp432p401r_uvision.o(.text)
    FPU_IRQHandler                           0x0000020f   Thumb Code     0  startup_msp432p401r_uvision.o(.text)
    PCM_IRQHandler                           0x0000020f   Thumb Code     0  startup_msp432p401r_uvision.o(.text)
    PORT1_IRQHandler                         0x0000020f   Thumb Code     0  startup_msp432p401r_uvision.o(.text)
    PORT2_IRQHandler                         0x0000020f   Thumb Code     0  startup_msp432p401r_uvision.o(.text)
    PORT3_IRQHandler                         0x0000020f   Thumb Code     0  startup_msp432p401r_uvision.o(.text)
    PORT5_IRQHandler                         0x0000020f   Thumb Code     0  startup_msp432p401r_uvision.o(.text)
    PORT6_IRQHandler                         0x0000020f   Thumb Code     0  startup_msp432p401r_uvision.o(.text)
    PSS_IRQHandler                           0x0000020f   Thumb Code     0  startup_msp432p401r_uvision.o(.text)
    RTC_C_IRQHandler                         0x0000020f   Thumb Code     0  startup_msp432p401r_uvision.o(.text)
    T32_INT1_IRQHandler                      0x0000020f   Thumb Code     0  startup_msp432p401r_uvision.o(.text)
    T32_INT2_IRQHandler                      0x0000020f   Thumb Code     0  startup_msp432p401r_uvision.o(.text)
    T32_INTC_IRQHandler                      0x0000020f   Thumb Code     0  startup_msp432p401r_uvision.o(.text)
    TA0_0_IRQHandler                         0x0000020f   Thumb Code     0  startup_msp432p401r_uvision.o(.text)
    TA0_N_IRQHandler                         0x0000020f   Thumb Code     0  startup_msp432p401r_uvision.o(.text)
    TA1_0_IRQHandler                         0x0000020f   Thumb Code     0  startup_msp432p401r_uvision.o(.text)
    TA1_N_IRQHandler                         0x0000020f   Thumb Code     0  startup_msp432p401r_uvision.o(.text)
    TA2_0_IRQHandler                         0x0000020f   Thumb Code     0  startup_msp432p401r_uvision.o(.text)
    TA2_N_IRQHandler                         0x0000020f   Thumb Code     0  startup_msp432p401r_uvision.o(.text)
    TA3_0_IRQHandler                         0x0000020f   Thumb Code     0  startup_msp432p401r_uvision.o(.text)
    TA3_N_IRQHandler                         0x0000020f   Thumb Code     0  startup_msp432p401r_uvision.o(.text)
    WDT_A_IRQHandler                         0x0000020f   Thumb Code     0  startup_msp432p401r_uvision.o(.text)
    __user_initial_stackheap                 0x00000211   Thumb Code    10  startup_msp432p401r_uvision.o(.text)
    DisableInterrupts                        0x0000021d   Thumb Code     0  startup_msp432p401r_uvision.o(.text)
    EnableInterrupts                         0x00000221   Thumb Code     0  startup_msp432p401r_uvision.o(.text)
    StartCritical                            0x00000225   Thumb Code     0  startup_msp432p401r_uvision.o(.text)
    EndCritical                              0x0000022d   Thumb Code     0  startup_msp432p401r_uvision.o(.text)
    WaitForInterrupt                         0x00000233   Thumb Code     0  startup_msp432p401r_uvision.o(.text)
    __2sprintf                               0x0000024d   Thumb Code    34  noretval__2sprintf.o(.text)
    _printf_pre_padding                      0x00000275   Thumb Code    44  _printf_pad.o(.text)
    _printf_post_padding                     0x000002a1   Thumb Code    34  _printf_pad.o(.text)
    _printf_int_dec                          0x000002c5   Thumb Code   104  _printf_dec.o(.text)
    _printf_int_hex                          0x0000033d   Thumb Code    84  _printf_hex_int.o(.text)
    _printf_longlong_hex                     0x0000033d   Thumb Code     0  _printf_hex_int.o(.text)
    __printf                                 0x00000395   Thumb Code   270  __printf_wp.o(.text)
    __use_two_region_memory                  0x000004a3   Thumb Code     2  heapauxi.o(.text)
    __rt_heap_escrow$2region                 0x000004a5   Thumb Code     2  heapauxi.o(.text)
    __rt_heap_expand$2region                 0x000004a7   Thumb Code     2  heapauxi.o(.text)
    _printf_int_common                       0x000004a9   Thumb Code   178  _printf_intcommon.o(.text)
    _printf_char_common                      0x00000567   Thumb Code    32  _printf_char_common.o(.text)
    _sputc                                   0x0000058d   Thumb Code    10  _sputc.o(.text)
    __user_setup_stackheap                   0x00000597   Thumb Code    74  sys_stackheap_outer.o(.text)
    exit                                     0x000005e1   Thumb Code    18  exit.o(.text)
    __user_libspace                          0x000005f5   Thumb Code     8  libspace.o(.text)
    __user_perproc_libspace                  0x000005f5   Thumb Code     0  libspace.o(.text)
    __user_perthread_libspace                0x000005f5   Thumb Code     0  libspace.o(.text)
    _sys_exit                                0x000005fd   Thumb Code     8  sys_exit.o(.text)
    __I$use$semihosting                      0x00000609   Thumb Code     0  use_no_semi.o(.text)
    __use_no_semihosting_swi                 0x00000609   Thumb Code     2  use_no_semi.o(.text)
    __semihosting_library_function           0x0000060b   Thumb Code     0  indicate_semi.o(.text)
    ConfigureInterrupts                      0x0000060d   Thumb Code   102  inputoutput.o(i.ConfigureInterrupts)
    GenStart                                 0x0000067d   Thumb Code    14  inputoutput.o(i.GenStart)
    GenStop                                  0x00000691   Thumb Code    14  inputoutput.o(i.GenStop)
    InI2C                                    0x000006a5   Thumb Code    58  inputoutput.o(i.InI2C)
    InitI2C                                  0x000006e5   Thumb Code    66  inputoutput.o(i.InitI2C)
    InitLCD                                  0x00000731   Thumb Code    58  inputoutput.o(i.InitLCD)
    OutI2C                                   0x0000076d   Thumb Code    58  inputoutput.o(i.OutI2C)
    OutLCD                                   0x000007ad   Thumb Code    70  inputoutput.o(i.OutLCD)
    OutputNumTo7Seg                          0x000007f5   Thumb Code   290  inputoutput.o(i.OutputNumTo7Seg)
    OutputString                             0x00000929   Thumb Code    30  inputoutput.o(i.OutputString)
    PORT4_IRQHandler                         0x00000949   Thumb Code    30  inputoutput.o(i.PORT4_IRQHandler)
    SystemInit                               0x00000971   Thumb Code    86  system_msp432p401r.o(i.SystemInit)
    WaitRx                                   0x000009dd   Thumb Code    16  inputoutput.o(i.WaitRx)
    WaitStart                                0x000009f1   Thumb Code    16  inputoutput.o(i.WaitStart)
    WaitStop                                 0x00000a05   Thumb Code    16  inputoutput.o(i.WaitStop)
    WaitTx                                   0x00000a19   Thumb Code    16  inputoutput.o(i.WaitTx)
    _is_digit                                0x00000a2d   Thumb Code    14  __printf_wp.o(i._is_digit)
    main                                     0x00000a3d   Thumb Code   414  inputoutput.o(i.main)
    _fp_init                                 0x00000bfd   Thumb Code    10  fpinit.o(x$fpl$fpinit)
    __fplib_config_fpu_vfp                   0x00000c05   Thumb Code     0  fpinit.o(x$fpl$fpinit)
    __fplib_config_pureend_doubles           0x00000c05   Thumb Code     0  fpinit.o(x$fpl$fpinit)
    Region$$Table$$Base                      0x00000c30   Number         0  anon$$obj.o(Region$$Table)
    Region$$Table$$Limit                     0x00000c50   Number         0  anon$$obj.o(Region$$Table)
    getSwitchValue                           0x20000000   Data           4  inputoutput.o(.data)
    __libspace_start                         0x20000004   Data          96  libspace.o(.bss)
    __temporary_stack_top$libspace           0x20000064   Data           0  libspace.o(.bss)



==============================================================================

Memory Map of the image

  Image Entry point : 0x000001f5

  Load Region LR_1 (Base: 0x00000000, Size: 0x00000c54, Max: 0xffffffff, ABSOLUTE)

    Execution Region ER_RO (Base: 0x00000000, Size: 0x00000c50, Max: 0xffffffff, ABSOLUTE)

    Base Addr    Size         Type   Attr      Idx    E Section Name        Object

    0x00000000   0x00000144   Data   RO          177    RESET               startup_msp432p401r_uvision.o
    0x00000144   0x00000008   Code   RO          276  * !!!main             c_w.l(__main.o)
    0x0000014c   0x00000034   Code   RO          442    !!!scatter          c_w.l(__scatter.o)
    0x00000180   0x0000001a   Code   RO          444    !!handler_copy      c_w.l(__scatter_copy.o)
    0x0000019a   0x00000002   PAD
    0x0000019c   0x0000001c   Code   RO          446    !!handler_zi        c_w.l(__scatter_zi.o)
    0x000001b8   0x00000000   Code   RO          273    .ARM.Collect$$_printf_percent$$00000000  c_w.l(_printf_percent.o)
    0x000001b8   0x00000006   Code   RO          272    .ARM.Collect$$_printf_percent$$00000009  c_w.l(_printf_d.o)
    0x000001be   0x00000006   Code   RO          271    .ARM.Collect$$_printf_percent$$0000000C  c_w.l(_printf_x.o)
    0x000001c4   0x00000004   Code   RO          285    .ARM.Collect$$_printf_percent$$00000017  c_w.l(_printf_percent_end.o)
    0x000001c8   0x00000002   Code   RO          312    .ARM.Collect$$libinit$$00000000  c_w.l(libinit.o)
    0x000001ca   0x00000004   Code   RO          318    .ARM.Collect$$libinit$$00000001  c_w.l(libinit2.o)
    0x000001ce   0x00000000   Code   RO          321    .ARM.Collect$$libinit$$00000004  c_w.l(libinit2.o)
    0x000001ce   0x00000000   Code   RO          324    .ARM.Collect$$libinit$$0000000A  c_w.l(libinit2.o)
    0x000001ce   0x00000000   Code   RO          326    .ARM.Collect$$libinit$$0000000C  c_w.l(libinit2.o)
    0x000001ce   0x00000000   Code   RO          328    .ARM.Collect$$libinit$$0000000E  c_w.l(libinit2.o)
    0x000001ce   0x00000000   Code   RO          331    .ARM.Collect$$libinit$$00000011  c_w.l(libinit2.o)
    0x000001ce   0x00000000   Code   RO          333    .ARM.Collect$$libinit$$00000013  c_w.l(libinit2.o)
    0x000001ce   0x00000000   Code   RO          335    .ARM.Collect$$libinit$$00000015  c_w.l(libinit2.o)
    0x000001ce   0x00000000   Code   RO          337    .ARM.Collect$$libinit$$00000017  c_w.l(libinit2.o)
    0x000001ce   0x00000000   Code   RO          339    .ARM.Collect$$libinit$$00000019  c_w.l(libinit2.o)
    0x000001ce   0x00000000   Code   RO          341    .ARM.Collect$$libinit$$0000001B  c_w.l(libinit2.o)
    0x000001ce   0x00000000   Code   RO          343    .ARM.Collect$$libinit$$0000001D  c_w.l(libinit2.o)
    0x000001ce   0x00000000   Code   RO          345    .ARM.Collect$$libinit$$0000001F  c_w.l(libinit2.o)
    0x000001ce   0x00000000   Code   RO          347    .ARM.Collect$$libinit$$00000021  c_w.l(libinit2.o)
    0x000001ce   0x00000000   Code   RO          349    .ARM.Collect$$libinit$$00000023  c_w.l(libinit2.o)
    0x000001ce   0x00000000   Code   RO          351    .ARM.Collect$$libinit$$00000025  c_w.l(libinit2.o)
    0x000001ce   0x00000000   Code   RO          355    .ARM.Collect$$libinit$$0000002C  c_w.l(libinit2.o)
    0x000001ce   0x00000000   Code   RO          357    .ARM.Collect$$libinit$$0000002E  c_w.l(libinit2.o)
    0x000001ce   0x00000000   Code   RO          359    .ARM.Collect$$libinit$$00000030  c_w.l(libinit2.o)
    0x000001ce   0x00000000   Code   RO          361    .ARM.Collect$$libinit$$00000032  c_w.l(libinit2.o)
    0x000001ce   0x00000002   Code   RO          362    .ARM.Collect$$libinit$$00000033  c_w.l(libinit2.o)
    0x000001d0   0x00000002   Code   RO          382    .ARM.Collect$$libshutdown$$00000000  c_w.l(libshutdown.o)
    0x000001d2   0x00000000   Code   RO          395    .ARM.Collect$$libshutdown$$00000002  c_w.l(libshutdown2.o)
    0x000001d2   0x00000000   Code   RO          397    .ARM.Collect$$libshutdown$$00000004  c_w.l(libshutdown2.o)
    0x000001d2   0x00000000   Code   RO          400    .ARM.Collect$$libshutdown$$00000007  c_w.l(libshutdown2.o)
    0x000001d2   0x00000000   Code   RO          403    .ARM.Collect$$libshutdown$$0000000A  c_w.l(libshutdown2.o)
    0x000001d2   0x00000000   Code   RO          405    .ARM.Collect$$libshutdown$$0000000C  c_w.l(libshutdown2.o)
    0x000001d2   0x00000000   Code   RO          408    .ARM.Collect$$libshutdown$$0000000F  c_w.l(libshutdown2.o)
    0x000001d2   0x00000002   Code   RO          409    .ARM.Collect$$libshutdown$$00000010  c_w.l(libshutdown2.o)
    0x000001d4   0x00000000   Code   RO          278    .ARM.Collect$$rtentry$$00000000  c_w.l(__rtentry.o)
    0x000001d4   0x00000000   Code   RO          287    .ARM.Collect$$rtentry$$00000002  c_w.l(__rtentry2.o)
    0x000001d4   0x00000006   Code   RO          299    .ARM.Collect$$rtentry$$00000004  c_w.l(__rtentry4.o)
    0x000001da   0x00000000   Code   RO          289    .ARM.Collect$$rtentry$$00000009  c_w.l(__rtentry2.o)
    0x000001da   0x00000004   Code   RO          290    .ARM.Collect$$rtentry$$0000000A  c_w.l(__rtentry2.o)
    0x000001de   0x00000000   Code   RO          292    .ARM.Collect$$rtentry$$0000000C  c_w.l(__rtentry2.o)
    0x000001de   0x00000008   Code   RO          293    .ARM.Collect$$rtentry$$0000000D  c_w.l(__rtentry2.o)
    0x000001e6   0x00000002   Code   RO          316    .ARM.Collect$$rtexit$$00000000  c_w.l(rtexit.o)
    0x000001e8   0x00000000   Code   RO          364    .ARM.Collect$$rtexit$$00000002  c_w.l(rtexit2.o)
    0x000001e8   0x00000004   Code   RO          365    .ARM.Collect$$rtexit$$00000003  c_w.l(rtexit2.o)
    0x000001ec   0x00000006   Code   RO          366    .ARM.Collect$$rtexit$$00000004  c_w.l(rtexit2.o)
    0x000001f2   0x00000002   PAD
    0x000001f4   0x00000058   Code   RO          178  * .text               startup_msp432p401r_uvision.o
    0x0000024c   0x00000028   Code   RO          222    .text               c_w.l(noretval__2sprintf.o)
    0x00000274   0x0000004e   Code   RO          226    .text               c_w.l(_printf_pad.o)
    0x000002c2   0x00000002   PAD
    0x000002c4   0x00000078   Code   RO          228    .text               c_w.l(_printf_dec.o)
    0x0000033c   0x00000058   Code   RO          233    .text               c_w.l(_printf_hex_int.o)
    0x00000394   0x0000010e   Code   RO          259    .text               c_w.l(__printf_wp.o)
    0x000004a2   0x00000006   Code   RO          274    .text               c_w.l(heapauxi.o)
    0x000004a8   0x000000b2   Code   RO          279    .text               c_w.l(_printf_intcommon.o)
    0x0000055a   0x00000002   PAD
    0x0000055c   0x00000030   Code   RO          281    .text               c_w.l(_printf_char_common.o)
    0x0000058c   0x0000000a   Code   RO          283    .text               c_w.l(_sputc.o)
    0x00000596   0x0000004a   Code   RO          303    .text               c_w.l(sys_stackheap_outer.o)
    0x000005e0   0x00000012   Code   RO          305    .text               c_w.l(exit.o)
    0x000005f2   0x00000002   PAD
    0x000005f4   0x00000008   Code   RO          313    .text               c_w.l(libspace.o)
    0x000005fc   0x0000000c   Code   RO          374    .text               c_w.l(sys_exit.o)
    0x00000608   0x00000002   Code   RO          385    .text               c_w.l(use_no_semi.o)
    0x0000060a   0x00000000   Code   RO          387    .text               c_w.l(indicate_semi.o)
    0x0000060a   0x00000002   PAD
    0x0000060c   0x00000070   Code   RO            4    i.ConfigureInterrupts  inputoutput.o
    0x0000067c   0x00000014   Code   RO            5    i.GenStart          inputoutput.o
    0x00000690   0x00000014   Code   RO            6    i.GenStop           inputoutput.o
    0x000006a4   0x00000040   Code   RO            7    i.InI2C             inputoutput.o
    0x000006e4   0x0000004c   Code   RO            8    i.InitI2C           inputoutput.o
    0x00000730   0x0000003a   Code   RO            9    i.InitLCD           inputoutput.o
    0x0000076a   0x00000002   PAD
    0x0000076c   0x00000040   Code   RO           12    i.OutI2C            inputoutput.o
    0x000007ac   0x00000046   Code   RO           13    i.OutLCD            inputoutput.o
    0x000007f2   0x00000002   PAD
    0x000007f4   0x00000134   Code   RO           14    i.OutputNumTo7Seg   inputoutput.o
    0x00000928   0x0000001e   Code   RO           15    i.OutputString      inputoutput.o
    0x00000946   0x00000002   PAD
    0x00000948   0x00000028   Code   RO           16    i.PORT4_IRQHandler  inputoutput.o
    0x00000970   0x0000006c   Code   RO          186    i.SystemInit        system_msp432p401r.o
    0x000009dc   0x00000014   Code   RO           17    i.WaitRx            inputoutput.o
    0x000009f0   0x00000014   Code   RO           18    i.WaitStart         inputoutput.o
    0x00000a04   0x00000014   Code   RO           19    i.WaitStop          inputoutput.o
    0x00000a18   0x00000014   Code   RO           20    i.WaitTx            inputoutput.o
    0x00000a2c   0x0000000e   Code   RO          261    i._is_digit         c_w.l(__printf_wp.o)
    0x00000a3a   0x00000002   PAD
    0x00000a3c   0x000001c0   Code   RO           21    i.main              inputoutput.o
    0x00000bfc   0x0000000a   Code   RO          372    x$fpl$fpinit        fz_wm.l(fpinit.o)
    0x00000c06   0x00000028   Data   RO          234    .constdata          c_w.l(_printf_hex_int.o)
    0x00000c2e   0x00000002   PAD
    0x00000c30   0x00000020   Data   RO          440    Region$$Table       anon$$obj.o


    Execution Region ER_RW (Base: 0x20000000, Size: 0x00000004, Max: 0xffffffff, ABSOLUTE)

    Base Addr    Size         Type   Attr      Idx    E Section Name        Object

    0x20000000   0x00000004   Data   RW           22    .data               inputoutput.o


    Execution Region ER_ZI (Base: 0x20000004, Size: 0x00000264, Max: 0xffffffff, ABSOLUTE)

    Base Addr    Size         Type   Attr      Idx    E Section Name        Object

    0x20000004   0x00000060   Zero   RW          314    .bss                c_w.l(libspace.o)
    0x20000064   0x00000004   PAD
    0x20000068   0x00000000   Zero   RW          176    HEAP                startup_msp432p401r_uvision.o
    0x20000068   0x00000200   Zero   RW          175    STACK               startup_msp432p401r_uvision.o


==============================================================================

Image component sizes


      Code (inc. data)   RO Data    RW Data    ZI Data      Debug   Object Name

      1390        122          0          4          0      10930   inputoutput.o
        88         24        324          0        512        964   startup_msp432p401r_uvision.o
       108         22          0          0          0        533   system_msp432p401r.o

    ----------------------------------------------------------------------
      1592        168        356          4        512      12427   Object Totals
         0          0         32          0          0          0   (incl. Generated)
         6          0          0          0          0          0   (incl. Padding)

    ----------------------------------------------------------------------

      Code (inc. data)   RO Data    RW Data    ZI Data      Debug   Library Member Name

         8          0          0          0          0         68   __main.o
       284          0          0          0          0        156   __printf_wp.o
         0          0          0          0          0          0   __rtentry.o
        12          0          0          0          0          0   __rtentry2.o
         6          0          0          0          0          0   __rtentry4.o
        52          8          0          0          0          0   __scatter.o
        26          0          0          0          0          0   __scatter_copy.o
        28          0          0          0          0          0   __scatter_zi.o
        48          6          0          0          0         96   _printf_char_common.o
         6          0          0          0          0          0   _printf_d.o
       120         16          0          0          0         92   _printf_dec.o
        88          4         40          0          0         88   _printf_hex_int.o
       178          0          0          0          0         88   _printf_intcommon.o
        78          0          0          0          0        108   _printf_pad.o
         0          0          0          0          0          0   _printf_percent.o
         4          0          0          0          0          0   _printf_percent_end.o
         6          0          0          0          0          0   _printf_x.o
        10          0          0          0          0         68   _sputc.o
        18          0          0          0          0         80   exit.o
         6          0          0          0          0        152   heapauxi.o
         0          0          0          0          0          0   indicate_semi.o
         2          0          0          0          0          0   libinit.o
         6          0          0          0          0          0   libinit2.o
         2          0          0          0          0          0   libshutdown.o
         2          0          0          0          0          0   libshutdown2.o
         8          4          0          0         96         68   libspace.o
        40          6          0          0          0         84   noretval__2sprintf.o
         2          0          0          0          0          0   rtexit.o
        10          0          0          0          0          0   rtexit2.o
        12          4          0          0          0         68   sys_exit.o
        74          0          0          0          0         80   sys_stackheap_outer.o
         2          0          0          0          0         68   use_no_semi.o
        10          0          0          0          0        116   fpinit.o

    ----------------------------------------------------------------------
      1162         48         42          0        100       1480   Library Totals
        14          0          2          0          4          0   (incl. Padding)

    ----------------------------------------------------------------------

      Code (inc. data)   RO Data    RW Data    ZI Data      Debug   Library Name

      1138         48         40          0         96       1364   c_w.l
        10          0          0          0          0        116   fz_wm.l

    ----------------------------------------------------------------------
      1162         48         42          0        100       1480   Library Totals

    ----------------------------------------------------------------------

==============================================================================


      Code (inc. data)   RO Data    RW Data    ZI Data      Debug   

      2754        216        398          4        612      11983   Grand Totals
      2754        216        398          4        612      11983   ELF Image Totals
      2754        216        398          4          0          0   ROM Totals

==============================================================================

    Total RO  Size (Code + RO Data)                 3152 (   3.08kB)
    Total RW  Size (RW Data + ZI Data)               616 (   0.60kB)
    Total ROM Size (Code + RO Data + RW Data)       3156 (   3.08kB)

==============================================================================

