Component: ARM Compiler 5.06 update 6 (build 750) Tool: armlink [4d35ed]

==============================================================================

Small function inlining results

Inlined function __aeabi_idiv0 from aeabi_idiv0.o at offset 0x154 in aeabi_sdiv.o(.text).
Inlined Instruction: BX       lr
Inlined function __aeabi_idiv0 from aeabi_idiv0.o at offset 0x154 in aeabi_sdiv_div0.o(.text).
Inlined Instruction: BX       lr
Inlined function __ieee_status from ieee_status.o at offset 0x1c in _printf_fp_dec.o(.text).
Inlined Instruction: MOVS     r0,#0
Inlined function _platform_pre_stackheap_init from boardinit1.o at offset 0x0 in __rtentry2.o(.ARM.Collect$$rtentry$$00000001).
Inlined Instruction: BX       lr
Inlined function __ieee_status from ieee_status.o at offset 0x1fc in btod.o(.text).
Inlined Instruction: MOVS     r0,#0
Inlined function __ieee_status from ieee_status.o at offset 0x210 in btod.o(.text).
Inlined Instruction: MOVS     r0,#0
Inlined function __ieee_status from ieee_status.o at offset 0x400 in btod.o(.text).
Inlined Instruction: MOVS     r0,#0
Inlined function __ieee_status from ieee_status.o at offset 0x412 in btod.o(.text).
Inlined Instruction: MOVS     r0,#0
Inlined function __ieee_status from ieee_status.o at offset 0x4aa in btod.o(.text).
Inlined Instruction: MOVS     r0,#0
Inlined function __ieee_status from ieee_status.o at offset 0x4b6 in btod.o(.text).
Inlined Instruction: MOVS     r0,#0
Inlined function __ieee_status from ieee_status.o at offset 0x554 in btod.o(.text).
Inlined Instruction: MOVS     r0,#0
Inlined function __ieee_status from ieee_status.o at offset 0x560 in btod.o(.text).
Inlined Instruction: MOVS     r0,#0
Inlined function _fp_init from fpinit.o at offset 0x0 in libinit2.o(.ARM.Collect$$libinit$$00000001).
Inlined Instruction: BX       lr
Inlined function __ARM_get_argv from no_argv.o at offset 0x2 in argv_veneer.o(.text).
Inlined Instruction: BX       lr
Inlined function _platform_pre_lib_shutdown from boardshut.o at offset 0x0 in rtexit2.o(.ARM.Collect$$rtexit$$00000001).
Inlined Instruction: BX       lr
Inlined total of 15 calls.

==============================================================================

Memory Map of the image

  Image Entry point : 0x0000018d

  Load Region LR_1 (Base: 0x00000000, Size: 0x00005978, Max: 0xffffffff, ABSOLUTE)

    Execution Region ER_RO (Exec base: 0x00000000, Load base: 0x00000000, Size: 0x000052c8, Max: 0xffffffff, ABSOLUTE)

    Exec Addr    Load Addr    Size         Type   Attr      Idx    E Section Name        Object

    0x00000000   0x00000000   0x000000c0   Data   RO           55    RESET               startup_nuc1xx.o
    0x000000c0   0x000000c0   0x00000008   Code   RO         1547  * !!!main             c_p.l(__main.o)
    0x000000c8   0x000000c8   0x0000003c   Code   RO         1778    !!!scatter          c_p.l(__scatter.o)
    0x00000104   0x00000104   0x0000001a   Code   RO         1780    !!handler_copy      c_p.l(__scatter_copy.o)
    0x0000011e   0x0000011e   0x00000002   PAD
    0x00000120   0x00000120   0x0000001c   Code   RO         1782    !!handler_zi        c_p.l(__scatter_zi.o)
    0x0000013c   0x0000013c   0x00000002   Code   RO         1540    .ARM.Collect$$_printf_percent$$00000000  c_p.l(_printf_percent.o)
    0x0000013e   0x0000013e   0x0000000a   Code   RO         1539    .ARM.Collect$$_printf_percent$$00000003  c_p.l(_printf_f.o)
    0x00000148   0x00000148   0x0000000a   Code   RO         1538    .ARM.Collect$$_printf_percent$$00000009  c_p.l(_printf_d.o)
    0x00000152   0x00000152   0x00000004   Code   RO         1577    .ARM.Collect$$_printf_percent$$00000017  c_p.l(_printf_percent_end.o)
    0x00000156   0x00000156   0x00000002   Code   RO         1648    .ARM.Collect$$libinit$$00000000  c_p.l(libinit.o)
    0x00000158   0x00000158   0x00000000   Code   RO         1650    .ARM.Collect$$libinit$$00000002  c_p.l(libinit2.o)
    0x00000158   0x00000158   0x00000000   Code   RO         1652    .ARM.Collect$$libinit$$00000004  c_p.l(libinit2.o)
    0x00000158   0x00000158   0x00000000   Code   RO         1655    .ARM.Collect$$libinit$$0000000A  c_p.l(libinit2.o)
    0x00000158   0x00000158   0x00000000   Code   RO         1657    .ARM.Collect$$libinit$$0000000C  c_p.l(libinit2.o)
    0x00000158   0x00000158   0x00000000   Code   RO         1659    .ARM.Collect$$libinit$$0000000E  c_p.l(libinit2.o)
    0x00000158   0x00000158   0x00000006   Code   RO         1660    .ARM.Collect$$libinit$$0000000F  c_p.l(libinit2.o)
    0x0000015e   0x0000015e   0x00000000   Code   RO         1662    .ARM.Collect$$libinit$$00000011  c_p.l(libinit2.o)
    0x0000015e   0x0000015e   0x00000000   Code   RO         1664    .ARM.Collect$$libinit$$00000013  c_p.l(libinit2.o)
    0x0000015e   0x0000015e   0x00000000   Code   RO         1666    .ARM.Collect$$libinit$$00000015  c_p.l(libinit2.o)
    0x0000015e   0x0000015e   0x0000000a   Code   RO         1667    .ARM.Collect$$libinit$$00000016  c_p.l(libinit2.o)
    0x00000168   0x00000168   0x00000000   Code   RO         1668    .ARM.Collect$$libinit$$00000017  c_p.l(libinit2.o)
    0x00000168   0x00000168   0x00000000   Code   RO         1670    .ARM.Collect$$libinit$$00000019  c_p.l(libinit2.o)
    0x00000168   0x00000168   0x00000000   Code   RO         1672    .ARM.Collect$$libinit$$0000001B  c_p.l(libinit2.o)
    0x00000168   0x00000168   0x00000000   Code   RO         1674    .ARM.Collect$$libinit$$0000001D  c_p.l(libinit2.o)
    0x00000168   0x00000168   0x00000000   Code   RO         1676    .ARM.Collect$$libinit$$0000001F  c_p.l(libinit2.o)
    0x00000168   0x00000168   0x00000000   Code   RO         1678    .ARM.Collect$$libinit$$00000021  c_p.l(libinit2.o)
    0x00000168   0x00000168   0x00000000   Code   RO         1680    .ARM.Collect$$libinit$$00000023  c_p.l(libinit2.o)
    0x00000168   0x00000168   0x00000000   Code   RO         1682    .ARM.Collect$$libinit$$00000025  c_p.l(libinit2.o)
    0x00000168   0x00000168   0x00000000   Code   RO         1686    .ARM.Collect$$libinit$$0000002C  c_p.l(libinit2.o)
    0x00000168   0x00000168   0x00000000   Code   RO         1688    .ARM.Collect$$libinit$$0000002E  c_p.l(libinit2.o)
    0x00000168   0x00000168   0x00000000   Code   RO         1690    .ARM.Collect$$libinit$$00000030  c_p.l(libinit2.o)
    0x00000168   0x00000168   0x00000000   Code   RO         1692    .ARM.Collect$$libinit$$00000032  c_p.l(libinit2.o)
    0x00000168   0x00000168   0x00000002   Code   RO         1693    .ARM.Collect$$libinit$$00000033  c_p.l(libinit2.o)
    0x0000016a   0x0000016a   0x00000002   Code   RO         1743    .ARM.Collect$$libshutdown$$00000000  c_p.l(libshutdown.o)
    0x0000016c   0x0000016c   0x00000000   Code   RO         1761    .ARM.Collect$$libshutdown$$00000002  c_p.l(libshutdown2.o)
    0x0000016c   0x0000016c   0x00000000   Code   RO         1763    .ARM.Collect$$libshutdown$$00000004  c_p.l(libshutdown2.o)
    0x0000016c   0x0000016c   0x00000000   Code   RO         1766    .ARM.Collect$$libshutdown$$00000007  c_p.l(libshutdown2.o)
    0x0000016c   0x0000016c   0x00000000   Code   RO         1769    .ARM.Collect$$libshutdown$$0000000A  c_p.l(libshutdown2.o)
    0x0000016c   0x0000016c   0x00000000   Code   RO         1771    .ARM.Collect$$libshutdown$$0000000C  c_p.l(libshutdown2.o)
    0x0000016c   0x0000016c   0x00000000   Code   RO         1774    .ARM.Collect$$libshutdown$$0000000F  c_p.l(libshutdown2.o)
    0x0000016c   0x0000016c   0x00000002   Code   RO         1775    .ARM.Collect$$libshutdown$$00000010  c_p.l(libshutdown2.o)
    0x0000016e   0x0000016e   0x00000000   Code   RO         1564    .ARM.Collect$$rtentry$$00000000  c_p.l(__rtentry.o)
    0x0000016e   0x0000016e   0x00000000   Code   RO         1584    .ARM.Collect$$rtentry$$00000002  c_p.l(__rtentry2.o)
    0x0000016e   0x0000016e   0x00000006   Code   RO         1596    .ARM.Collect$$rtentry$$00000004  c_p.l(__rtentry4.o)
    0x00000174   0x00000174   0x00000000   Code   RO         1586    .ARM.Collect$$rtentry$$00000009  c_p.l(__rtentry2.o)
    0x00000174   0x00000174   0x00000004   Code   RO         1587    .ARM.Collect$$rtentry$$0000000A  c_p.l(__rtentry2.o)
    0x00000178   0x00000178   0x00000000   Code   RO         1589    .ARM.Collect$$rtentry$$0000000C  c_p.l(__rtentry2.o)
    0x00000178   0x00000178   0x00000008   Code   RO         1590    .ARM.Collect$$rtentry$$0000000D  c_p.l(__rtentry2.o)
    0x00000180   0x00000180   0x00000002   Code   RO         1697    .ARM.Collect$$rtexit$$00000000  c_p.l(rtexit.o)
    0x00000182   0x00000182   0x00000000   Code   RO         1712    .ARM.Collect$$rtexit$$00000002  c_p.l(rtexit2.o)
    0x00000182   0x00000182   0x00000004   Code   RO         1713    .ARM.Collect$$rtexit$$00000003  c_p.l(rtexit2.o)
    0x00000186   0x00000186   0x00000006   Code   RO         1714    .ARM.Collect$$rtexit$$00000004  c_p.l(rtexit2.o)
    0x0000018c   0x0000018c   0x00000064   Code   RO           56  * .text               startup_nuc1xx.o
    0x000001f0   0x000001f0   0x00000028   Code   RO         1510    .text               c_p.l(noretval__2sprintf.o)
    0x00000218   0x00000218   0x0000004e   Code   RO         1514    .text               c_p.l(_printf_pad.o)
    0x00000266   0x00000266   0x00000002   PAD
    0x00000268   0x00000268   0x0000006c   Code   RO         1516    .text               c_p.l(_printf_dec.o)
    0x000002d4   0x000002d4   0x00000160   Code   RO         1533    .text               c_p.l(__printf_ss_wp.o)
    0x00000434   0x00000434   0x0000015a   Code   RO         1541    .text               c_p.l(aeabi_sdiv.o)
    0x0000058e   0x0000058e   0x00000006   Code   RO         1545    .text               c_p.l(heapauxi.o)
    0x00000594   0x00000594   0x00000358   Code   RO         1549    .text               fz_ps.l(daddsub.o)
    0x000008ec   0x000008ec   0x00000448   Code   RO         1551    .text               fz_ps.l(ddiv.o)
    0x00000d34   0x00000d34   0x00000058   Code   RO         1554    .text               fz_ps.l(dflti.o)
    0x00000d8c   0x00000d8c   0x00000248   Code   RO         1558    .text               fz_ps.l(dmul.o)
    0x00000fd4   0x00000fd4   0x000000b0   Code   RO         1569    .text               c_p.l(_printf_intcommon.o)
    0x00001084   0x00001084   0x00000418   Code   RO         1571    .text               c_p.l(_printf_fp_dec.o)
    0x0000149c   0x0000149c   0x00000030   Code   RO         1573    .text               c_p.l(_printf_char_common.o)
    0x000014cc   0x000014cc   0x0000000a   Code   RO         1575    .text               c_p.l(_sputc.o)
    0x000014d6   0x000014d6   0x00000028   Code   RO         1578    .text               c_p.l(rtudiv10.o)
    0x000014fe   0x000014fe   0x00000002   PAD
    0x00001500   0x00001500   0x00000090   Code   RO         1580    .text               fz_ps.l(dcmpin.o)
    0x00001590   0x00001590   0x00000008   Code   RO         1603    .text               c_p.l(rt_locale_intlibspace.o)
    0x00001598   0x00001598   0x0000007a   Code   RO         1605    .text               c_p.l(lludiv10.o)
    0x00001612   0x00001612   0x00000002   PAD
    0x00001614   0x00001614   0x00000088   Code   RO         1607    .text               c_p.l(_printf_fp_infnan.o)
    0x0000169c   0x0000169c   0x000000d8   Code   RO         1611    .text               c_p.l(bigflt0.o)
    0x00001774   0x00001774   0x00000580   Code   RO         1614    .text               c_p.l(btod.o)
    0x00001cf4   0x00001cf4   0x0000002e   Code   RO         1621    .text               fz_ps.l(cmpret.o)
    0x00001d22   0x00001d22   0x00000002   PAD
    0x00001d24   0x00001d24   0x00000014   Code   RO         1623    .text               fz_ps.l(dnan2.o)
    0x00001d38   0x00001d38   0x00000008   Code   RO         1629    .text               c_p.l(libspace.o)
    0x00001d40   0x00001d40   0x0000003e   Code   RO         1632    .text               c_p.l(sys_stackheap_outer.o)
    0x00001d7e   0x00001d7e   0x00000010   Code   RO         1635    .text               c_p.l(exit.o)
    0x00001d8e   0x00001d8e   0x00000002   PAD
    0x00001d90   0x00001d90   0x00000088   Code   RO         1641    .text               c_p.l(strcmp.o)
    0x00001e18   0x00001e18   0x0000005e   Code   RO         1694    .text               fz_ps.l(retnan.o)
    0x00001e76   0x00001e76   0x00000002   PAD
    0x00001e78   0x00001e78   0x0000000c   Code   RO         1709    .text               c_p.l(sys_exit.o)
    0x00001e84   0x00001e84   0x00000002   Code   RO         1730    .text               c_p.l(use_no_semi.o)
    0x00001e86   0x00001e86   0x00000000   Code   RO         1732    .text               c_p.l(indicate_semi.o)
    0x00001e86   0x00001e86   0x00000002   PAD
    0x00001e88   0x00001e88   0x0000009c   Code   RO          615    i.ADC_IRQHandler    drvadc.o
    0x00001f24   0x00001f24   0x00000022   Code   RO         1312    i.ADCraw            blink_2.o
    0x00001f46   0x00001f46   0x00000002   PAD
    0x00001f48   0x00001f48   0x00000028   Code   RO          312    i.BOD_IRQHandler    drvsys.o
    0x00001f70   0x00001f70   0x00000046   Code   RO         1018    i.CalTimerInitValue  drvtimer.o
    0x00001fb6   0x00001fb6   0x00000002   PAD
    0x00001fb8   0x00001fb8   0x00000014   Code   RO          634    i.DrvADC_EnableSelfCalibration  drvadc.o
    0x00001fcc   0x00001fcc   0x0000005c   Code   RO          635    i.DrvADC_GetConversionData  drvadc.o
    0x00002028   0x00002028   0x00000018   Code   RO          638    i.DrvADC_IsCalibrationDone  drvadc.o
    0x00002040   0x00002040   0x00000018   Code   RO          639    i.DrvADC_IsConversionDone  drvadc.o
    0x00002058   0x00002058   0x000000e0   Code   RO          642    i.DrvADC_Open       drvadc.o
    0x00002138   0x00002138   0x00000024   Code   RO          648    i.DrvADC_StartConvert  drvadc.o
    0x0000215c   0x0000215c   0x00000014   Code   RO          649    i.DrvADC_StopConvert  drvadc.o
    0x00002170   0x00002170   0x0000002c   Code   RO           61    i.DrvGPIO_ClrBit    drvgpio.o
    0x0000219c   0x0000219c   0x00000028   Code   RO           65    i.DrvGPIO_DisableDigitalInputBit  drvgpio.o
    0x000021c4   0x000021c4   0x0000002c   Code   RO           74    i.DrvGPIO_GetBit    drvgpio.o
    0x000021f0   0x000021f0   0x00000758   Code   RO           83    i.DrvGPIO_InitFunction  drvgpio.o
    0x00002948   0x00002948   0x00000088   Code   RO           84    i.DrvGPIO_Open      drvgpio.o
    0x000029d0   0x000029d0   0x0000002c   Code   RO           85    i.DrvGPIO_SetBit    drvgpio.o
    0x000029fc   0x000029fc   0x00000260   Code   RO          860    i.DrvPWM_Enable     drvpwm.o
    0x00002c5c   0x00002c5c   0x00000038   Code   RO          870    i.DrvPWM_Open       drvpwm.o
    0x00002c94   0x00002c94   0x00000084   Code   RO          872    i.DrvPWM_SelectClockSource  drvpwm.o
    0x00002d18   0x00002d18   0x00000818   Code   RO          873    i.DrvPWM_SetTimerClk  drvpwm.o
    0x00003530   0x00003530   0x000000d4   Code   RO          875    i.DrvPWM_SetTimerIO  drvpwm.o
    0x00003604   0x00003604   0x0000002c   Code   RO          315    i.DrvSYS_Delay      drvsys.o
    0x00003630   0x00003630   0x00000008   Code   RO          330    i.DrvSYS_GetExtClockFreq  drvsys.o
    0x00003638   0x00003638   0x00000070   Code   RO          331    i.DrvSYS_GetHCLKFreq  drvsys.o
    0x000036a8   0x000036a8   0x00000078   Code   RO          332    i.DrvSYS_GetPLLClockFreq  drvsys.o
    0x00003720   0x00003720   0x00000160   Code   RO          345    i.DrvSYS_SelectIPClockSource  drvsys.o
    0x00003880   0x00003880   0x00000064   Code   RO         1020    i.DrvTIMER_ClearIntFlag  drvtimer.o
    0x000038e4   0x000038e4   0x0000005c   Code   RO         1034    i.DrvTIMER_EnableInt  drvtimer.o
    0x00003940   0x00003940   0x00000024   Code   RO         1041    i.DrvTIMER_Init     drvtimer.o
    0x00003964   0x00003964   0x000002f4   Code   RO         1042    i.DrvTIMER_Open     drvtimer.o
    0x00003c58   0x00003c58   0x00000258   Code   RO         1049    i.DrvTIMER_SetTimerEvent  drvtimer.o
    0x00003eb0   0x00003eb0   0x00000044   Code   RO         1050    i.DrvTIMER_Start    drvtimer.o
    0x00003ef4   0x00003ef4   0x00000024   Code   RO           91    i.EINT0_IRQHandler  drvgpio.o
    0x00003f18   0x00003f18   0x00000024   Code   RO           92    i.EINT1_IRQHandler  drvgpio.o
    0x00003f3c   0x00003f3c   0x00000044   Code   RO           93    i.GPAB_IRQHandler   drvgpio.o
    0x00003f80   0x00003f80   0x0000004c   Code   RO           94    i.GPCDE_IRQHandler  drvgpio.o
    0x00003fcc   0x00003fcc   0x00000080   Code   RO         1056    i.GetTimerClock     drvtimer.o
    0x0000404c   0x0000404c   0x00000218   Code   RO         1445    i.Initial_panel     lcd_driver.o
    0x00004264   0x00004264   0x00000014   Code   RO         1058    i.NVIC_EnableIRQ    drvtimer.o
    0x00004278   0x00004278   0x00000078   Code   RO         1059    i.NVIC_SetPriority  drvtimer.o
    0x000042f0   0x000042f0   0x0000001a   Code   RO         1387    i.OpenKeyPad        scankey.o
    0x0000430a   0x0000430a   0x00000002   PAD
    0x0000430c   0x0000430c   0x0000017c   Code   RO          879    i.PWMA_IRQHandler   drvpwm.o
    0x00004488   0x00004488   0x0000017c   Code   RO          880    i.PWMB_IRQHandler   drvpwm.o
    0x00004604   0x00004604   0x00000028   Code   RO          360    i.PWRWU_IRQHandler  drvsys.o
    0x0000462c   0x0000462c   0x00000084   Code   RO         1388    i.Scankey           scankey.o
    0x000046b0   0x000046b0   0x000000f4   Code   RO         1446    i.SetPACA           lcd_driver.o
    0x000047a4   0x000047a4   0x00000078   Code   RO         1447    i.Show_Word         lcd_driver.o
    0x0000481c   0x0000481c   0x00000002   Code   RO           18    i.SystemInit        system_nuc1xx.o
    0x0000481e   0x0000481e   0x00000002   PAD
    0x00004820   0x00004820   0x00000024   Code   RO         1313    i.TMR0_Callback     blink_2.o
    0x00004844   0x00004844   0x0000009c   Code   RO         1060    i.TMR0_IRQHandler   drvtimer.o
    0x000048e0   0x000048e0   0x00000020   Code   RO         1314    i.TMR1_Callback     blink_2.o
    0x00004900   0x00004900   0x0000009c   Code   RO         1061    i.TMR1_IRQHandler   drvtimer.o
    0x0000499c   0x0000499c   0x0000009c   Code   RO         1062    i.TMR2_IRQHandler   drvtimer.o
    0x00004a38   0x00004a38   0x0000009c   Code   RO         1063    i.TMR3_IRQHandler   drvtimer.o
    0x00004ad4   0x00004ad4   0x00000034   Code   RO         1064    i.WDT_IRQHandler    drvtimer.o
    0x00004b08   0x00004b08   0x00000058   Code   RO         1449    i.WriteData         lcd_driver.o
    0x00004b60   0x00004b60   0x00000030   Code   RO         1616    i.__ARM_common_ll_muluu  c_p.l(btod.o)
    0x00004b90   0x00004b90   0x0000001c   Code   RO          290    i.__ARM_common_switch8  drvgpio.o
    0x00004bac   0x00004bac   0x0000002c   Code   RO         1627    i.__ARM_fpclassify  m_ps.l(fpclassify.o)
    0x00004bd8   0x00004bd8   0x0000000e   Code   RO         1528    i._is_digit         c_p.l(__printf_wp.o)
    0x00004be6   0x00004be6   0x00000002   PAD
    0x00004be8   0x00004be8   0x000000b8   Code   RO         1315    i.adjustDutyCycle   blink_2.o
    0x00004ca0   0x00004ca0   0x00000028   Code   RO         1450    i.clr_all_panel     lcd_driver.o
    0x00004cc8   0x00004cc8   0x00000010   Code   RO         1389    i.delay             scankey.o
    0x00004cd8   0x00004cd8   0x00000048   Code   RO         1316    i.heartbeat         blink_2.o
    0x00004d20   0x00004d20   0x00000304   Code   RO         1317    i.main              blink_2.o
    0x00005024   0x00005024   0x00000028   Code   RO         1451    i.print_lcd         lcd_driver.o
    0x0000504c   0x0000504c   0x0000002c   Code   RO         1619    locale$$code        c_p.l(lc_numeric_c.o)
    0x00005078   0x00005078   0x00000064   Code   RO         1556    x$fpl$dleqf         fz_ps.l(dlef.o)
    0x000050dc   0x000050dc   0x00000068   Code   RO         1560    x$fpl$drleqf        fz_ps.l(drlef.o)
    0x00005144   0x00005144   0x00000010   Code   RO         1562    x$fpl$printf1       fz_ps.l(printf1.o)
    0x00005154   0x00005154   0x00000000   Code   RO         1582    x$fpl$usenofp       fz_ps.l(usenofp.o)
    0x00005154   0x00005154   0x00000010   Data   RO          361    .constdata          drvsys.o
    0x00005164   0x00005164   0x00000010   Data   RO         1066    .constdata          drvtimer.o
    0x00005174   0x00005174   0x00000004   Data   RO         1390    .constdata          scankey.o
    0x00005178   0x00005178   0x00000080   Data   RO         1552    .constdata          fz_ps.l(ddiv.o)
    0x000051f8   0x000051f8   0x00000094   Data   RO         1612    .constdata          c_p.l(bigflt0.o)
    0x0000528c   0x0000528c   0x00000020   Data   RO         1776    Region$$Table       anon$$obj.o
    0x000052ac   0x000052ac   0x0000001c   Data   RO         1618    locale$$data        c_p.l(lc_numeric_c.o)


    Execution Region ER_RW (Exec base: 0x20000000, Load base: 0x000052c8, Size: 0x000006b0, Max: 0xffffffff, ABSOLUTE)

    Exec Addr    Load Addr    Size         Type   Attr      Idx    E Section Name        Object

    0x20000000   0x000052c8   0x0000001c   Data   RW           19    .data               system_nuc1xx.o
    0x2000001c   0x000052e4   0x00000010   Data   RW           98    .data               drvgpio.o
    0x2000002c   0x000052f4   0x00000008   Data   RW          362    .data               drvsys.o
    0x20000034   0x000052fc   0x0000000c   Data   RW          653    .data               drvadc.o
    0x20000040   0x00005308   0x00000004   Data   RW          882    .data               drvpwm.o
    0x20000044   0x0000530c   0x00000068   Data   RW         1067    .data               drvtimer.o
    0x200000ac   0x00005374   0x00000004   Data   RW         1319    .data               blink_2.o
    0x200000b0   0x00005378   0x000005f0   Data   RW         1379    .data               ascii_table.o
    0x200006a0   0x00005968   0x00000010   Data   RW         1452    .data               lcd_driver.o


    Execution Region ER_ZI (Exec base: 0x200006b0, Load base: 0x00005978, Size: 0x00000510, Max: 0xffffffff, ABSOLUTE)

    Exec Addr    Load Addr    Size         Type   Attr      Idx    E Section Name        Object

    0x200006b0        -       0x0000000c   Zero   RW          652    .bss                drvadc.o
    0x200006bc        -       0x00000040   Zero   RW          881    .bss                drvpwm.o
    0x200006fc        -       0x00000050   Zero   RW         1065    .bss                drvtimer.o
    0x2000074c        -       0x00000010   Zero   RW         1318    .bss                blink_2.o
    0x2000075c        -       0x00000060   Zero   RW         1630    .bss                c_p.l(libspace.o)
    0x200007bc   0x00005978   0x00000004   PAD
    0x200007c0        -       0x00000000   Zero   RW           54    HEAP                startup_nuc1xx.o
    0x200007c0        -       0x00000400   Zero   RW           53    STACK               startup_nuc1xx.o


==============================================================================

Image component sizes


      Code (inc. data)   RO Data    RW Data    ZI Data      Debug   Object Name

         0          0          0       1520          0        404   ascii_table.o
      1130        132          0          4         16       5047   blink_2.o
         0          0          0          0          0       4540   core_cm0.o
       596         60          0         12         12     131057   drvadc.o
      2432        160          0         16          0     129009   drvgpio.o
      3840        258          0          4         64       8466   drvpwm.o
       716         84         16          8          0       6419   drvsys.o
      2666        290         16        104         80      12756   drvtimer.o
      1068         24          0         16          0       4173   lcd_driver.o
       174          6          4          0          0       1587   scankey.o
       100         46        192          0       1024        636   startup_nuc1xx.o
         2          0          0         28          0       1034   system_nuc1xx.o

    ----------------------------------------------------------------------
     12732       1060        260       1712       1196     305128   Object Totals
         0          0         32          0          0          0   (incl. Generated)
         8          0          0          0          0          0   (incl. Padding)

    ----------------------------------------------------------------------

      Code (inc. data)   RO Data    RW Data    ZI Data      Debug   Library Member Name

         8          0          0          0          0         68   __main.o
       352          0          0          0          0         76   __printf_ss_wp.o
        14          0          0          0          0         60   __printf_wp.o
         0          0          0          0          0          0   __rtentry.o
        12          0          0          0          0          0   __rtentry2.o
         6          0          0          0          0          0   __rtentry4.o
        60          8          0          0          0          0   __scatter.o
        26          0          0          0          0          0   __scatter_copy.o
        28          0          0          0          0          0   __scatter_zi.o
        48          6          0          0          0         88   _printf_char_common.o
        10          0          0          0          0          0   _printf_d.o
       108         18          0          0          0         76   _printf_dec.o
        10          0          0          0          0          0   _printf_f.o
      1048         14          0          0          0        176   _printf_fp_dec.o
       136         16          0          0          0         76   _printf_fp_infnan.o
       176          0          0          0          0         84   _printf_intcommon.o
        78          0          0          0          0        100   _printf_pad.o
         2          0          0          0          0          0   _printf_percent.o
         4          0          0          0          0          0   _printf_percent_end.o
        10          0          0          0          0         60   _sputc.o
       346          0          0          0          0         92   aeabi_sdiv.o
       216          6        148          0          0         80   bigflt0.o
      1456         30          0          0          0        336   btod.o
        16          0          0          0          0         68   exit.o
         6          0          0          0          0        136   heapauxi.o
         0          0          0          0          0          0   indicate_semi.o
        44         10         28          0          0         76   lc_numeric_c.o
         2          0          0          0          0          0   libinit.o
        18          0          0          0          0          0   libinit2.o
         2          0          0          0          0          0   libshutdown.o
         2          0          0          0          0          0   libshutdown2.o
         8          4          0          0         96         68   libspace.o
       122          0          0          0          0         72   lludiv10.o
        40          4          0          0          0         84   noretval__2sprintf.o
         8          4          0          0          0         68   rt_locale_intlibspace.o
         2          0          0          0          0          0   rtexit.o
        10          0          0          0          0          0   rtexit2.o
        40          0          0          0          0         60   rtudiv10.o
       136          4          0          0          0         72   strcmp.o
        12          4          0          0          0         60   sys_exit.o
        62          0          0          0          0         80   sys_stackheap_outer.o
         2          0          0          0          0         68   use_no_semi.o
        46          0          0          0          0         60   cmpret.o
       856         20          0          0          0        208   daddsub.o
       144          4          0          0          0         76   dcmpin.o
      1096         26        128          0          0        112   ddiv.o
        88          0          0          0          0         92   dflti.o
       100          4          0          0          0         92   dlef.o
       584         26          0          0          0         84   dmul.o
        20          6          0          0          0         68   dnan2.o
       104          4          0          0          0        104   drlef.o
        16          4          0          0          0         76   printf1.o
        94          0          0          0          0         68   retnan.o
         0          0          0          0          0          0   usenofp.o
        44          4          0          0          0         60   fpclassify.o

    ----------------------------------------------------------------------
      7896        226        304          0        100       3384   Library Totals
        18          0          0          0          4          0   (incl. Padding)

    ----------------------------------------------------------------------

      Code (inc. data)   RO Data    RW Data    ZI Data      Debug   Library Name

      4686        128        176          0         96       2284   c_p.l
      3148         94        128          0          0       1040   fz_ps.l
        44          4          0          0          0         60   m_ps.l

    ----------------------------------------------------------------------
      7896        226        304          0        100       3384   Library Totals

    ----------------------------------------------------------------------

==============================================================================


      Code (inc. data)   RO Data    RW Data    ZI Data      Debug   

     20628       1286        564       1712       1296     304324   Grand Totals
     20628       1286        564       1712       1296     304324   ELF Image Totals
     20628       1286        564       1712          0          0   ROM Totals

==============================================================================

    Total RO  Size (Code + RO Data)                21192 (  20.70kB)
    Total RW  Size (RW Data + ZI Data)              3008 (   2.94kB)
    Total ROM Size (Code + RO Data + RW Data)      22904 (  22.37kB)

==============================================================================

