Component: ARM Compiler 5.06 update 6 (build 750) Tool: armlink [4d35ed]

==============================================================================

Small function inlining results

Inlined function __aeabi_idiv0 from aeabi_idiv0.o at offset 0x154 in aeabi_sdiv.o(.text).
Inlined Instruction: BX       lr
Inlined function __aeabi_idiv0 from aeabi_idiv0.o at offset 0x154 in aeabi_sdiv_div0.o(.text).
Inlined Instruction: BX       lr
Inlined function __ieee_status from ieee_status.o at offset 0x1c in _printf_fp_dec.o(.text).
Inlined Instruction: MOVS     r0,#0
Inlined function _platform_pre_stackheap_init from boardinit1.o at offset 0x0 in __rtentry2.o(.ARM.Collect$$rtentry$$00000001).
Inlined Instruction: BX       lr
Inlined function __ieee_status from ieee_status.o at offset 0x1fc in btod.o(.text).
Inlined Instruction: MOVS     r0,#0
Inlined function __ieee_status from ieee_status.o at offset 0x210 in btod.o(.text).
Inlined Instruction: MOVS     r0,#0
Inlined function __ieee_status from ieee_status.o at offset 0x400 in btod.o(.text).
Inlined Instruction: MOVS     r0,#0
Inlined function __ieee_status from ieee_status.o at offset 0x412 in btod.o(.text).
Inlined Instruction: MOVS     r0,#0
Inlined function __ieee_status from ieee_status.o at offset 0x4aa in btod.o(.text).
Inlined Instruction: MOVS     r0,#0
Inlined function __ieee_status from ieee_status.o at offset 0x4b6 in btod.o(.text).
Inlined Instruction: MOVS     r0,#0
Inlined function __ieee_status from ieee_status.o at offset 0x554 in btod.o(.text).
Inlined Instruction: MOVS     r0,#0
Inlined function __ieee_status from ieee_status.o at offset 0x560 in btod.o(.text).
Inlined Instruction: MOVS     r0,#0
Inlined function _fp_init from fpinit.o at offset 0x0 in libinit2.o(.ARM.Collect$$libinit$$00000001).
Inlined Instruction: BX       lr
Inlined function __ARM_get_argv from no_argv.o at offset 0x2 in argv_veneer.o(.text).
Inlined Instruction: BX       lr
Inlined function _platform_pre_lib_shutdown from boardshut.o at offset 0x0 in rtexit2.o(.ARM.Collect$$rtexit$$00000001).
Inlined Instruction: BX       lr
Inlined total of 15 calls.

==============================================================================

Memory Map of the image

  Image Entry point : 0x0000018d

  Load Region LR_1 (Base: 0x00000000, Size: 0x000055b4, Max: 0xffffffff, ABSOLUTE)

    Execution Region ER_RO (Exec base: 0x00000000, Load base: 0x00000000, Size: 0x00004ee8, Max: 0xffffffff, ABSOLUTE)

    Exec Addr    Load Addr    Size         Type   Attr      Idx    E Section Name        Object

    0x00000000   0x00000000   0x000000c0   Data   RO           55    RESET               startup_nuc1xx.o
    0x000000c0   0x000000c0   0x00000008   Code   RO         1704  * !!!main             c_p.l(__main.o)
    0x000000c8   0x000000c8   0x0000003c   Code   RO         1932    !!!scatter          c_p.l(__scatter.o)
    0x00000104   0x00000104   0x0000001a   Code   RO         1934    !!handler_copy      c_p.l(__scatter_copy.o)
    0x0000011e   0x0000011e   0x00000002   PAD
    0x00000120   0x00000120   0x0000001c   Code   RO         1936    !!handler_zi        c_p.l(__scatter_zi.o)
    0x0000013c   0x0000013c   0x00000002   Code   RO         1695    .ARM.Collect$$_printf_percent$$00000000  c_p.l(_printf_percent.o)
    0x0000013e   0x0000013e   0x0000000a   Code   RO         1694    .ARM.Collect$$_printf_percent$$00000003  c_p.l(_printf_f.o)
    0x00000148   0x00000148   0x0000000a   Code   RO         1693    .ARM.Collect$$_printf_percent$$00000009  c_p.l(_printf_d.o)
    0x00000152   0x00000152   0x00000004   Code   RO         1739    .ARM.Collect$$_printf_percent$$00000017  c_p.l(_printf_percent_end.o)
    0x00000156   0x00000156   0x00000002   Code   RO         1804    .ARM.Collect$$libinit$$00000000  c_p.l(libinit.o)
    0x00000158   0x00000158   0x00000000   Code   RO         1806    .ARM.Collect$$libinit$$00000002  c_p.l(libinit2.o)
    0x00000158   0x00000158   0x00000000   Code   RO         1808    .ARM.Collect$$libinit$$00000004  c_p.l(libinit2.o)
    0x00000158   0x00000158   0x00000000   Code   RO         1811    .ARM.Collect$$libinit$$0000000A  c_p.l(libinit2.o)
    0x00000158   0x00000158   0x00000000   Code   RO         1813    .ARM.Collect$$libinit$$0000000C  c_p.l(libinit2.o)
    0x00000158   0x00000158   0x00000000   Code   RO         1815    .ARM.Collect$$libinit$$0000000E  c_p.l(libinit2.o)
    0x00000158   0x00000158   0x00000006   Code   RO         1816    .ARM.Collect$$libinit$$0000000F  c_p.l(libinit2.o)
    0x0000015e   0x0000015e   0x00000000   Code   RO         1818    .ARM.Collect$$libinit$$00000011  c_p.l(libinit2.o)
    0x0000015e   0x0000015e   0x00000000   Code   RO         1820    .ARM.Collect$$libinit$$00000013  c_p.l(libinit2.o)
    0x0000015e   0x0000015e   0x00000000   Code   RO         1822    .ARM.Collect$$libinit$$00000015  c_p.l(libinit2.o)
    0x0000015e   0x0000015e   0x0000000a   Code   RO         1823    .ARM.Collect$$libinit$$00000016  c_p.l(libinit2.o)
    0x00000168   0x00000168   0x00000000   Code   RO         1824    .ARM.Collect$$libinit$$00000017  c_p.l(libinit2.o)
    0x00000168   0x00000168   0x00000000   Code   RO         1826    .ARM.Collect$$libinit$$00000019  c_p.l(libinit2.o)
    0x00000168   0x00000168   0x00000000   Code   RO         1828    .ARM.Collect$$libinit$$0000001B  c_p.l(libinit2.o)
    0x00000168   0x00000168   0x00000000   Code   RO         1830    .ARM.Collect$$libinit$$0000001D  c_p.l(libinit2.o)
    0x00000168   0x00000168   0x00000000   Code   RO         1832    .ARM.Collect$$libinit$$0000001F  c_p.l(libinit2.o)
    0x00000168   0x00000168   0x00000000   Code   RO         1834    .ARM.Collect$$libinit$$00000021  c_p.l(libinit2.o)
    0x00000168   0x00000168   0x00000000   Code   RO         1836    .ARM.Collect$$libinit$$00000023  c_p.l(libinit2.o)
    0x00000168   0x00000168   0x00000000   Code   RO         1838    .ARM.Collect$$libinit$$00000025  c_p.l(libinit2.o)
    0x00000168   0x00000168   0x00000000   Code   RO         1842    .ARM.Collect$$libinit$$0000002C  c_p.l(libinit2.o)
    0x00000168   0x00000168   0x00000000   Code   RO         1844    .ARM.Collect$$libinit$$0000002E  c_p.l(libinit2.o)
    0x00000168   0x00000168   0x00000000   Code   RO         1846    .ARM.Collect$$libinit$$00000030  c_p.l(libinit2.o)
    0x00000168   0x00000168   0x00000000   Code   RO         1848    .ARM.Collect$$libinit$$00000032  c_p.l(libinit2.o)
    0x00000168   0x00000168   0x00000002   Code   RO         1849    .ARM.Collect$$libinit$$00000033  c_p.l(libinit2.o)
    0x0000016a   0x0000016a   0x00000002   Code   RO         1897    .ARM.Collect$$libshutdown$$00000000  c_p.l(libshutdown.o)
    0x0000016c   0x0000016c   0x00000000   Code   RO         1915    .ARM.Collect$$libshutdown$$00000002  c_p.l(libshutdown2.o)
    0x0000016c   0x0000016c   0x00000000   Code   RO         1917    .ARM.Collect$$libshutdown$$00000004  c_p.l(libshutdown2.o)
    0x0000016c   0x0000016c   0x00000000   Code   RO         1920    .ARM.Collect$$libshutdown$$00000007  c_p.l(libshutdown2.o)
    0x0000016c   0x0000016c   0x00000000   Code   RO         1923    .ARM.Collect$$libshutdown$$0000000A  c_p.l(libshutdown2.o)
    0x0000016c   0x0000016c   0x00000000   Code   RO         1925    .ARM.Collect$$libshutdown$$0000000C  c_p.l(libshutdown2.o)
    0x0000016c   0x0000016c   0x00000000   Code   RO         1928    .ARM.Collect$$libshutdown$$0000000F  c_p.l(libshutdown2.o)
    0x0000016c   0x0000016c   0x00000002   Code   RO         1929    .ARM.Collect$$libshutdown$$00000010  c_p.l(libshutdown2.o)
    0x0000016e   0x0000016e   0x00000000   Code   RO         1726    .ARM.Collect$$rtentry$$00000000  c_p.l(__rtentry.o)
    0x0000016e   0x0000016e   0x00000000   Code   RO         1744    .ARM.Collect$$rtentry$$00000002  c_p.l(__rtentry2.o)
    0x0000016e   0x0000016e   0x00000006   Code   RO         1756    .ARM.Collect$$rtentry$$00000004  c_p.l(__rtentry4.o)
    0x00000174   0x00000174   0x00000000   Code   RO         1746    .ARM.Collect$$rtentry$$00000009  c_p.l(__rtentry2.o)
    0x00000174   0x00000174   0x00000004   Code   RO         1747    .ARM.Collect$$rtentry$$0000000A  c_p.l(__rtentry2.o)
    0x00000178   0x00000178   0x00000000   Code   RO         1749    .ARM.Collect$$rtentry$$0000000C  c_p.l(__rtentry2.o)
    0x00000178   0x00000178   0x00000008   Code   RO         1750    .ARM.Collect$$rtentry$$0000000D  c_p.l(__rtentry2.o)
    0x00000180   0x00000180   0x00000002   Code   RO         1851    .ARM.Collect$$rtexit$$00000000  c_p.l(rtexit.o)
    0x00000182   0x00000182   0x00000000   Code   RO         1866    .ARM.Collect$$rtexit$$00000002  c_p.l(rtexit2.o)
    0x00000182   0x00000182   0x00000004   Code   RO         1867    .ARM.Collect$$rtexit$$00000003  c_p.l(rtexit2.o)
    0x00000186   0x00000186   0x00000006   Code   RO         1868    .ARM.Collect$$rtexit$$00000004  c_p.l(rtexit2.o)
    0x0000018c   0x0000018c   0x00000064   Code   RO           56  * .text               startup_nuc1xx.o
    0x000001f0   0x000001f0   0x00000028   Code   RO         1665    .text               c_p.l(noretval__2sprintf.o)
    0x00000218   0x00000218   0x0000004e   Code   RO         1669    .text               c_p.l(_printf_pad.o)
    0x00000266   0x00000266   0x00000002   PAD
    0x00000268   0x00000268   0x0000006c   Code   RO         1671    .text               c_p.l(_printf_dec.o)
    0x000002d4   0x000002d4   0x00000138   Code   RO         1685    .text               c_p.l(__printf_flags_wp.o)
    0x0000040c   0x0000040c   0x00000040   Code   RO         1696    .text               c_p.l(rt_memclr.o)
    0x0000044c   0x0000044c   0x0000015a   Code   RO         1698    .text               c_p.l(aeabi_sdiv.o)
    0x000005a6   0x000005a6   0x00000006   Code   RO         1702    .text               c_p.l(heapauxi.o)
    0x000005ac   0x000005ac   0x0000007c   Code   RO         1706    .text               fz_ps.l(d2f.o)
    0x00000628   0x00000628   0x00000058   Code   RO         1708    .text               fz_ps.l(dflti.o)
    0x00000680   0x00000680   0x00000248   Code   RO         1710    .text               fz_ps.l(dmul.o)
    0x000008c8   0x000008c8   0x00000054   Code   RO         1712    .text               fz_ps.l(f2d.o)
    0x0000091c   0x0000091c   0x0000004c   Code   RO         1720    .text               fz_ps.l(ffixi.o)
    0x00000968   0x00000968   0x0000005e   Code   RO         1722    .text               fz_ps.l(fflti.o)
    0x000009c6   0x000009c6   0x000000b0   Code   RO         1731    .text               c_p.l(_printf_intcommon.o)
    0x00000a76   0x00000a76   0x00000002   PAD
    0x00000a78   0x00000a78   0x00000418   Code   RO         1733    .text               c_p.l(_printf_fp_dec.o)
    0x00000e90   0x00000e90   0x00000030   Code   RO         1735    .text               c_p.l(_printf_char_common.o)
    0x00000ec0   0x00000ec0   0x0000000a   Code   RO         1737    .text               c_p.l(_sputc.o)
    0x00000eca   0x00000eca   0x00000028   Code   RO         1740    .text               c_p.l(rtudiv10.o)
    0x00000ef2   0x00000ef2   0x00000002   PAD
    0x00000ef4   0x00000ef4   0x00000008   Code   RO         1763    .text               c_p.l(rt_locale_intlibspace.o)
    0x00000efc   0x00000efc   0x0000007a   Code   RO         1765    .text               c_p.l(lludiv10.o)
    0x00000f76   0x00000f76   0x00000002   PAD
    0x00000f78   0x00000f78   0x00000088   Code   RO         1767    .text               c_p.l(_printf_fp_infnan.o)
    0x00001000   0x00001000   0x000000d8   Code   RO         1771    .text               c_p.l(bigflt0.o)
    0x000010d8   0x000010d8   0x00000580   Code   RO         1774    .text               c_p.l(btod.o)
    0x00001658   0x00001658   0x00000008   Code   RO         1785    .text               c_p.l(libspace.o)
    0x00001660   0x00001660   0x0000003e   Code   RO         1788    .text               c_p.l(sys_stackheap_outer.o)
    0x0000169e   0x0000169e   0x00000010   Code   RO         1791    .text               c_p.l(exit.o)
    0x000016ae   0x000016ae   0x00000002   PAD
    0x000016b0   0x000016b0   0x00000088   Code   RO         1797    .text               c_p.l(strcmp.o)
    0x00001738   0x00001738   0x0000000c   Code   RO         1863    .text               c_p.l(sys_exit.o)
    0x00001744   0x00001744   0x00000002   Code   RO         1884    .text               c_p.l(use_no_semi.o)
    0x00001746   0x00001746   0x00000000   Code   RO         1886    .text               c_p.l(indicate_semi.o)
    0x00001746   0x00001746   0x00000002   PAD
    0x00001748   0x00001748   0x0000009c   Code   RO          615    i.ADC_IRQHandler    drvadc.o
    0x000017e4   0x000017e4   0x00000028   Code   RO          312    i.BOD_IRQHandler    drvsys.o
    0x0000180c   0x0000180c   0x000000d4   Code   RO         1312    i.BaudRateCalculator  drvuart.o
    0x000018e0   0x000018e0   0x00000046   Code   RO         1018    i.CalTimerInitValue  drvtimer.o
    0x00001926   0x00001926   0x00000002   PAD
    0x00001928   0x00001928   0x0000002c   Code   RO           61    i.DrvGPIO_ClrBit    drvgpio.o
    0x00001954   0x00001954   0x00000098   Code   RO           71    i.DrvGPIO_EnableEINT0  drvgpio.o
    0x000019ec   0x000019ec   0x0000002c   Code   RO           74    i.DrvGPIO_GetBit    drvgpio.o
    0x00001a18   0x00001a18   0x00000758   Code   RO           83    i.DrvGPIO_InitFunction  drvgpio.o
    0x00002170   0x00002170   0x00000088   Code   RO           84    i.DrvGPIO_Open      drvgpio.o
    0x000021f8   0x000021f8   0x0000002c   Code   RO           85    i.DrvGPIO_SetBit    drvgpio.o
    0x00002224   0x00002224   0x00000260   Code   RO          860    i.DrvPWM_Enable     drvpwm.o
    0x00002484   0x00002484   0x00000038   Code   RO          870    i.DrvPWM_Open       drvpwm.o
    0x000024bc   0x000024bc   0x00000084   Code   RO          872    i.DrvPWM_SelectClockSource  drvpwm.o
    0x00002540   0x00002540   0x00000818   Code   RO          873    i.DrvPWM_SetTimerClk  drvpwm.o
    0x00002d58   0x00002d58   0x000000d4   Code   RO          875    i.DrvPWM_SetTimerIO  drvpwm.o
    0x00002e2c   0x00002e2c   0x00000008   Code   RO          330    i.DrvSYS_GetExtClockFreq  drvsys.o
    0x00002e34   0x00002e34   0x00000070   Code   RO          331    i.DrvSYS_GetHCLKFreq  drvsys.o
    0x00002ea4   0x00002ea4   0x00000078   Code   RO          332    i.DrvSYS_GetPLLClockFreq  drvsys.o
    0x00002f1c   0x00002f1c   0x00000160   Code   RO          345    i.DrvSYS_SelectIPClockSource  drvsys.o
    0x0000307c   0x0000307c   0x00000064   Code   RO         1020    i.DrvTIMER_ClearIntFlag  drvtimer.o
    0x000030e0   0x000030e0   0x0000005c   Code   RO         1034    i.DrvTIMER_EnableInt  drvtimer.o
    0x0000313c   0x0000313c   0x00000024   Code   RO         1041    i.DrvTIMER_Init     drvtimer.o
    0x00003160   0x00003160   0x000002f4   Code   RO         1042    i.DrvTIMER_Open     drvtimer.o
    0x00003454   0x00003454   0x00000258   Code   RO         1049    i.DrvTIMER_SetTimerEvent  drvtimer.o
    0x000036ac   0x000036ac   0x00000044   Code   RO         1050    i.DrvTIMER_Start    drvtimer.o
    0x000036f0   0x000036f0   0x00000268   Code   RO         1322    i.DrvUART_Open      drvuart.o
    0x00003958   0x00003958   0x00000040   Code   RO         1328    i.DrvUART_Write     drvuart.o
    0x00003998   0x00003998   0x00000010   Code   RO         1454    i.EINT0_Callback    blink_2.o
    0x000039a8   0x000039a8   0x00000024   Code   RO           91    i.EINT0_IRQHandler  drvgpio.o
    0x000039cc   0x000039cc   0x00000024   Code   RO           92    i.EINT1_IRQHandler  drvgpio.o
    0x000039f0   0x000039f0   0x00000044   Code   RO           93    i.GPAB_IRQHandler   drvgpio.o
    0x00003a34   0x00003a34   0x0000004c   Code   RO           94    i.GPCDE_IRQHandler  drvgpio.o
    0x00003a80   0x00003a80   0x00000080   Code   RO         1056    i.GetTimerClock     drvtimer.o
    0x00003b00   0x00003b00   0x00000048   Code   RO         1329    i.GetUartClk        drvuart.o
    0x00003b48   0x00003b48   0x00000218   Code   RO         1600    i.Initial_panel     lcd_driver.o
    0x00003d60   0x00003d60   0x00000014   Code   RO           96    i.NVIC_EnableIRQ    drvgpio.o
    0x00003d74   0x00003d74   0x00000014   Code   RO         1058    i.NVIC_EnableIRQ    drvtimer.o
    0x00003d88   0x00003d88   0x00000078   Code   RO           97    i.NVIC_SetPriority  drvgpio.o
    0x00003e00   0x00003e00   0x00000078   Code   RO         1059    i.NVIC_SetPriority  drvtimer.o
    0x00003e78   0x00003e78   0x0000001a   Code   RO         1542    i.OpenKeyPad        scankey.o
    0x00003e92   0x00003e92   0x00000002   PAD
    0x00003e94   0x00003e94   0x0000017c   Code   RO          879    i.PWMA_IRQHandler   drvpwm.o
    0x00004010   0x00004010   0x0000017c   Code   RO          880    i.PWMB_IRQHandler   drvpwm.o
    0x0000418c   0x0000418c   0x00000028   Code   RO          360    i.PWRWU_IRQHandler  drvsys.o
    0x000041b4   0x000041b4   0x00000084   Code   RO         1543    i.Scankey           scankey.o
    0x00004238   0x00004238   0x000000f4   Code   RO         1601    i.SetPACA           lcd_driver.o
    0x0000432c   0x0000432c   0x00000078   Code   RO         1602    i.Show_Word         lcd_driver.o
    0x000043a4   0x000043a4   0x00000002   Code   RO           18    i.SystemInit        system_nuc1xx.o
    0x000043a6   0x000043a6   0x00000002   PAD
    0x000043a8   0x000043a8   0x00000074   Code   RO         1455    i.TMR0_Callback     blink_2.o
    0x0000441c   0x0000441c   0x0000009c   Code   RO         1060    i.TMR0_IRQHandler   drvtimer.o
    0x000044b8   0x000044b8   0x00000014   Code   RO         1456    i.TMR1_Callback     blink_2.o
    0x000044cc   0x000044cc   0x0000009c   Code   RO         1061    i.TMR1_IRQHandler   drvtimer.o
    0x00004568   0x00004568   0x0000009c   Code   RO         1062    i.TMR2_IRQHandler   drvtimer.o
    0x00004604   0x00004604   0x0000009c   Code   RO         1063    i.TMR3_IRQHandler   drvtimer.o
    0x000046a0   0x000046a0   0x0000003c   Code   RO         1332    i.UART02_IRQHandler  drvuart.o
    0x000046dc   0x000046dc   0x00000020   Code   RO         1333    i.UART1_IRQHandler  drvuart.o
    0x000046fc   0x000046fc   0x00000034   Code   RO         1064    i.WDT_IRQHandler    drvtimer.o
    0x00004730   0x00004730   0x00000058   Code   RO         1604    i.WriteData         lcd_driver.o
    0x00004788   0x00004788   0x00000030   Code   RO         1776    i.__ARM_common_ll_muluu  c_p.l(btod.o)
    0x000047b8   0x000047b8   0x0000001c   Code   RO          290    i.__ARM_common_switch8  drvgpio.o
    0x000047d4   0x000047d4   0x0000002c   Code   RO         1783    i.__ARM_fpclassify  m_ps.l(fpclassify.o)
    0x00004800   0x00004800   0x0000000e   Code   RO         1683    i._is_digit         c_p.l(__printf_wp.o)
    0x0000480e   0x0000480e   0x00000002   PAD
    0x00004810   0x00004810   0x000000bc   Code   RO         1457    i.adjustDutyCycle   blink_2.o
    0x000048cc   0x000048cc   0x00000028   Code   RO         1605    i.clr_all_panel     lcd_driver.o
    0x000048f4   0x000048f4   0x00000010   Code   RO         1544    i.delay             scankey.o
    0x00004904   0x00004904   0x00000048   Code   RO         1458    i.heartbeat         blink_2.o
    0x0000494c   0x0000494c   0x00000200   Code   RO         1459    i.main              blink_2.o
    0x00004b4c   0x00004b4c   0x00000058   Code   RO         1460    i.printToTerminal   blink_2.o
    0x00004ba4   0x00004ba4   0x00000028   Code   RO         1606    i.print_lcd         lcd_driver.o
    0x00004bcc   0x00004bcc   0x00000078   Code   RO         1461    i.redLEDs           blink_2.o
    0x00004c44   0x00004c44   0x0000002c   Code   RO         1779    locale$$code        c_p.l(lc_numeric_c.o)
    0x00004c70   0x00004c70   0x0000008c   Code   RO         1714    x$fpl$fadd          fz_ps.l(faddsub.o)
    0x00004cfc   0x00004cfc   0x000000d0   Code   RO         1716    x$fpl$fsub          fz_ps.l(faddsub.o)
    0x00004dcc   0x00004dcc   0x00000010   Code   RO         1724    x$fpl$printf1       fz_ps.l(printf1.o)
    0x00004ddc   0x00004ddc   0x00000000   Code   RO         1742    x$fpl$usenofp       fz_ps.l(usenofp.o)
    0x00004ddc   0x00004ddc   0x00000010   Data   RO          361    .constdata          drvsys.o
    0x00004dec   0x00004dec   0x00000010   Data   RO         1066    .constdata          drvtimer.o
    0x00004dfc   0x00004dfc   0x00000004   Data   RO         1463    .constdata          blink_2.o
    0x00004e00   0x00004e00   0x00000004   Data   RO         1545    .constdata          scankey.o
    0x00004e04   0x00004e04   0x00000011   Data   RO         1686    .constdata          c_p.l(__printf_flags_wp.o)
    0x00004e15   0x00004e15   0x00000003   PAD
    0x00004e18   0x00004e18   0x00000094   Data   RO         1772    .constdata          c_p.l(bigflt0.o)
    0x00004eac   0x00004eac   0x00000020   Data   RO         1930    Region$$Table       anon$$obj.o
    0x00004ecc   0x00004ecc   0x0000001c   Data   RO         1778    locale$$data        c_p.l(lc_numeric_c.o)


    Execution Region ER_RW (Exec base: 0x20000000, Load base: 0x00004ee8, Size: 0x000006cc, Max: 0xffffffff, ABSOLUTE)

    Exec Addr    Load Addr    Size         Type   Attr      Idx    E Section Name        Object

    0x20000000   0x00004ee8   0x0000001c   Data   RW           19    .data               system_nuc1xx.o
    0x2000001c   0x00004f04   0x00000010   Data   RW           98    .data               drvgpio.o
    0x2000002c   0x00004f14   0x00000008   Data   RW          362    .data               drvsys.o
    0x20000034   0x00004f1c   0x0000000c   Data   RW          653    .data               drvadc.o
    0x20000040   0x00004f28   0x00000004   Data   RW          882    .data               drvpwm.o
    0x20000044   0x00004f2c   0x00000068   Data   RW         1067    .data               drvtimer.o
    0x200000ac   0x00004f94   0x0000000c   Data   RW         1334    .data               drvuart.o
    0x200000b8   0x00004fa0   0x00000014   Data   RW         1464    .data               blink_2.o
    0x200000cc   0x00004fb4   0x000005f0   Data   RW         1534    .data               ascii_table.o
    0x200006bc   0x000055a4   0x00000010   Data   RW         1607    .data               lcd_driver.o


    Execution Region ER_ZI (Exec base: 0x200006cc, Load base: 0x000055b4, Size: 0x0000050c, Max: 0xffffffff, ABSOLUTE)

    Exec Addr    Load Addr    Size         Type   Attr      Idx    E Section Name        Object

    0x200006cc        -       0x0000000c   Zero   RW          652    .bss                drvadc.o
    0x200006d8        -       0x00000040   Zero   RW          881    .bss                drvpwm.o
    0x20000718        -       0x00000050   Zero   RW         1065    .bss                drvtimer.o
    0x20000768        -       0x00000010   Zero   RW         1462    .bss                blink_2.o
    0x20000778        -       0x00000060   Zero   RW         1786    .bss                c_p.l(libspace.o)
    0x200007d8        -       0x00000000   Zero   RW           54    HEAP                startup_nuc1xx.o
    0x200007d8        -       0x00000400   Zero   RW           53    STACK               startup_nuc1xx.o


==============================================================================

Image component sizes


      Code (inc. data)   RO Data    RW Data    ZI Data      Debug   Object Name

         0          0          0       1520          0        412   ascii_table.o
      1132        192          4         20         16       6256   blink_2.o
         0          0          0          0          0       4540   core_cm0.o
       156         20          0         12         12     127585   drvadc.o
      2684        182          0         16          0     137706   drvgpio.o
      3840        258          0          4         64       8490   drvpwm.o
       672         76         16          8          0       6008   drvsys.o
      2666        290         16        104         80      12808   drvtimer.o
      1056         60          0         12          0       7654   drvuart.o
      1068         24          0         16          0       4197   lcd_driver.o
       174          6          4          0          0       1599   scankey.o
       100         46        192          0       1024        636   startup_nuc1xx.o
         2          0          0         28          0       1042   system_nuc1xx.o

    ----------------------------------------------------------------------
     13556       1154        264       1740       1196     318933   Object Totals
         0          0         32          0          0          0   (incl. Generated)
         6          0          0          0          0          0   (incl. Padding)

    ----------------------------------------------------------------------

      Code (inc. data)   RO Data    RW Data    ZI Data      Debug   Library Member Name

         8          0          0          0          0         68   __main.o
       312          6         17          0          0         76   __printf_flags_wp.o
        14          0          0          0          0         60   __printf_wp.o
         0          0          0          0          0          0   __rtentry.o
        12          0          0          0          0          0   __rtentry2.o
         6          0          0          0          0          0   __rtentry4.o
        60          8          0          0          0          0   __scatter.o
        26          0          0          0          0          0   __scatter_copy.o
        28          0          0          0          0          0   __scatter_zi.o
        48          6          0          0          0         88   _printf_char_common.o
        10          0          0          0          0          0   _printf_d.o
       108         18          0          0          0         76   _printf_dec.o
        10          0          0          0          0          0   _printf_f.o
      1048         14          0          0          0        176   _printf_fp_dec.o
       136         16          0          0          0         76   _printf_fp_infnan.o
       176          0          0          0          0         84   _printf_intcommon.o
        78          0          0          0          0        100   _printf_pad.o
         2          0          0          0          0          0   _printf_percent.o
         4          0          0          0          0          0   _printf_percent_end.o
        10          0          0          0          0         60   _sputc.o
       346          0          0          0          0         92   aeabi_sdiv.o
       216          6        148          0          0         80   bigflt0.o
      1456         30          0          0          0        336   btod.o
        16          0          0          0          0         68   exit.o
         6          0          0          0          0        136   heapauxi.o
         0          0          0          0          0          0   indicate_semi.o
        44         10         28          0          0         76   lc_numeric_c.o
         2          0          0          0          0          0   libinit.o
        18          0          0          0          0          0   libinit2.o
         2          0          0          0          0          0   libshutdown.o
         2          0          0          0          0          0   libshutdown2.o
         8          4          0          0         96         68   libspace.o
       122          0          0          0          0         72   lludiv10.o
        40          4          0          0          0         84   noretval__2sprintf.o
         8          4          0          0          0         68   rt_locale_intlibspace.o
        64          0          0          0          0        108   rt_memclr.o
         2          0          0          0          0          0   rtexit.o
        10          0          0          0          0          0   rtexit2.o
        40          0          0          0          0         60   rtudiv10.o
       136          4          0          0          0         72   strcmp.o
        12          4          0          0          0         60   sys_exit.o
        62          0          0          0          0         80   sys_stackheap_outer.o
         2          0          0          0          0         68   use_no_semi.o
       124          4          0          0          0         72   d2f.o
        88          0          0          0          0         92   dflti.o
       584         26          0          0          0         84   dmul.o
        84          4          0          0          0         60   f2d.o
       348          8          0          0          0        160   faddsub.o
        76          0          0          0          0         68   ffixi.o
        94          0          0          0          0         92   fflti.o
        16          4          0          0          0         76   printf1.o
         0          0          0          0          0          0   usenofp.o
        44          4          0          0          0         60   fpclassify.o

    ----------------------------------------------------------------------
      6184        184        196          0         96       3156   Library Totals
        16          0          3          0          0          0   (incl. Padding)

    ----------------------------------------------------------------------

      Code (inc. data)   RO Data    RW Data    ZI Data      Debug   Library Name

      4710        134        193          0         96       2392   c_p.l
      1414         46          0          0          0        704   fz_ps.l
        44          4          0          0          0         60   m_ps.l

    ----------------------------------------------------------------------
      6184        184        196          0         96       3156   Library Totals

    ----------------------------------------------------------------------

==============================================================================


      Code (inc. data)   RO Data    RW Data    ZI Data      Debug   

     19740       1338        460       1740       1292     317857   Grand Totals
     19740       1338        460       1740       1292     317857   ELF Image Totals
     19740       1338        460       1740          0          0   ROM Totals

==============================================================================

    Total RO  Size (Code + RO Data)                20200 (  19.73kB)
    Total RW  Size (RW Data + ZI Data)              3032 (   2.96kB)
    Total ROM Size (Code + RO Data + RW Data)      21940 (  21.43kB)

==============================================================================

