<html>
<body>
<pre>
<h1>µVision Build Log</h1>
<h2>Tool Versions:</h2>
IDE-Version: µVision V5.20.0.0
Copyright (C) 2016 ARM Ltd and ARM Germany GmbH. All rights reserved.
License Information: Mark Wickert, UCCS, LIC=----
 
Tool Versions:
Toolchain:       MDK-Lite  Version: 5.20
Toolchain Path:  C:\Keil_v5\ARM\ARMCC\Bin
C Compiler:      Armcc.exe V5.06 update 2 (build 183)
Assembler:       Armasm.exe V5.06 update 2 (build 183)
Linker/Locator:  ArmLink.exe V5.06 update 2 (build 183)
Library Manager: ArmAr.exe V5.06 update 2 (build 183)
Hex Converter:   FromElf.exe V5.06 update 2 (build 183)
CPU DLL:         SARMCM3.DLL V5.20
Dialog DLL:      DCM.DLL V1.13.7.0
Target DLL:      CMSIS_AGDI.dll V1.25.20.0
Dialog DLL:      TCM.DLL V1.14.9.0
 
<h2>Project:</h2>
Z:\Desktop\College\MCS Lab\InputOutput_MSP432\InputOutput_MSP432\InputOutput.uvprojx
Project File Date:  10/05/2016

<h2>Output:</h2>
*** Using Compiler 'V5.06 update 2 (build 183)', folder: 'C:\Keil_v5\ARM\ARMCC\Bin'
Build target 'Target 1'
compiling InputOutput.c...
linking...
Program Size: Code=824 RO-data=340 RW-data=0 ZI-data=608  
".\Objects\InputOutput.axf" - 0 Error(s), 0 Warning(s).

<h2>Software Packages used:</h2>

Package Vendor: ARM
                http://www.keil.com/pack/ARM.CMSIS.5.0.0-Beta4.pack
                ARM::CMSIS:CORE:5.0.0
                CMSIS (Cortex Microcontroller Software Interface Standard)
   * Component: CORE Version: 5.0.0

Package Vendor: TexasInstruments
                http://software-dl.ti.com/msp430/msp430_public_sw/mcu/msp430/mspkeil/latest/exports/TexasInstruments.MSP432P4xx_DFP.2.2.0.pack
                TexasInstruments::Device:Startup:2.2.0
                Device Family Pack for Texas Instruments MSP432 Series
   * Component: Startup Version: 2.2.0

<h2>Collection of Component include folders:</h2>
  Z:\Desktop\College\MCS Lab\InputOutput_MSP432\InputOutput_MSP432\RTE
  C:\Keil_v5\ARM\PACK\ARM\CMSIS\5.0.0-Beta4\CMSIS\Include
  C:\Keil_v5\ARM\PACK\TexasInstruments\MSP432P4xx_DFP\2.2.0\Device\Include

<h2>Collection of Component Files used:</h2>

   * Component: ARM::CMSIS:CORE:5.0.0

   * Component: TexasInstruments::Device:Startup:2.2.0
      Source file:   Device\Source\startup_msp432p401r_uvision.s
      Source file:   Device\Source\system_msp432p401r.c
      Source file:   Examples\BlinkLED\blinkLED.c
      Source file:   Examples\EmptyMain\main.c
Build Time Elapsed:  00:00:01
</pre>
</body>
</html>
