<html>
<body>
<pre>
<h1>µVision Build Log</h1>
<h2>Tool Versions:</h2>
IDE-Version: µVision V5.25.2.0
Copyright (C) 2018 ARM Ltd and ARM Germany GmbH. All rights reserved.
License Information: EAS Student, UCCS, LIC=----
 
Tool Versions:
Toolchain:       MDK-Lite  Version: 5.25.2.0
Toolchain Path:  C:\Keil_v5\ARM\ARMCC\Bin
C Compiler:      Armcc.exe V5.06 update 6 (build 750)
Assembler:       Armasm.exe V5.06 update 6 (build 750)
Linker/Locator:  ArmLink.exe V5.06 update 6 (build 750)
Library Manager: ArmAr.exe V5.06 update 6 (build 750)
Hex Converter:   FromElf.exe V5.06 update 6 (build 750)
CPU DLL:         SARMCM3.DLL V5.25.2.0
Dialog DLL:      DARMCM1.DLL V1.19.1.0
Target DLL:      NULink\Nu_Link.dll V2.04
Dialog DLL:      TARMCM1.DLL V1.14.0.0
 
<h2>Project:</h2>
Z:\Desktop\College\Embedded Systems\Labs_6&7\labs_6&7.uvproj
Project File Date:  11/18/2019

<h2>Output:</h2>
*** Using Compiler 'V5.06 update 6 (build 750)', folder: 'C:\Keil_v5\ARM\ARMCC\Bin'
Build target 'Blink_LED_7Seg'
creating preprocessor file for core_cm0.c...
creating preprocessor file for system_NUC1xx.c...
creating preprocessor file for DrvGPIO.c...
creating preprocessor file for DrvSYS.c...
creating preprocessor file for DrvADC.c...
creating preprocessor file for DrvPWM.c...
creating preprocessor file for DrvTIMER.c...
creating preprocessor file for DrvUART.c...
creating preprocessor file for Blink_2.c...
creating preprocessor file for Ascii_Table.C...
creating preprocessor file for ScanKey.c...
compiling Blink_2.c...
Blink_2.c(120): warning:  #167-D: argument of type "char *" is incompatible with parameter of type "uint8_t *"
  	DrvUART_Write(UART_PORT0, text, 64);
Blink_2.c: 1 warning, 0 errors
creating preprocessor file for Seven_Segment.c...
creating preprocessor file for LCD_Driver.c...
linking...
Program Size: Code=19740 RO-data=460 RW-data=1740 ZI-data=1292  
After Build - User command #1: fromelf --bin ".\Objects\labs_6&7.axf" --output ".\Objects\labs_6&7.bin"
After Build - User command #2: fromelf --text -c ".\Objects\labs_6&7.axf" --output ".\Objects\labs_6&7.txt"
".\Objects\labs_6&7.axf" - 0 Error(s), 1 Warning(s).
Build Time Elapsed:  00:00:03
</pre>
</body>
</html>
